Component: Arm Compiler for Embedded 6.19 Tool: armlink [5e73cb00]

==============================================================================

Section Cross References

    startup_stm32f030x6.o(RESET) refers to startup_stm32f030x6.o(STACK) for __initial_sp
    startup_stm32f030x6.o(RESET) refers to startup_stm32f030x6.o(.text) for Reset_Handler
    startup_stm32f030x6.o(RESET) refers to lto-llvm-7bf76f.o(.text.NMI_Handler) for NMI_Handler
    startup_stm32f030x6.o(RESET) refers to lto-llvm-7bf76f.o(.text.HardFault_Handler) for HardFault_Handler
    startup_stm32f030x6.o(RESET) refers to lto-llvm-7bf76f.o(.text.SVC_Handler) for SVC_Handler
    startup_stm32f030x6.o(RESET) refers to lto-llvm-7bf76f.o(.text.PendSV_Handler) for PendSV_Handler
    startup_stm32f030x6.o(RESET) refers to lto-llvm-7bf76f.o(.text.SysTick_Handler) for SysTick_Handler
    startup_stm32f030x6.o(RESET) refers to lto-llvm-7bf76f.o(.text.TIM14_IRQHandler) for TIM14_IRQHandler
    startup_stm32f030x6.o(RESET) refers to lto-llvm-7bf76f.o(.text.USART1_IRQHandler) for USART1_IRQHandler
    startup_stm32f030x6.o(.text) refers to lto-llvm-7bf76f.o(.text.SystemInit) for SystemInit
    startup_stm32f030x6.o(.text) refers to entry.o(.ARM.Collect$$$$00000000) for __main
    entry.o(.ARM.Collect$$$$00000000) refers (Special) to entry10a.o(.ARM.Collect$$$$0000000D) for __rt_final_cpp
    entry.o(.ARM.Collect$$$$00000000) refers (Special) to entry11a.o(.ARM.Collect$$$$0000000F) for __rt_final_exit
    entry.o(.ARM.Collect$$$$00000000) refers (Special) to entry7b.o(.ARM.Collect$$$$00000008) for _main_clock
    entry.o(.ARM.Collect$$$$00000000) refers (Special) to entry8b.o(.ARM.Collect$$$$0000000A) for _main_cpp_init
    entry.o(.ARM.Collect$$$$00000000) refers (Special) to entry9a.o(.ARM.Collect$$$$0000000B) for _main_init
    entry.o(.ARM.Collect$$$$00000000) refers (Special) to entry5.o(.ARM.Collect$$$$00000004) for _main_scatterload
    entry.o(.ARM.Collect$$$$00000000) refers (Special) to entry2.o(.ARM.Collect$$$$00000001) for _main_stk
    puts.o(i.puts) refers to fputc.o(i.fputc) for fputc
    puts.o(i.puts) refers to stdout.o(.data) for __stdout
    putchar.o(i.putchar) refers to fputc.o(i.fputc) for fputc
    putchar.o(i.putchar) refers to stdout.o(.data) for __stdout
    puts_e.o(.text) refers to fputc.o(i.fputc) for fputc
    puts_e.o(.text) refers to stdout.o(.data) for __stdout
    printfb.o(i.__0fprintf$bare) refers to printfb.o(i._printf_core) for _printf_core
    printfb.o(i.__0fprintf$bare) refers to fputc.o(i.fputc) for fputc
    printfb.o(i.__0printf$bare) refers to printfb.o(i._printf_core) for _printf_core
    printfb.o(i.__0printf$bare) refers to fputc.o(i.fputc) for fputc
    printfb.o(i.__0printf$bare) refers to stdout.o(.data) for __stdout
    printfb.o(i.__0snprintf$bare) refers to printfb.o(i._printf_core) for _printf_core
    printfb.o(i.__0snprintf$bare) refers to printfb.o(i._snputc) for _snputc
    printfb.o(i.__0sprintf$bare) refers to printfb.o(i._printf_core) for _printf_core
    printfb.o(i.__0sprintf$bare) refers to printfb.o(i._sputc) for _sputc
    printfb.o(i.__0vfprintf$bare) refers to printfb.o(i._printf_core) for _printf_core
    printfb.o(i.__0vfprintf$bare) refers to fputc.o(i.fputc) for fputc
    printfb.o(i.__0vprintf$bare) refers to printfb.o(i._printf_core) for _printf_core
    printfb.o(i.__0vprintf$bare) refers to fputc.o(i.fputc) for fputc
    printfb.o(i.__0vprintf$bare) refers to stdout.o(.data) for __stdout
    printfb.o(i.__0vsnprintf$bare) refers to printfb.o(i._printf_core) for _printf_core
    printfb.o(i.__0vsnprintf$bare) refers to printfb.o(i._snputc) for _snputc
    printfb.o(i.__0vsprintf$bare) refers to printfb.o(i._printf_core) for _printf_core
    printfb.o(i.__0vsprintf$bare) refers to printfb.o(i._sputc) for _sputc
    printf0.o(i.__0fprintf$0) refers to printf0.o(i._printf_core) for _printf_core
    printf0.o(i.__0fprintf$0) refers to fputc.o(i.fputc) for fputc
    printf0.o(i.__0printf$0) refers to printf0.o(i._printf_core) for _printf_core
    printf0.o(i.__0printf$0) refers to fputc.o(i.fputc) for fputc
    printf0.o(i.__0printf$0) refers to stdout.o(.data) for __stdout
    printf0.o(i.__0snprintf$0) refers to printf0.o(i._printf_core) for _printf_core
    printf0.o(i.__0snprintf$0) refers to printf0.o(i._snputc) for _snputc
    printf0.o(i.__0sprintf$0) refers to printf0.o(i._printf_core) for _printf_core
    printf0.o(i.__0sprintf$0) refers to printf0.o(i._sputc) for _sputc
    printf0.o(i.__0vfprintf$0) refers to printf0.o(i._printf_core) for _printf_core
    printf0.o(i.__0vfprintf$0) refers to fputc.o(i.fputc) for fputc
    printf0.o(i.__0vprintf$0) refers to printf0.o(i._printf_core) for _printf_core
    printf0.o(i.__0vprintf$0) refers to fputc.o(i.fputc) for fputc
    printf0.o(i.__0vprintf$0) refers to stdout.o(.data) for __stdout
    printf0.o(i.__0vsnprintf$0) refers to printf0.o(i._printf_core) for _printf_core
[...]
    printf5.o(i.__0vsnprintf$5) refers to printf5.o(i._snputc) for _snputc
    printf5.o(i.__0vsprintf$5) refers to printf5.o(i._printf_core) for _printf_core
    printf5.o(i.__0vsprintf$5) refers to printf5.o(i._sputc) for _sputc
    printf5.o(i._printf_core) refers to uldiv.o(.text) for __aeabi_uldivmod
    printf6.o(i.__0fprintf$6) refers to printf6.o(i._printf_core) for _printf_core
    printf6.o(i.__0fprintf$6) refers to fputc.o(i.fputc) for fputc
    printf6.o(i.__0printf$6) refers to printf6.o(i._printf_core) for _printf_core
    printf6.o(i.__0printf$6) refers to fputc.o(i.fputc) for fputc
    printf6.o(i.__0printf$6) refers to stdout.o(.data) for __stdout
    printf6.o(i.__0snprintf$6) refers to printf6.o(i._printf_core) for _printf_core
    printf6.o(i.__0snprintf$6) refers to printf6.o(i._snputc) for _snputc
    printf6.o(i.__0sprintf$6) refers to printf6.o(i._printf_core) for _printf_core
    printf6.o(i.__0sprintf$6) refers to printf6.o(i._sputc) for _sputc
    printf6.o(i.__0vfprintf$6) refers to printf6.o(i._printf_core) for _printf_core
    printf6.o(i.__0vfprintf$6) refers to fputc.o(i.fputc) for fputc
    printf6.o(i.__0vprintf$6) refers to printf6.o(i._printf_core) for _printf_core
    printf6.o(i.__0vprintf$6) refers to fputc.o(i.fputc) for fputc
    printf6.o(i.__0vprintf$6) refers to stdout.o(.data) for __stdout
    printf6.o(i.__0vsnprintf$6) refers to printf6.o(i._printf_core) for _printf_core
    printf6.o(i.__0vsnprintf$6) refers to printf6.o(i._snputc) for _snputc
    printf6.o(i.__0vsprintf$6) refers to printf6.o(i._printf_core) for _printf_core
    printf6.o(i.__0vsprintf$6) refers to printf6.o(i._sputc) for _sputc
    printf6.o(i._printf_core) refers to printf6.o(i._printf_pre_padding) for _printf_pre_padding
    printf6.o(i._printf_core) refers to printf6.o(i._printf_post_padding) for _printf_post_padding
    printf6.o(i._printf_core) refers to uidiv_div0.o(.text) for __aeabi_uidivmod
    printf7.o(i.__0fprintf$7) refers to printf7.o(i._printf_core) for _printf_core
    printf7.o(i.__0fprintf$7) refers to fputc.o(i.fputc) for fputc
    printf7.o(i.__0printf$7) refers to printf7.o(i._printf_core) for _printf_core
    printf7.o(i.__0printf$7) refers to fputc.o(i.fputc) for fputc
    printf7.o(i.__0printf$7) refers to stdout.o(.data) for __stdout
    printf7.o(i.__0snprintf$7) refers to printf7.o(i._printf_core) for _printf_core
    printf7.o(i.__0snprintf$7) refers to printf7.o(i._snputc) for _snputc
    printf7.o(i.__0sprintf$7) refers to printf7.o(i._printf_core) for _printf_core
    printf7.o(i.__0sprintf$7) refers to printf7.o(i._sputc) for _sputc
    printf7.o(i.__0vfprintf$7) refers to printf7.o(i._printf_core) for _printf_core
    printf7.o(i.__0vfprintf$7) refers to fputc.o(i.fputc) for fputc
    printf7.o(i.__0vprintf$7) refers to printf7.o(i._printf_core) for _printf_core
    printf7.o(i.__0vprintf$7) refers to fputc.o(i.fputc) for fputc
    printf7.o(i.__0vprintf$7) refers to stdout.o(.data) for __stdout
    printf7.o(i.__0vsnprintf$7) refers to printf7.o(i._printf_core) for _printf_core
    printf7.o(i.__0vsnprintf$7) refers to printf7.o(i._snputc) for _snputc
    printf7.o(i.__0vsprintf$7) refers to printf7.o(i._printf_core) for _printf_core
    printf7.o(i.__0vsprintf$7) refers to printf7.o(i._sputc) for _sputc
    printf7.o(i._printf_core) refers to printf7.o(i._printf_pre_padding) for _printf_pre_padding
    printf7.o(i._printf_core) refers to printf7.o(i._printf_post_padding) for _printf_post_padding
    printf7.o(i._printf_core) refers to uldiv.o(.text) for __aeabi_uldivmod
    printf8.o(i.__0fprintf$8) refers to printf8.o(i._printf_core) for _printf_core
    printf8.o(i.__0fprintf$8) refers to fputc.o(i.fputc) for fputc
    printf8.o(i.__0printf$8) refers to printf8.o(i._printf_core) for _printf_core
    printf8.o(i.__0printf$8) refers to fputc.o(i.fputc) for fputc
    printf8.o(i.__0printf$8) refers to stdout.o(.data) for __stdout
    printf8.o(i.__0snprintf$8) refers to printf8.o(i._printf_core) for _printf_core
    printf8.o(i.__0snprintf$8) refers to printf8.o(i._snputc) for _snputc
    printf8.o(i.__0sprintf$8) refers to printf8.o(i._printf_core) for _printf_core
    printf8.o(i.__0sprintf$8) refers to printf8.o(i._sputc) for _sputc
    printf8.o(i.__0vfprintf$8) refers to printf8.o(i._printf_core) for _printf_core
    printf8.o(i.__0vfprintf$8) refers to fputc.o(i.fputc) for fputc
    printf8.o(i.__0vprintf$8) refers to printf8.o(i._printf_core) for _printf_core
    printf8.o(i.__0vprintf$8) refers to fputc.o(i.fputc) for fputc
    printf8.o(i.__0vprintf$8) refers to stdout.o(.data) for __stdout
    printf8.o(i.__0vsnprintf$8) refers to printf8.o(i._printf_core) for _printf_core
    printf8.o(i.__0vsnprintf$8) refers to printf8.o(i._snputc) for _snputc
    printf8.o(i.__0vsprintf$8) refers to printf8.o(i._printf_core) for _printf_core
    printf8.o(i.__0vsprintf$8) refers to printf8.o(i._sputc) for _sputc
    printf8.o(i._printf_core) refers to printf8.o(i._printf_pre_padding) for _printf_pre_padding
    printf8.o(i._printf_core) refers to printf8.o(i._printf_post_padding) for _printf_post_padding
    printf8.o(i._printf_core) refers to uldiv.o(.text) for __aeabi_uldivmod
    printfa.o(i.__0fprintf) refers (Special) to iusefp.o(.text) for __I$use$fp
    printfa.o(i.__0fprintf) refers to printfa.o(i._printf_core) for _printf_core
    printfa.o(i.__0fprintf) refers to fputc.o(i.fputc) for fputc
    printfa.o(i.__0printf) refers (Special) to iusefp.o(.text) for __I$use$fp
    printfa.o(i.__0printf) refers to printfa.o(i._printf_core) for _printf_core
    printfa.o(i.__0printf) refers to fputc.o(i.fputc) for fputc
    printfa.o(i.__0printf) refers to stdout.o(.data) for __stdout
    printfa.o(i.__0snprintf) refers (Special) to iusefp.o(.text) for __I$use$fp
    printfa.o(i.__0snprintf) refers to printfa.o(i._printf_core) for _printf_core
    printfa.o(i.__0snprintf) refers to printfa.o(i._snputc) for _snputc
    printfa.o(i.__0sprintf) refers (Special) to iusefp.o(.text) for __I$use$fp
    printfa.o(i.__0sprintf) refers to printfa.o(i._printf_core) for _printf_core
    printfa.o(i.__0sprintf) refers to printfa.o(i._sputc) for _sputc
    printfa.o(i.__0vfprintf) refers (Special) to iusefp.o(.text) for __I$use$fp
    printfa.o(i.__0vfprintf) refers to printfa.o(i._printf_core) for _printf_core
    printfa.o(i.__0vfprintf) refers to fputc.o(i.fputc) for fputc
    printfa.o(i.__0vprintf) refers (Special) to iusefp.o(.text) for __I$use$fp
    printfa.o(i.__0vprintf) refers to printfa.o(i._printf_core) for _printf_core
    printfa.o(i.__0vprintf) refers to fputc.o(i.fputc) for fputc
    printfa.o(i.__0vprintf) refers to stdout.o(.data) for __stdout
    printfa.o(i.__0vsnprintf) refers (Special) to iusefp.o(.text) for __I$use$fp
    printfa.o(i.__0vsnprintf) refers to printfa.o(i._printf_core) for _printf_core
    printfa.o(i.__0vsnprintf) refers to printfa.o(i._snputc) for _snputc
    printfa.o(i.__0vsprintf) refers (Special) to iusefp.o(.text) for __I$use$fp
    printfa.o(i.__0vsprintf) refers to printfa.o(i._printf_core) for _printf_core
    printfa.o(i.__0vsprintf) refers to printfa.o(i._sputc) for _sputc
    printfa.o(i._fp_digits) refers (Special) to iusefp.o(.text) for __I$use$fp
    printfa.o(i._fp_digits) refers to dmul.o(.text) for __aeabi_dmul
    printfa.o(i._fp_digits) refers to ddiv.o(.text) for __aeabi_ddiv
    printfa.o(i._fp_digits) refers to cdrcmple.o(.text) for __aeabi_cdrcmple
    printfa.o(i._fp_digits) refers to dadd.o(.text) for __aeabi_dadd
    printfa.o(i._fp_digits) refers to dfixul.o(.text) for __aeabi_d2ulz
    printfa.o(i._fp_digits) refers to uldiv.o(.text) for __aeabi_uldivmod
    printfa.o(i._printf_core) refers (Special) to iusefp.o(.text) for __I$use$fp
    printfa.o(i._printf_core) refers to printfa.o(i._printf_pre_padding) for _printf_pre_padding
    printfa.o(i._printf_core) refers to uldiv.o(.text) for __aeabi_uldivmod
    printfa.o(i._printf_core) refers to printfa.o(i._printf_post_padding) for _printf_post_padding
    printfa.o(i._printf_core) refers to printfa.o(i._fp_digits) for _fp_digits
    printfa.o(i._printf_core) refers to uidiv_div0.o(.text) for __aeabi_uidivmod
    printfa.o(i._printf_post_padding) refers (Special) to iusefp.o(.text) for __I$use$fp
    printfa.o(i._printf_pre_padding) refers (Special) to iusefp.o(.text) for __I$use$fp
    printfa.o(i._snputc) refers (Special) to iusefp.o(.text) for __I$use$fp
    printfa.o(i._sputc) refers (Special) to iusefp.o(.text) for __I$use$fp
    malloc.o(i.free) refers to mvars.o(.data) for __microlib_freelist
    malloc.o(i.malloc) refers to mvars.o(.data) for __microlib_freelist_initialised
    malloc.o(i.malloc) refers to mvars.o(.data) for __microlib_freelist
    malloc.o(i.malloc) refers to startup_stm32f030x6.o(HEAP) for __heap_base
    mallocr.o(i.__free$realloc) refers to mvars.o(.data) for __microlib_freelist
    mallocr.o(i.__malloc$realloc) refers to mallocr.o(i.internal_alloc) for internal_alloc
    mallocr.o(i.__malloc$realloc) refers to mvars.o(.data) for __microlib_freelist_initialised
    mallocr.o(i.__malloc$realloc) refers to startup_stm32f030x6.o(HEAP) for __heap_base
    mallocr.o(i.__malloc$realloc) refers to mvars.o(.data) for __microlib_freelist
    mallocr.o(i.internal_alloc) refers to memcpya.o(.text) for __aeabi_memcpy
    mallocr.o(i.internal_alloc) refers to mvars.o(.data) for __microlib_freelist
    mallocr.o(i.realloc) refers to mallocr.o(i.__free$realloc) for __free$realloc
    mallocr.o(i.realloc) refers to mallocr.o(i.internal_alloc) for internal_alloc
    mallocr.o(i.realloc) refers to mallocr.o(i.__malloc$realloc) for __malloc$realloc
    mallocr.o(i.realloc) refers to mvars.o(.data) for __microlib_freelist
    malloca.o(i.__aligned_malloc) refers to mvars.o(.data) for __microlib_freelist
    malloca.o(i.__aligned_malloc) refers to mvars.o(.data) for __microlib_freelist_initialised
    malloca.o(i.__aligned_malloc) refers to startup_stm32f030x6.o(HEAP) for __heap_base
    malloca.o(i.__free$memalign) refers to mvars.o(.data) for __microlib_freelist
    malloca.o(i.__malloc$memalign) refers to malloca.o(i.__aligned_malloc) for __aligned_malloc
    mallocra.o(i.__aligned_malloc$realloc) refers to mallocra.o(i.internal_alloc) for internal_alloc
    mallocra.o(i.__aligned_malloc$realloc) refers to startup_stm32f030x6.o(HEAP) for __heap_base
    mallocra.o(i.__aligned_malloc$realloc) refers to mvars.o(.data) for __microlib_freelist
    mallocra.o(i.__aligned_malloc$realloc) refers to mvars.o(.data) for __microlib_freelist_initialised
    mallocra.o(i.__free$realloc$memalign) refers to mvars.o(.data) for __microlib_freelist
    mallocra.o(i.__malloc$realloc$memalign) refers to mallocra.o(i.__aligned_malloc$realloc) for __aligned_malloc$realloc
    mallocra.o(i.__realloc$memalign) refers to mallocra.o(i.__free$realloc$memalign) for __free$realloc$memalign
    mallocra.o(i.__realloc$memalign) refers to mallocra.o(i.internal_alloc) for internal_alloc
    mallocra.o(i.__realloc$memalign) refers to mallocra.o(i.__malloc$realloc$memalign) for __malloc$realloc$memalign
    mallocra.o(i.__realloc$memalign) refers to mvars.o(.data) for __microlib_freelist
    mallocra.o(i.internal_alloc) refers to memcpya.o(.text) for __aeabi_memcpy
    mallocra.o(i.internal_alloc) refers to mvars.o(.data) for __microlib_freelist
    entry2.o(.ARM.Collect$$$$00000001) refers to entry2.o(.ARM.Collect$$$$00002712) for __lit__00000000
    entry2.o(.ARM.Collect$$$$00002712) refers to startup_stm32f030x6.o(STACK) for __initial_sp
    entry2.o(__vectab_stack_and_reset_area) refers to startup_stm32f030x6.o(STACK) for __initial_sp
    entry2.o(__vectab_stack_and_reset_area) refers to entry.o(.ARM.Collect$$$$00000000) for __main
    entry5.o(.ARM.Collect$$$$00000004) refers to init.o(.text) for __scatterload
    entry9a.o(.ARM.Collect$$$$0000000B) refers to lto-llvm-7bf76f.o(.text.main) for main
    entry9b.o(.ARM.Collect$$$$0000000C) refers to lto-llvm-7bf76f.o(.text.main) for main
    fputc.o(i.fputc) refers (Special) to iusesemip.o(.text) for __I$use$semihosting$fputc
    fputc.o(i.fputc) refers (Special) to semi.o(.text) for __semihosting_library_function
    fputc_h.o(i._fputc$hlt) refers (Special) to iusesemip.o(.text) for __I$use$semihosting$fputc
    fputc_h.o(i._fputc$hlt) refers (Special) to semi.o(.text) for __semihosting_library_function
    uldiv.o(.text) refers to llushr.o(.text) for __aeabi_llsr
    uldiv.o(.text) refers to llshl.o(.text) for __aeabi_llsl
    dadd.o(.text) refers (Special) to iusefp.o(.text) for __I$use$fp
    dadd.o(.text) refers to llshl.o(.text) for __aeabi_llsl
    dadd.o(.text) refers to llsshr.o(.text) for __aeabi_lasr
    dadd.o(.text) refers to depilogue.o(.text) for _double_epilogue
    dmul.o(.text) refers (Special) to iusefp.o(.text) for __I$use$fp
    dmul.o(.text) refers to depilogue.o(.text) for _double_epilogue
    ddiv.o(.text) refers (Special) to iusefp.o(.text) for __I$use$fp
    ddiv.o(.text) refers to depilogue.o(.text) for _double_round
    dfixul.o(.text) refers (Special) to iusefp.o(.text) for __I$use$fp
    dfixul.o(.text) refers to llushr.o(.text) for __aeabi_llsr
    dfixul.o(.text) refers to llshl.o(.text) for __aeabi_llsl
    cdrcmple.o(.text) refers (Special) to iusefp.o(.text) for __I$use$fp
    init.o(.text) refers to entry5.o(.ARM.Collect$$$$00000004) for __main_after_scatterload
    idiv_div0.o(.text) refers to uidiv_div0.o(.text) for __aeabi_uidivmod
    depilogue.o(.text) refers (Special) to iusefp.o(.text) for __I$use$fp
    depilogue.o(.text) refers to depilogue.o(i.__ARM_clz) for __ARM_clz
    depilogue.o(.text) refers to llshl.o(.text) for __aeabi_llsl
    depilogue.o(.text) refers to llushr.o(.text) for __aeabi_llsr
    lto-llvm-7bf76f.o(.text.main) refers to uidiv_div0.o(.text) for __aeabi_uidiv
    lto-llvm-7bf76f.o(.text.main) refers to lto-llvm-7bf76f.o(.data.SystemCoreClock) for [Anonymous Symbol]
    lto-llvm-7bf76f.o(.text.main) refers to lto-llvm-7bf76f.o(.bss.uwTick) for [Anonymous Symbol]
    lto-llvm-7bf76f.o(.text.main) refers to lto-llvm-7bf76f.o(.rodata.cst16) for [Anonymous Symbol]
    lto-llvm-7bf76f.o(.text.main) refers to lto-llvm-7bf76f.o(.text.HAL_GPIO_Init) for HAL_GPIO_Init
    lto-llvm-7bf76f.o(.text.main) refers to lto-llvm-7bf76f.o(.text.HAL_ADC_ConfigChannel) for HAL_ADC_ConfigChannel
    lto-llvm-7bf76f.o(.text.main) refers to lto-llvm-7bf76f.o(.text.HAL_I2C_Init) for HAL_I2C_Init
    lto-llvm-7bf76f.o(.text.main) refers to lto-llvm-7bf76f.o(.text.HAL_I2CEx_ConfigAnalogFilter) for HAL_I2CEx_ConfigAnalogFilter
    lto-llvm-7bf76f.o(.text.main) refers to lto-llvm-7bf76f.o(.text.HAL_I2CEx_ConfigDigitalFilter) for HAL_I2CEx_ConfigDigitalFilter
    lto-llvm-7bf76f.o(.text.main) refers to lto-llvm-7bf76f.o(.text.HAL_RS485Ex_Init) for HAL_RS485Ex_Init
    lto-llvm-7bf76f.o(.text.main) refers to lto-llvm-7bf76f.o(.bss.hadc) for [Anonymous Symbol]
    lto-llvm-7bf76f.o(.text.main) refers to lto-llvm-7bf76f.o(.bss.hi2c1) for [Anonymous Symbol]
    lto-llvm-7bf76f.o(.text.main) refers to lto-llvm-7bf76f.o(.bss.huart1) for [Anonymous Symbol]
    lto-llvm-7bf76f.o(.text.main) refers to lto-llvm-7bf76f.o(.text.HAL_CRC_Init) for HAL_CRC_Init
    lto-llvm-7bf76f.o(.text.main) refers to lto-llvm-7bf76f.o(.text.HAL_TIM_Base_Init) for HAL_TIM_Base_Init
    lto-llvm-7bf76f.o(.text.main) refers to lto-llvm-7bf76f.o(.text.HAL_TIM_Base_Start_IT) for HAL_TIM_Base_Start_IT
    lto-llvm-7bf76f.o(.text.main) refers to memseta.o(.text) for __aeabi_memclr4
    lto-llvm-7bf76f.o(.text.main) refers to lto-llvm-7bf76f.o(.text.TF_AddTypeListener) for TF_AddTypeListener
    lto-llvm-7bf76f.o(.text.main) refers to lto-llvm-7bf76f.o(.text.HAL_UART_Receive_IT) for HAL_UART_Receive_IT
    lto-llvm-7bf76f.o(.text.main) refers to lto-llvm-7bf76f.o(.bss.hcrc) for [Anonymous Symbol]
    lto-llvm-7bf76f.o(.text.main) refers to lto-llvm-7bf76f.o(.bss.htim14) for [Anonymous Symbol]
    lto-llvm-7bf76f.o(.text.main) refers to lto-llvm-7bf76f.o(.bss.init_tf) for [Anonymous Symbol]
    lto-llvm-7bf76f.o(.text.main) refers to lto-llvm-7bf76f.o(.bss.tfapp) for [Anonymous Symbol]
    lto-llvm-7bf76f.o(.text.main) refers to lto-llvm-7bf76f.o(.text.STATUS_Listener) for STATUS_Listener
    lto-llvm-7bf76f.o(.text.main) refers to lto-llvm-7bf76f.o(.text.BINARY_Listener) for BINARY_Listener
    lto-llvm-7bf76f.o(.text.main) refers to lto-llvm-7bf76f.o(.bss.my_address) for [Anonymous Symbol]
    lto-llvm-7bf76f.o(.text.main) refers to lto-llvm-7bf76f.o(.bss.triac_states) for [Anonymous Symbol]
    lto-llvm-7bf76f.o(.text.main) refers to lto-llvm-7bf76f.o(.bss.triac_end) for [Anonymous Symbol]
    lto-llvm-7bf76f.o(.text.main) refers to lto-llvm-7bf76f.o(.bss.triac_start) for [Anonymous Symbol]
    lto-llvm-7bf76f.o(.text.main) refers to lto-llvm-7bf76f.o(.bss.button_select_prev) for [Anonymous Symbol]
    lto-llvm-7bf76f.o(.text.main) refers to lto-llvm-7bf76f.o(.data.selected_channel) for [Anonymous Symbol]
    lto-llvm-7bf76f.o(.text.main) refers to lto-llvm-7bf76f.o(.bss.menu_activ) for [Anonymous Symbol]
    lto-llvm-7bf76f.o(.text.main) refers to lto-llvm-7bf76f.o(.bss.first_toggle) for [Anonymous Symbol]
    lto-llvm-7bf76f.o(.text.main) refers to lto-llvm-7bf76f.o(.bss.toggle_state) for [Anonymous Symbol]
    lto-llvm-7bf76f.o(.text.main) refers to lto-llvm-7bf76f.o(.bss.menu_timer) for [Anonymous Symbol]
    lto-llvm-7bf76f.o(.text.main) refers to lto-llvm-7bf76f.o(.bss.last_press_time) for [Anonymous Symbol]
    lto-llvm-7bf76f.o(.text.main) refers to lto-llvm-7bf76f.o(.bss.led_states) for [Anonymous Symbol]
    lto-llvm-7bf76f.o(.text.main) refers to lto-llvm-7bf76f.o(.bss.button_onoff_prev) for [Anonymous Symbol]
    lto-llvm-7bf76f.o(.text.main) refers to lto-llvm-7bf76f.o(.bss.last_toggle_time) for [Anonymous Symbol]
    lto-llvm-7bf76f.o(.ARM.exidx.text.main) refers to lto-llvm-7bf76f.o(.text.main) for [Anonymous Symbol]
    lto-llvm-7bf76f.o(.text.STATUS_Listener) refers to lto-llvm-7bf76f.o(.text.TF_Respond) for TF_Respond
    lto-llvm-7bf76f.o(.text.STATUS_Listener) refers to lto-llvm-7bf76f.o(.bss.triac_end) for [Anonymous Symbol]
    lto-llvm-7bf76f.o(.text.STATUS_Listener) refers to lto-llvm-7bf76f.o(.bss.triac_start) for [Anonymous Symbol]
    lto-llvm-7bf76f.o(.text.STATUS_Listener) refers to lto-llvm-7bf76f.o(.bss.triac_states) for [Anonymous Symbol]
    lto-llvm-7bf76f.o(.ARM.exidx.text.STATUS_Listener) refers to lto-llvm-7bf76f.o(.text.STATUS_Listener) for [Anonymous Symbol]
    lto-llvm-7bf76f.o(.text.BINARY_Listener) refers to lto-llvm-7bf76f.o(.text.TF_Respond) for TF_Respond
    lto-llvm-7bf76f.o(.text.BINARY_Listener) refers to lto-llvm-7bf76f.o(.bss.triac_end) for [Anonymous Symbol]
    lto-llvm-7bf76f.o(.text.BINARY_Listener) refers to lto-llvm-7bf76f.o(.bss.triac_start) for [Anonymous Symbol]
    lto-llvm-7bf76f.o(.text.BINARY_Listener) refers to lto-llvm-7bf76f.o(.bss.triac_states) for [Anonymous Symbol]
    lto-llvm-7bf76f.o(.text.BINARY_Listener) refers to lto-llvm-7bf76f.o(.bss.led_states) for [Anonymous Symbol]
    lto-llvm-7bf76f.o(.ARM.exidx.text.BINARY_Listener) refers to lto-llvm-7bf76f.o(.text.BINARY_Listener) for [Anonymous Symbol]
    lto-llvm-7bf76f.o(.text.TF_WriteImpl) refers to lto-llvm-7bf76f.o(.text.HAL_UART_Receive_IT) for HAL_UART_Receive_IT
    lto-llvm-7bf76f.o(.text.TF_WriteImpl) refers to lto-llvm-7bf76f.o(.bss.huart1) for [Anonymous Symbol]
    lto-llvm-7bf76f.o(.text.TF_WriteImpl) refers to lto-llvm-7bf76f.o(.bss.uwTick) for [Anonymous Symbol]
    lto-llvm-7bf76f.o(.ARM.exidx.text.TF_WriteImpl) refers to lto-llvm-7bf76f.o(.text.TF_WriteImpl) for [Anonymous Symbol]
    lto-llvm-7bf76f.o(.text.HAL_UART_RxCpltCallback) refers to lto-llvm-7bf76f.o(.text.HAL_UART_Receive_IT) for HAL_UART_Receive_IT
    lto-llvm-7bf76f.o(.text.HAL_UART_RxCpltCallback) refers to lto-llvm-7bf76f.o(.text.TF_HandleReceivedMessage) for TF_HandleReceivedMessage
    lto-llvm-7bf76f.o(.text.HAL_UART_RxCpltCallback) refers to lto-llvm-7bf76f.o(.bss.tfapp) for [Anonymous Symbol]
    lto-llvm-7bf76f.o(.text.HAL_UART_RxCpltCallback) refers to lto-llvm-7bf76f.o(.bss.rec) for [Anonymous Symbol]
    lto-llvm-7bf76f.o(.text.HAL_UART_RxCpltCallback) refers to lto-llvm-7bf76f.o(.rodata.crc16_table) for [Anonymous Symbol]
    lto-llvm-7bf76f.o(.ARM.exidx.text.HAL_UART_RxCpltCallback) refers to lto-llvm-7bf76f.o(.text.HAL_UART_RxCpltCallback) for [Anonymous Symbol]
    lto-llvm-7bf76f.o(.text.HAL_UART_ErrorCallback) refers to lto-llvm-7bf76f.o(.text.HAL_UART_Receive_IT) for HAL_UART_Receive_IT
    lto-llvm-7bf76f.o(.text.HAL_UART_ErrorCallback) refers to lto-llvm-7bf76f.o(.bss.huart1) for [Anonymous Symbol]
    lto-llvm-7bf76f.o(.ARM.exidx.text.HAL_UART_ErrorCallback) refers to lto-llvm-7bf76f.o(.text.HAL_UART_ErrorCallback) for [Anonymous Symbol]
    lto-llvm-7bf76f.o(.ARM.exidx.text.NMI_Handler) refers to lto-llvm-7bf76f.o(.text.NMI_Handler) for [Anonymous Symbol]
    lto-llvm-7bf76f.o(.ARM.exidx.text.HardFault_Handler) refers to lto-llvm-7bf76f.o(.text.HardFault_Handler) for [Anonymous Symbol]
    lto-llvm-7bf76f.o(.ARM.exidx.text.SVC_Handler) refers to lto-llvm-7bf76f.o(.text.SVC_Handler) for [Anonymous Symbol]
    lto-llvm-7bf76f.o(.ARM.exidx.text.PendSV_Handler) refers to lto-llvm-7bf76f.o(.text.PendSV_Handler) for [Anonymous Symbol]
    lto-llvm-7bf76f.o(.text.SysTick_Handler) refers to lto-llvm-7bf76f.o(.bss.uwTick) for [Anonymous Symbol]
    lto-llvm-7bf76f.o(.text.SysTick_Handler) refers to lto-llvm-7bf76f.o(.bss.init_tf) for [Anonymous Symbol]
    lto-llvm-7bf76f.o(.text.SysTick_Handler) refers to lto-llvm-7bf76f.o(.bss.tfapp) for [Anonymous Symbol]
    lto-llvm-7bf76f.o(.ARM.exidx.text.SysTick_Handler) refers to lto-llvm-7bf76f.o(.text.SysTick_Handler) for [Anonymous Symbol]
    lto-llvm-7bf76f.o(.text.TIM14_IRQHandler) refers to lto-llvm-7bf76f.o(.bss.htim14) for [Anonymous Symbol]
    lto-llvm-7bf76f.o(.text.TIM14_IRQHandler) refers to lto-llvm-7bf76f.o(.bss.active_row) for [Anonymous Symbol]
    lto-llvm-7bf76f.o(.text.TIM14_IRQHandler) refers to lto-llvm-7bf76f.o(.bss.led_states) for [Anonymous Symbol]
    lto-llvm-7bf76f.o(.ARM.exidx.text.TIM14_IRQHandler) refers to lto-llvm-7bf76f.o(.text.TIM14_IRQHandler) for [Anonymous Symbol]
    lto-llvm-7bf76f.o(.text.USART1_IRQHandler) refers to lto-llvm-7bf76f.o(.text.HAL_UART_ErrorCallback) for HAL_UART_ErrorCallback
    lto-llvm-7bf76f.o(.text.USART1_IRQHandler) refers to lto-llvm-7bf76f.o(.bss.huart1) for [Anonymous Symbol]
    lto-llvm-7bf76f.o(.text.USART1_IRQHandler) refers to lto-llvm-7bf76f.o(.text.UART_DMAAbortOnError) for UART_DMAAbortOnError
    lto-llvm-7bf76f.o(.ARM.exidx.text.USART1_IRQHandler) refers to lto-llvm-7bf76f.o(.text.USART1_IRQHandler) for [Anonymous Symbol]
    lto-llvm-7bf76f.o(.text.TF_AddTypeListener) refers to lto-llvm-7bf76f.o(.bss.tfapp) for [Anonymous Symbol]
    lto-llvm-7bf76f.o(.ARM.exidx.text.TF_AddTypeListener) refers to lto-llvm-7bf76f.o(.text.TF_AddTypeListener) for [Anonymous Symbol]
    lto-llvm-7bf76f.o(.text.TF_HandleReceivedMessage) refers to lto-llvm-7bf76f.o(.bss.tfapp) for [Anonymous Symbol]
    lto-llvm-7bf76f.o(.ARM.exidx.text.TF_HandleReceivedMessage) refers to lto-llvm-7bf76f.o(.text.TF_HandleReceivedMessage) for [Anonymous Symbol]
    lto-llvm-7bf76f.o(.text.TF_Respond) refers to lto-llvm-7bf76f.o(.text.TF_WriteImpl) for TF_WriteImpl
    lto-llvm-7bf76f.o(.text.TF_Respond) refers to lto-llvm-7bf76f.o(.rodata.crc16_table) for [Anonymous Symbol]
    lto-llvm-7bf76f.o(.ARM.exidx.text.TF_Respond) refers to lto-llvm-7bf76f.o(.text.TF_Respond) for [Anonymous Symbol]
    lto-llvm-7bf76f.o(.text.HAL_ADC_ConfigChannel) refers to uidiv_div0.o(.text) for __aeabi_uidiv
    lto-llvm-7bf76f.o(.text.HAL_ADC_ConfigChannel) refers to lto-llvm-7bf76f.o(.bss.hadc) for [Anonymous Symbol]
    lto-llvm-7bf76f.o(.text.HAL_ADC_ConfigChannel) refers to lto-llvm-7bf76f.o(.data.SystemCoreClock) for [Anonymous Symbol]
    lto-llvm-7bf76f.o(.ARM.exidx.text.HAL_ADC_ConfigChannel) refers to lto-llvm-7bf76f.o(.text.HAL_ADC_ConfigChannel) for [Anonymous Symbol]
    lto-llvm-7bf76f.o(.text.HAL_I2C_Init) refers to lto-llvm-7bf76f.o(.text.HAL_GPIO_Init) for HAL_GPIO_Init
    lto-llvm-7bf76f.o(.text.HAL_I2C_Init) refers to lto-llvm-7bf76f.o(.bss.hi2c1) for [Anonymous Symbol]
    lto-llvm-7bf76f.o(.ARM.exidx.text.HAL_I2C_Init) refers to lto-llvm-7bf76f.o(.text.HAL_I2C_Init) for [Anonymous Symbol]
    lto-llvm-7bf76f.o(.text.HAL_I2CEx_ConfigAnalogFilter) refers to lto-llvm-7bf76f.o(.bss.hi2c1) for [Anonymous Symbol]
    lto-llvm-7bf76f.o(.ARM.exidx.text.HAL_I2CEx_ConfigAnalogFilter) refers to lto-llvm-7bf76f.o(.text.HAL_I2CEx_ConfigAnalogFilter) for [Anonymous Symbol]
    lto-llvm-7bf76f.o(.text.HAL_I2CEx_ConfigDigitalFilter) refers to lto-llvm-7bf76f.o(.bss.hi2c1) for [Anonymous Symbol]
    lto-llvm-7bf76f.o(.ARM.exidx.text.HAL_I2CEx_ConfigDigitalFilter) refers to lto-llvm-7bf76f.o(.text.HAL_I2CEx_ConfigDigitalFilter) for [Anonymous Symbol]
    lto-llvm-7bf76f.o(.ARM.exidx.text.HAL_GPIO_Init) refers to lto-llvm-7bf76f.o(.text.HAL_GPIO_Init) for [Anonymous Symbol]
    lto-llvm-7bf76f.o(.text.HAL_CRC_Init) refers to lto-llvm-7bf76f.o(.bss.hcrc) for [Anonymous Symbol]
    lto-llvm-7bf76f.o(.ARM.exidx.text.HAL_CRC_Init) refers to lto-llvm-7bf76f.o(.text.HAL_CRC_Init) for [Anonymous Symbol]
    lto-llvm-7bf76f.o(.text.HAL_TIM_Base_Init) refers to lto-llvm-7bf76f.o(.bss.htim14) for [Anonymous Symbol]
    lto-llvm-7bf76f.o(.ARM.exidx.text.HAL_TIM_Base_Init) refers to lto-llvm-7bf76f.o(.text.HAL_TIM_Base_Init) for [Anonymous Symbol]
    lto-llvm-7bf76f.o(.text.HAL_TIM_Base_Start_IT) refers to lto-llvm-7bf76f.o(.bss.htim14) for [Anonymous Symbol]
    lto-llvm-7bf76f.o(.ARM.exidx.text.HAL_TIM_Base_Start_IT) refers to lto-llvm-7bf76f.o(.text.HAL_TIM_Base_Start_IT) for [Anonymous Symbol]
    lto-llvm-7bf76f.o(.text.UART_WaitOnFlagUntilTimeout) refers to lto-llvm-7bf76f.o(.bss.uwTick) for [Anonymous Symbol]
    lto-llvm-7bf76f.o(.ARM.exidx.text.UART_WaitOnFlagUntilTimeout) refers to lto-llvm-7bf76f.o(.text.UART_WaitOnFlagUntilTimeout) for [Anonymous Symbol]
    lto-llvm-7bf76f.o(.text.HAL_UART_Receive_IT) refers to lto-llvm-7bf76f.o(.bss.huart1) for [Anonymous Symbol]
    lto-llvm-7bf76f.o(.text.HAL_UART_Receive_IT) refers to lto-llvm-7bf76f.o(.bss.rec) for [Anonymous Symbol]
    lto-llvm-7bf76f.o(.text.HAL_UART_Receive_IT) refers to lto-llvm-7bf76f.o(.text.UART_RxISR_8BIT) for UART_RxISR_8BIT
    lto-llvm-7bf76f.o(.text.HAL_UART_Receive_IT) refers to lto-llvm-7bf76f.o(.text.UART_RxISR_16BIT) for UART_RxISR_16BIT
    lto-llvm-7bf76f.o(.ARM.exidx.text.HAL_UART_Receive_IT) refers to lto-llvm-7bf76f.o(.text.HAL_UART_Receive_IT) for [Anonymous Symbol]
    lto-llvm-7bf76f.o(.text.UART_RxISR_8BIT) refers to lto-llvm-7bf76f.o(.text.HAL_UART_RxCpltCallback) for HAL_UART_RxCpltCallback
    lto-llvm-7bf76f.o(.ARM.exidx.text.UART_RxISR_8BIT) refers to lto-llvm-7bf76f.o(.text.UART_RxISR_8BIT) for [Anonymous Symbol]
    lto-llvm-7bf76f.o(.text.UART_RxISR_16BIT) refers to lto-llvm-7bf76f.o(.text.HAL_UART_RxCpltCallback) for HAL_UART_RxCpltCallback
    lto-llvm-7bf76f.o(.ARM.exidx.text.UART_RxISR_16BIT) refers to lto-llvm-7bf76f.o(.text.UART_RxISR_16BIT) for [Anonymous Symbol]
    lto-llvm-7bf76f.o(.text.UART_DMAAbortOnError) refers to lto-llvm-7bf76f.o(.text.HAL_UART_ErrorCallback) for HAL_UART_ErrorCallback
    lto-llvm-7bf76f.o(.ARM.exidx.text.UART_DMAAbortOnError) refers to lto-llvm-7bf76f.o(.text.UART_DMAAbortOnError) for [Anonymous Symbol]
    lto-llvm-7bf76f.o(.text.HAL_RS485Ex_Init) refers to lto-llvm-7bf76f.o(.text.HAL_GPIO_Init) for HAL_GPIO_Init
    lto-llvm-7bf76f.o(.text.HAL_RS485Ex_Init) refers to uidiv_div0.o(.text) for __aeabi_uidiv
    lto-llvm-7bf76f.o(.text.HAL_RS485Ex_Init) refers to lto-llvm-7bf76f.o(.text.UART_WaitOnFlagUntilTimeout) for UART_WaitOnFlagUntilTimeout
    lto-llvm-7bf76f.o(.text.HAL_RS485Ex_Init) refers to lto-llvm-7bf76f.o(.bss.huart1) for [Anonymous Symbol]
    lto-llvm-7bf76f.o(.text.HAL_RS485Ex_Init) refers to lto-llvm-7bf76f.o(.rodata.cst16) for [Anonymous Symbol]
    lto-llvm-7bf76f.o(.text.HAL_RS485Ex_Init) refers to lto-llvm-7bf76f.o(.data.SystemCoreClock) for [Anonymous Symbol]
    lto-llvm-7bf76f.o(.text.HAL_RS485Ex_Init) refers to lto-llvm-7bf76f.o(.rodata.cst8) for [Anonymous Symbol]
    lto-llvm-7bf76f.o(.text.HAL_RS485Ex_Init) refers to lto-llvm-7bf76f.o(.bss.uwTick) for [Anonymous Symbol]
    lto-llvm-7bf76f.o(.ARM.exidx.text.HAL_RS485Ex_Init) refers to lto-llvm-7bf76f.o(.text.HAL_RS485Ex_Init) for [Anonymous Symbol]
    lto-llvm-7bf76f.o(.ARM.exidx.text.SystemInit) refers to lto-llvm-7bf76f.o(.text.SystemInit) for [Anonymous Symbol]
    depilogue.o(i.__ARM_clz) refers (Special) to iusefp.o(.text) for __I$use$fp


==============================================================================

Removing Unused input sections from the image.

    Removing startup_stm32f030x6.o(HEAP), (512 bytes).
    Removing dadd.o(.text), (356 bytes).
    Removing dmul.o(.text), (208 bytes).
    Removing ddiv.o(.text), (240 bytes).
    Removing dfixul.o(.text), (64 bytes).
    Removing cdrcmple.o(.text), (40 bytes).
    Removing depilogue.o(.text), (190 bytes).
    Removing lto-llvm-7bf76f.o(.text), (0 bytes).
    Removing lto-llvm-7bf76f.o(.ARM.exidx.text.main), (8 bytes).
    Removing lto-llvm-7bf76f.o(.ARM.exidx.text.STATUS_Listener), (8 bytes).
    Removing lto-llvm-7bf76f.o(.ARM.exidx.text.BINARY_Listener), (8 bytes).
    Removing lto-llvm-7bf76f.o(.ARM.exidx.text.TF_WriteImpl), (8 bytes).
    Removing lto-llvm-7bf76f.o(.ARM.exidx.text.HAL_UART_RxCpltCallback), (8 bytes).
    Removing lto-llvm-7bf76f.o(.ARM.exidx.text.HAL_UART_ErrorCallback), (8 bytes).
    Removing lto-llvm-7bf76f.o(.ARM.exidx.text.NMI_Handler), (8 bytes).
    Removing lto-llvm-7bf76f.o(.ARM.exidx.text.HardFault_Handler), (8 bytes).
    Removing lto-llvm-7bf76f.o(.ARM.exidx.text.SVC_Handler), (8 bytes).
    Removing lto-llvm-7bf76f.o(.ARM.exidx.text.PendSV_Handler), (8 bytes).
    Removing lto-llvm-7bf76f.o(.ARM.exidx.text.SysTick_Handler), (8 bytes).
    Removing lto-llvm-7bf76f.o(.ARM.exidx.text.TIM14_IRQHandler), (8 bytes).
    Removing lto-llvm-7bf76f.o(.ARM.exidx.text.USART1_IRQHandler), (8 bytes).
    Removing lto-llvm-7bf76f.o(.ARM.exidx.text.TF_AddTypeListener), (8 bytes).
    Removing lto-llvm-7bf76f.o(.ARM.exidx.text.TF_HandleReceivedMessage), (8 bytes).
    Removing lto-llvm-7bf76f.o(.ARM.exidx.text.TF_Respond), (8 bytes).
    Removing lto-llvm-7bf76f.o(.ARM.exidx.text.HAL_ADC_ConfigChannel), (8 bytes).
    Removing lto-llvm-7bf76f.o(.ARM.exidx.text.HAL_I2C_Init), (8 bytes).
    Removing lto-llvm-7bf76f.o(.ARM.exidx.text.HAL_I2CEx_ConfigAnalogFilter), (8 bytes).
    Removing lto-llvm-7bf76f.o(.ARM.exidx.text.HAL_I2CEx_ConfigDigitalFilter), (8 bytes).
    Removing lto-llvm-7bf76f.o(.ARM.exidx.text.HAL_GPIO_Init), (8 bytes).
    Removing lto-llvm-7bf76f.o(.ARM.exidx.text.HAL_CRC_Init), (8 bytes).
    Removing lto-llvm-7bf76f.o(.ARM.exidx.text.HAL_TIM_Base_Init), (8 bytes).
    Removing lto-llvm-7bf76f.o(.ARM.exidx.text.HAL_TIM_Base_Start_IT), (8 bytes).
    Removing lto-llvm-7bf76f.o(.ARM.exidx.text.UART_WaitOnFlagUntilTimeout), (8 bytes).
    Removing lto-llvm-7bf76f.o(.ARM.exidx.text.HAL_UART_Receive_IT), (8 bytes).
    Removing lto-llvm-7bf76f.o(.ARM.exidx.text.UART_RxISR_8BIT), (8 bytes).
    Removing lto-llvm-7bf76f.o(.ARM.exidx.text.UART_RxISR_16BIT), (8 bytes).
    Removing lto-llvm-7bf76f.o(.ARM.exidx.text.UART_DMAAbortOnError), (8 bytes).
    Removing lto-llvm-7bf76f.o(.ARM.exidx.text.HAL_RS485Ex_Init), (8 bytes).
    Removing lto-llvm-7bf76f.o(.ARM.exidx.text.SystemInit), (8 bytes).
    Removing lto-llvm-7bf76f.o(.ARM.use_no_argv), (4 bytes).
    Removing depilogue.o(i.__ARM_clz), (46 bytes).

41 unused section(s) (total 1908 bytes) removed from the image.

==============================================================================

Image Symbol Table

    Local Symbols

    Symbol Name                              Value     Ov Type        Size  Object(Section)

    ../clib/division.s                       0x00000000   Number         0  aeabi_sdiv.o ABSOLUTE
    ../clib/division.s                       0x00000000   Number         0  aeabi_sdiv_div0.o ABSOLUTE
    ../clib/microlib/division.c              0x00000000   Number         0  uidiv.o ABSOLUTE
    ../clib/microlib/division.c              0x00000000   Number         0  uldiv.o ABSOLUTE
    ../clib/microlib/division.c              0x00000000   Number         0  uidiv_div0.o ABSOLUTE
    ../clib/microlib/division.c              0x00000000   Number         0  idiv_div0.o ABSOLUTE
    ../clib/microlib/division.c              0x00000000   Number         0  idiv0.o ABSOLUTE
    ../clib/microlib/init/entry.s            0x00000000   Number         0  entry.o ABSOLUTE
    ../clib/microlib/init/entry.s            0x00000000   Number         0  entry2.o ABSOLUTE
    ../clib/microlib/init/entry.s            0x00000000   Number         0  entry5.o ABSOLUTE
    ../clib/microlib/init/entry.s            0x00000000   Number         0  entry7a.o ABSOLUTE
    ../clib/microlib/init/entry.s            0x00000000   Number         0  entry7b.o ABSOLUTE
    ../clib/microlib/init/entry.s            0x00000000   Number         0  entry8a.o ABSOLUTE
    ../clib/microlib/init/entry.s            0x00000000   Number         0  entry8b.o ABSOLUTE
    ../clib/microlib/init/entry.s            0x00000000   Number         0  entry9a.o ABSOLUTE
    ../clib/microlib/init/entry.s            0x00000000   Number         0  entry9b.o ABSOLUTE
    ../clib/microlib/init/entry.s            0x00000000   Number         0  entry10a.o ABSOLUTE
    ../clib/microlib/init/entry.s            0x00000000   Number         0  entry10b.o ABSOLUTE
    ../clib/microlib/init/entry.s            0x00000000   Number         0  entry11a.o ABSOLUTE
    ../clib/microlib/init/entry.s            0x00000000   Number         0  entry11b.o ABSOLUTE
    ../clib/microlib/longlong.c              0x00000000   Number         0  llshl.o ABSOLUTE
    ../clib/microlib/longlong.c              0x00000000   Number         0  llushr.o ABSOLUTE
    ../clib/microlib/longlong.c              0x00000000   Number         0  llsshr.o ABSOLUTE
    ../clib/microlib/malloc/malloc.c         0x00000000   Number         0  malloc.o ABSOLUTE
    ../clib/microlib/malloc/malloc.c         0x00000000   Number         0  mallocr.o ABSOLUTE
    ../clib/microlib/malloc/malloc.c         0x00000000   Number         0  malloca.o ABSOLUTE
    ../clib/microlib/malloc/malloc.c         0x00000000   Number         0  mallocra.o ABSOLUTE
    ../clib/microlib/malloc/mvars.c          0x00000000   Number         0  mvars.o ABSOLUTE
    ../clib/microlib/printf/printf.c         0x00000000   Number         0  printfb.o ABSOLUTE
    ../clib/microlib/printf/printf.c         0x00000000   Number         0  printf0.o ABSOLUTE
    ../clib/microlib/printf/printf.c         0x00000000   Number         0  printf1.o ABSOLUTE
    ../clib/microlib/printf/printf.c         0x00000000   Number         0  printf2.o ABSOLUTE
    ../clib/microlib/printf/printf.c         0x00000000   Number         0  printf3.o ABSOLUTE
    ../clib/microlib/printf/printf.c         0x00000000   Number         0  printf4.o ABSOLUTE
    ../clib/microlib/printf/printf.c         0x00000000   Number         0  printf5.o ABSOLUTE
    ../clib/microlib/printf/printf.c         0x00000000   Number         0  printf6.o ABSOLUTE
    ../clib/microlib/printf/printf.c         0x00000000   Number         0  printf7.o ABSOLUTE
    ../clib/microlib/printf/printf.c         0x00000000   Number         0  printf8.o ABSOLUTE
    ../clib/microlib/printf/printf.c         0x00000000   Number         0  printfa.o ABSOLUTE
    ../clib/microlib/printf/stubs.s          0x00000000   Number         0  printfstubs.o ABSOLUTE
    ../clib/microlib/stdio/fputc.c           0x00000000   Number         0  fputc.o ABSOLUTE
    ../clib/microlib/stdio/fputc.c           0x00000000   Number         0  fputc_h.o ABSOLUTE
    ../clib/microlib/stdio/putchar.c         0x00000000   Number         0  putchar.o ABSOLUTE
    ../clib/microlib/stdio/puts.c            0x00000000   Number         0  puts.o ABSOLUTE
    ../clib/microlib/stdio/puts.c            0x00000000   Number         0  puts_e.o ABSOLUTE
    ../clib/microlib/stdio/semi.s            0x00000000   Number         0  semi.o ABSOLUTE
    ../clib/microlib/stdio/streams.c         0x00000000   Number         0  stdout.o ABSOLUTE
    ../clib/microlib/string/memcpy.c         0x00000000   Number         0  memcpya.o ABSOLUTE
    ../clib/microlib/string/memcpy.c         0x00000000   Number         0  memcpyb.o ABSOLUTE
    ../clib/microlib/string/memset.c         0x00000000   Number         0  memseta.o ABSOLUTE
    ../clib/microlib/stubs.s                 0x00000000   Number         0  iusefp.o ABSOLUTE
    ../clib/microlib/stubs.s                 0x00000000   Number         0  iusesemip.o ABSOLUTE
    ../fplib/microlib/fpadd.c                0x00000000   Number         0  dadd.o ABSOLUTE
    ../fplib/microlib/fpdiv.c                0x00000000   Number         0  ddiv.o ABSOLUTE
    ../fplib/microlib/fpepilogue.c           0x00000000   Number         0  depilogue.o ABSOLUTE
    ../fplib/microlib/fpfix.c                0x00000000   Number         0  dfixul.o ABSOLUTE
    ../fplib/microlib/fpmul.c                0x00000000   Number         0  dmul.o ABSOLUTE
    cdrcmple.s                               0x00000000   Number         0  cdrcmple.o ABSOLUTE
    dc.s                                     0x00000000   Number         0  dc.o ABSOLUTE
    handlers.s                               0x00000000   Number         0  handlers.o ABSOLUTE
    init.s                                   0x00000000   Number         0  init.o ABSOLUTE
    ld-temp.o                                0x00000000   Number         0  lto-llvm-7bf76f.o ABSOLUTE
    startup_stm32f030x6.s                    0x00000000   Number         0  startup_stm32f030x6.o ABSOLUTE
    RESET                                    0x08000000   Section      176  startup_stm32f030x6.o(RESET)
    .ARM.Collect$$$$00000000                 0x080000b0   Section        0  entry.o(.ARM.Collect$$$$00000000)
    .ARM.Collect$$$$00000001                 0x080000b0   Section        4  entry2.o(.ARM.Collect$$$$00000001)
    .ARM.Collect$$$$00000004                 0x080000b4   Section        4  entry5.o(.ARM.Collect$$$$00000004)
    .ARM.Collect$$$$00000008                 0x080000b8   Section        0  entry7b.o(.ARM.Collect$$$$00000008)
    .ARM.Collect$$$$0000000A                 0x080000b8   Section        0  entry8b.o(.ARM.Collect$$$$0000000A)
    .ARM.Collect$$$$0000000B                 0x080000b8   Section        8  entry9a.o(.ARM.Collect$$$$0000000B)
    __lit__00000000                          0x080000c0   Data           4  entry2.o(.ARM.Collect$$$$00002712)
    .ARM.Collect$$$$0000000D                 0x080000c0   Section        0  entry10a.o(.ARM.Collect$$$$0000000D)
    .ARM.Collect$$$$0000000F                 0x080000c0   Section        0  entry11a.o(.ARM.Collect$$$$0000000F)
    .ARM.Collect$$$$00002712                 0x080000c0   Section        4  entry2.o(.ARM.Collect$$$$00002712)
    .text                                    0x080000c4   Section       28  startup_stm32f030x6.o(.text)
    .text                                    0x080000e0   Section       36  init.o(.text)
    .text                                    0x08000104   Section        0  uidiv_div0.o(.text)
    .text                                    0x08000142   Section        0  memseta.o(.text)
    BINARY_Listener                          0x08000169   Thumb Code   160  lto-llvm-7bf76f.o(.text.BINARY_Listener)
    [Anonymous Symbol]                       0x08000168   Section        0  lto-llvm-7bf76f.o(.text.BINARY_Listener)
    __arm_cp.2_0                             0x08000208   Number         4  lto-llvm-7bf76f.o(.text.BINARY_Listener)
    __arm_cp.2_1                             0x0800020c   Number         4  lto-llvm-7bf76f.o(.text.BINARY_Listener)
    __arm_cp.2_2                             0x08000210   Number         4  lto-llvm-7bf76f.o(.text.BINARY_Listener)
    __arm_cp.2_3                             0x08000214   Number         4  lto-llvm-7bf76f.o(.text.BINARY_Listener)
    HAL_ADC_ConfigChannel                    0x08000219   Thumb Code   284  lto-llvm-7bf76f.o(.text.HAL_ADC_ConfigChannel)
    [Anonymous Symbol]                       0x08000218   Section        0  lto-llvm-7bf76f.o(.text.HAL_ADC_ConfigChannel)
    __arm_cp.16_0                            0x08000334   Number         4  lto-llvm-7bf76f.o(.text.HAL_ADC_ConfigChannel)
    __arm_cp.16_1                            0x08000338   Number         4  lto-llvm-7bf76f.o(.text.HAL_ADC_ConfigChannel)
    __arm_cp.16_2                            0x0800033c   Number         4  lto-llvm-7bf76f.o(.text.HAL_ADC_ConfigChannel)
    __arm_cp.16_3                            0x08000340   Number         4  lto-llvm-7bf76f.o(.text.HAL_ADC_ConfigChannel)
    __arm_cp.16_4                            0x08000344   Number         4  lto-llvm-7bf76f.o(.text.HAL_ADC_ConfigChannel)
    __arm_cp.16_5                            0x08000348   Number         4  lto-llvm-7bf76f.o(.text.HAL_ADC_ConfigChannel)
    __arm_cp.16_6                            0x0800034c   Number         4  lto-llvm-7bf76f.o(.text.HAL_ADC_ConfigChannel)
    HAL_CRC_Init                             0x08000351   Thumb Code    96  lto-llvm-7bf76f.o(.text.HAL_CRC_Init)
    [Anonymous Symbol]                       0x08000350   Section        0  lto-llvm-7bf76f.o(.text.HAL_CRC_Init)
    __arm_cp.21_0                            0x080003b0   Number         4  lto-llvm-7bf76f.o(.text.HAL_CRC_Init)
    __arm_cp.21_1                            0x080003b4   Number         4  lto-llvm-7bf76f.o(.text.HAL_CRC_Init)
    HAL_GPIO_Init                            0x080003b9   Thumb Code   408  lto-llvm-7bf76f.o(.text.HAL_GPIO_Init)
    [Anonymous Symbol]                       0x080003b8   Section        0  lto-llvm-7bf76f.o(.text.HAL_GPIO_Init)
    __arm_cp.20_0                            0x08000550   Number         4  lto-llvm-7bf76f.o(.text.HAL_GPIO_Init)
    __arm_cp.20_1                            0x08000554   Number         4  lto-llvm-7bf76f.o(.text.HAL_GPIO_Init)
    __arm_cp.20_2                            0x08000558   Number         4  lto-llvm-7bf76f.o(.text.HAL_GPIO_Init)
    __arm_cp.20_3                            0x0800055c   Number         4  lto-llvm-7bf76f.o(.text.HAL_GPIO_Init)
    __arm_cp.20_4                            0x08000560   Number         4  lto-llvm-7bf76f.o(.text.HAL_GPIO_Init)
    __arm_cp.20_5                            0x08000564   Number         4  lto-llvm-7bf76f.o(.text.HAL_GPIO_Init)
    HAL_I2CEx_ConfigAnalogFilter             0x08000569   Thumb Code    64  lto-llvm-7bf76f.o(.text.HAL_I2CEx_ConfigAnalogFilter)
    [Anonymous Symbol]                       0x08000568   Section        0  lto-llvm-7bf76f.o(.text.HAL_I2CEx_ConfigAnalogFilter)
    HAL_I2CEx_ConfigDigitalFilter            0x080005a9   Thumb Code    64  lto-llvm-7bf76f.o(.text.HAL_I2CEx_ConfigDigitalFilter)
    [Anonymous Symbol]                       0x080005a8   Section        0  lto-llvm-7bf76f.o(.text.HAL_I2CEx_ConfigDigitalFilter)
    HAL_I2C_Init                             0x080005e9   Thumb Code   232  lto-llvm-7bf76f.o(.text.HAL_I2C_Init)
    [Anonymous Symbol]                       0x080005e8   Section        0  lto-llvm-7bf76f.o(.text.HAL_I2C_Init)
    __arm_cp.17_0                            0x080006d0   Number         4  lto-llvm-7bf76f.o(.text.HAL_I2C_Init)
    __arm_cp.17_1                            0x080006d4   Number         4  lto-llvm-7bf76f.o(.text.HAL_I2C_Init)
    __arm_cp.17_2                            0x080006d8   Number         4  lto-llvm-7bf76f.o(.text.HAL_I2C_Init)
    __arm_cp.17_3                            0x080006dc   Number         4  lto-llvm-7bf76f.o(.text.HAL_I2C_Init)
    __arm_cp.17_4                            0x080006e0   Number         4  lto-llvm-7bf76f.o(.text.HAL_I2C_Init)
    HAL_RS485Ex_Init                         0x080006e5   Thumb Code   868  lto-llvm-7bf76f.o(.text.HAL_RS485Ex_Init)
    [Anonymous Symbol]                       0x080006e4   Section        0  lto-llvm-7bf76f.o(.text.HAL_RS485Ex_Init)
    __arm_cp.29_0                            0x08000a48   Number         4  lto-llvm-7bf76f.o(.text.HAL_RS485Ex_Init)
    __arm_cp.29_1                            0x08000a4c   Number         4  lto-llvm-7bf76f.o(.text.HAL_RS485Ex_Init)
    __arm_cp.29_2                            0x08000a50   Number         4  lto-llvm-7bf76f.o(.text.HAL_RS485Ex_Init)
    __arm_cp.29_3                            0x08000a54   Number         4  lto-llvm-7bf76f.o(.text.HAL_RS485Ex_Init)
    __arm_cp.29_4                            0x08000a58   Number         4  lto-llvm-7bf76f.o(.text.HAL_RS485Ex_Init)
    __arm_cp.29_5                            0x08000a5c   Number         4  lto-llvm-7bf76f.o(.text.HAL_RS485Ex_Init)
    __arm_cp.29_7                            0x08000a70   Number         4  lto-llvm-7bf76f.o(.text.HAL_RS485Ex_Init)
    __arm_cp.29_8                            0x08000a74   Number         4  lto-llvm-7bf76f.o(.text.HAL_RS485Ex_Init)
    __arm_cp.29_9                            0x08000a78   Number         4  lto-llvm-7bf76f.o(.text.HAL_RS485Ex_Init)
    __arm_cp.29_10                           0x08000a7c   Number         4  lto-llvm-7bf76f.o(.text.HAL_RS485Ex_Init)
    __arm_cp.29_11                           0x08000a80   Number         4  lto-llvm-7bf76f.o(.text.HAL_RS485Ex_Init)
    __arm_cp.29_12                           0x08000a84   Number         4  lto-llvm-7bf76f.o(.text.HAL_RS485Ex_Init)
    __arm_cp.29_13                           0x08000a88   Number         4  lto-llvm-7bf76f.o(.text.HAL_RS485Ex_Init)
    __arm_cp.29_14                           0x08000a8c   Number         4  lto-llvm-7bf76f.o(.text.HAL_RS485Ex_Init)
    __arm_cp.29_15                           0x08000a90   Number         4  lto-llvm-7bf76f.o(.text.HAL_RS485Ex_Init)
    HAL_TIM_Base_Init                        0x08000a95   Thumb Code   252  lto-llvm-7bf76f.o(.text.HAL_TIM_Base_Init)
    [Anonymous Symbol]                       0x08000a94   Section        0  lto-llvm-7bf76f.o(.text.HAL_TIM_Base_Init)
    __arm_cp.22_1                            0x08000b90   Number         4  lto-llvm-7bf76f.o(.text.HAL_TIM_Base_Init)
    __arm_cp.22_2                            0x08000b94   Number         4  lto-llvm-7bf76f.o(.text.HAL_TIM_Base_Init)
    __arm_cp.22_3                            0x08000b98   Number         4  lto-llvm-7bf76f.o(.text.HAL_TIM_Base_Init)
    __arm_cp.22_4                            0x08000b9c   Number         4  lto-llvm-7bf76f.o(.text.HAL_TIM_Base_Init)
    __arm_cp.22_7                            0x08000ba0   Number         4  lto-llvm-7bf76f.o(.text.HAL_TIM_Base_Init)
    __arm_cp.22_8                            0x08000ba4   Number         4  lto-llvm-7bf76f.o(.text.HAL_TIM_Base_Init)
    __arm_cp.22_9                            0x08000ba8   Number         4  lto-llvm-7bf76f.o(.text.HAL_TIM_Base_Init)
    HAL_TIM_Base_Start_IT                    0x08000bad   Thumb Code    56  lto-llvm-7bf76f.o(.text.HAL_TIM_Base_Start_IT)
    [Anonymous Symbol]                       0x08000bac   Section        0  lto-llvm-7bf76f.o(.text.HAL_TIM_Base_Start_IT)
    __arm_cp.23_0                            0x08000be4   Number         4  lto-llvm-7bf76f.o(.text.HAL_TIM_Base_Start_IT)
    __arm_cp.23_1                            0x08000be8   Number         4  lto-llvm-7bf76f.o(.text.HAL_TIM_Base_Start_IT)
    __arm_cp.23_2                            0x08000bec   Number         4  lto-llvm-7bf76f.o(.text.HAL_TIM_Base_Start_IT)
    HAL_UART_ErrorCallback                   0x08000bf1   Thumb Code   240  lto-llvm-7bf76f.o(.text.HAL_UART_ErrorCallback)
    [Anonymous Symbol]                       0x08000bf0   Section        0  lto-llvm-7bf76f.o(.text.HAL_UART_ErrorCallback)
    HAL_UART_Receive_IT                      0x08000ce1   Thumb Code   244  lto-llvm-7bf76f.o(.text.HAL_UART_Receive_IT)
    [Anonymous Symbol]                       0x08000ce0   Section        0  lto-llvm-7bf76f.o(.text.HAL_UART_Receive_IT)
    __arm_cp.25_0                            0x08000dd4   Number         4  lto-llvm-7bf76f.o(.text.HAL_UART_Receive_IT)
    __arm_cp.25_2                            0x08000dd8   Number         4  lto-llvm-7bf76f.o(.text.HAL_UART_Receive_IT)
    __arm_cp.25_3                            0x08000ddc   Number         4  lto-llvm-7bf76f.o(.text.HAL_UART_Receive_IT)
    __arm_cp.25_4                            0x08000de0   Number         4  lto-llvm-7bf76f.o(.text.HAL_UART_Receive_IT)
    HAL_UART_RxCpltCallback                  0x08000de5   Thumb Code   440  lto-llvm-7bf76f.o(.text.HAL_UART_RxCpltCallback)
    [Anonymous Symbol]                       0x08000de4   Section        0  lto-llvm-7bf76f.o(.text.HAL_UART_RxCpltCallback)
    __arm_cp.4_1                             0x08000f9c   Number         4  lto-llvm-7bf76f.o(.text.HAL_UART_RxCpltCallback)
    __arm_cp.4_2                             0x08000fa0   Number         4  lto-llvm-7bf76f.o(.text.HAL_UART_RxCpltCallback)
    __arm_cp.4_3                             0x08000fa4   Number         4  lto-llvm-7bf76f.o(.text.HAL_UART_RxCpltCallback)
    __arm_cp.4_4                             0x08000fa8   Number         4  lto-llvm-7bf76f.o(.text.HAL_UART_RxCpltCallback)
    __arm_cp.4_5                             0x08000fac   Number         4  lto-llvm-7bf76f.o(.text.HAL_UART_RxCpltCallback)
    __arm_cp.4_6                             0x08000fb0   Number         4  lto-llvm-7bf76f.o(.text.HAL_UART_RxCpltCallback)
    __arm_cp.4_7                             0x08000fb4   Number         4  lto-llvm-7bf76f.o(.text.HAL_UART_RxCpltCallback)
    __arm_cp.4_8                             0x08000fb8   Number         4  lto-llvm-7bf76f.o(.text.HAL_UART_RxCpltCallback)
    [Anonymous Symbol]                       0x08000fbc   Section        0  lto-llvm-7bf76f.o(.text.HardFault_Handler)
    [Anonymous Symbol]                       0x08000fbe   Section        0  lto-llvm-7bf76f.o(.text.NMI_Handler)
    [Anonymous Symbol]                       0x08000fc0   Section        0  lto-llvm-7bf76f.o(.text.PendSV_Handler)
    STATUS_Listener                          0x08000fc5   Thumb Code    64  lto-llvm-7bf76f.o(.text.STATUS_Listener)
    [Anonymous Symbol]                       0x08000fc4   Section        0  lto-llvm-7bf76f.o(.text.STATUS_Listener)
    __arm_cp.1_0                             0x08001004   Number         4  lto-llvm-7bf76f.o(.text.STATUS_Listener)
    __arm_cp.1_1                             0x08001008   Number         4  lto-llvm-7bf76f.o(.text.STATUS_Listener)
    __arm_cp.1_2                             0x0800100c   Number         4  lto-llvm-7bf76f.o(.text.STATUS_Listener)
    [Anonymous Symbol]                       0x08001010   Section        0  lto-llvm-7bf76f.o(.text.SVC_Handler)
    [Anonymous Symbol]                       0x08001014   Section        0  lto-llvm-7bf76f.o(.text.SysTick_Handler)
    __arm_cp.10_0                            0x08001098   Number         4  lto-llvm-7bf76f.o(.text.SysTick_Handler)
    __arm_cp.10_1                            0x0800109c   Number         4  lto-llvm-7bf76f.o(.text.SysTick_Handler)
    __arm_cp.10_2                            0x080010a0   Number         4  lto-llvm-7bf76f.o(.text.SysTick_Handler)
    __arm_cp.10_4                            0x080010a4   Number         4  lto-llvm-7bf76f.o(.text.SysTick_Handler)
    [Anonymous Symbol]                       0x080010a8   Section        0  lto-llvm-7bf76f.o(.text.SystemInit)
    TF_AddTypeListener                       0x080010ad   Thumb Code   308  lto-llvm-7bf76f.o(.text.TF_AddTypeListener)
    [Anonymous Symbol]                       0x080010ac   Section        0  lto-llvm-7bf76f.o(.text.TF_AddTypeListener)
    __arm_cp.13_0                            0x080011e0   Number         4  lto-llvm-7bf76f.o(.text.TF_AddTypeListener)
    __arm_cp.13_2                            0x080011e4   Number         4  lto-llvm-7bf76f.o(.text.TF_AddTypeListener)
    __arm_cp.13_3                            0x080011e8   Number         4  lto-llvm-7bf76f.o(.text.TF_AddTypeListener)
    __arm_cp.13_4                            0x080011ec   Number         4  lto-llvm-7bf76f.o(.text.TF_AddTypeListener)
    __arm_cp.13_5                            0x080011f0   Number         4  lto-llvm-7bf76f.o(.text.TF_AddTypeListener)
    __arm_cp.13_6                            0x080011f4   Number         4  lto-llvm-7bf76f.o(.text.TF_AddTypeListener)
    __arm_cp.13_7                            0x080011f8   Number         4  lto-llvm-7bf76f.o(.text.TF_AddTypeListener)
    __arm_cp.13_8                            0x080011fc   Number         4  lto-llvm-7bf76f.o(.text.TF_AddTypeListener)
    __arm_cp.13_9                            0x08001200   Number         4  lto-llvm-7bf76f.o(.text.TF_AddTypeListener)
    __arm_cp.13_10                           0x08001204   Number         4  lto-llvm-7bf76f.o(.text.TF_AddTypeListener)
    __arm_cp.13_11                           0x08001208   Number         4  lto-llvm-7bf76f.o(.text.TF_AddTypeListener)
    __arm_cp.13_12                           0x0800120c   Number         4  lto-llvm-7bf76f.o(.text.TF_AddTypeListener)
    __arm_cp.13_13                           0x08001210   Number         4  lto-llvm-7bf76f.o(.text.TF_AddTypeListener)
    __arm_cp.13_14                           0x08001214   Number         4  lto-llvm-7bf76f.o(.text.TF_AddTypeListener)
    __arm_cp.13_15                           0x08001218   Number         4  lto-llvm-7bf76f.o(.text.TF_AddTypeListener)
    __arm_cp.13_16                           0x0800121c   Number         4  lto-llvm-7bf76f.o(.text.TF_AddTypeListener)
    __arm_cp.13_17                           0x08001220   Number         4  lto-llvm-7bf76f.o(.text.TF_AddTypeListener)
    __arm_cp.13_18                           0x08001224   Number         4  lto-llvm-7bf76f.o(.text.TF_AddTypeListener)
    __arm_cp.13_19                           0x08001228   Number         4  lto-llvm-7bf76f.o(.text.TF_AddTypeListener)
    __arm_cp.13_20                           0x0800122c   Number         4  lto-llvm-7bf76f.o(.text.TF_AddTypeListener)
    TF_HandleReceivedMessage                 0x08001231   Thumb Code   396  lto-llvm-7bf76f.o(.text.TF_HandleReceivedMessage)
    [Anonymous Symbol]                       0x08001230   Section        0  lto-llvm-7bf76f.o(.text.TF_HandleReceivedMessage)
    __arm_cp.14_0                            0x080013bc   Number         4  lto-llvm-7bf76f.o(.text.TF_HandleReceivedMessage)
    __arm_cp.14_1                            0x080013c0   Number         4  lto-llvm-7bf76f.o(.text.TF_HandleReceivedMessage)
    __arm_cp.14_2                            0x080013c4   Number         4  lto-llvm-7bf76f.o(.text.TF_HandleReceivedMessage)
    __arm_cp.14_3                            0x080013c8   Number         4  lto-llvm-7bf76f.o(.text.TF_HandleReceivedMessage)
    TF_Respond                               0x080013cd   Thumb Code   504  lto-llvm-7bf76f.o(.text.TF_Respond)
    [Anonymous Symbol]                       0x080013cc   Section        0  lto-llvm-7bf76f.o(.text.TF_Respond)
    __arm_cp.15_0                            0x080015c4   Number         4  lto-llvm-7bf76f.o(.text.TF_Respond)
    __arm_cp.15_1                            0x080015c8   Number         4  lto-llvm-7bf76f.o(.text.TF_Respond)
    __arm_cp.15_2                            0x080015cc   Number         4  lto-llvm-7bf76f.o(.text.TF_Respond)
    TF_WriteImpl                             0x080015d1   Thumb Code   300  lto-llvm-7bf76f.o(.text.TF_WriteImpl)
    [Anonymous Symbol]                       0x080015d0   Section        0  lto-llvm-7bf76f.o(.text.TF_WriteImpl)
    __arm_cp.3_0                             0x080016fc   Number         4  lto-llvm-7bf76f.o(.text.TF_WriteImpl)
    __arm_cp.3_1                             0x08001700   Number         4  lto-llvm-7bf76f.o(.text.TF_WriteImpl)
    __arm_cp.3_2                             0x08001704   Number         4  lto-llvm-7bf76f.o(.text.TF_WriteImpl)
    [Anonymous Symbol]                       0x08001708   Section        0  lto-llvm-7bf76f.o(.text.TIM14_IRQHandler)
    __arm_cp.11_0                            0x080018c8   Number         4  lto-llvm-7bf76f.o(.text.TIM14_IRQHandler)
    __arm_cp.11_1                            0x080018cc   Number         4  lto-llvm-7bf76f.o(.text.TIM14_IRQHandler)
    __arm_cp.11_2                            0x080018d0   Number         4  lto-llvm-7bf76f.o(.text.TIM14_IRQHandler)
    __arm_cp.11_3                            0x080018d4   Number         4  lto-llvm-7bf76f.o(.text.TIM14_IRQHandler)
    __arm_cp.11_4                            0x080018d8   Number         4  lto-llvm-7bf76f.o(.text.TIM14_IRQHandler)
    __arm_cp.11_5                            0x080018dc   Number         4  lto-llvm-7bf76f.o(.text.TIM14_IRQHandler)
    __arm_cp.11_6                            0x080018e0   Number         4  lto-llvm-7bf76f.o(.text.TIM14_IRQHandler)
    UART_DMAAbortOnError                     0x080018e5   Thumb Code    22  lto-llvm-7bf76f.o(.text.UART_DMAAbortOnError)
    [Anonymous Symbol]                       0x080018e4   Section        0  lto-llvm-7bf76f.o(.text.UART_DMAAbortOnError)
    UART_RxISR_16BIT                         0x080018fb   Thumb Code   192  lto-llvm-7bf76f.o(.text.UART_RxISR_16BIT)
    [Anonymous Symbol]                       0x080018fa   Section        0  lto-llvm-7bf76f.o(.text.UART_RxISR_16BIT)
    UART_RxISR_8BIT                          0x080019bb   Thumb Code   194  lto-llvm-7bf76f.o(.text.UART_RxISR_8BIT)
    [Anonymous Symbol]                       0x080019ba   Section        0  lto-llvm-7bf76f.o(.text.UART_RxISR_8BIT)
    UART_WaitOnFlagUntilTimeout              0x08001a7d   Thumb Code   260  lto-llvm-7bf76f.o(.text.UART_WaitOnFlagUntilTimeout)
    [Anonymous Symbol]                       0x08001a7c   Section        0  lto-llvm-7bf76f.o(.text.UART_WaitOnFlagUntilTimeout)
    __arm_cp.24_0                            0x08001b80   Number         4  lto-llvm-7bf76f.o(.text.UART_WaitOnFlagUntilTimeout)
    [Anonymous Symbol]                       0x08001b84   Section        0  lto-llvm-7bf76f.o(.text.USART1_IRQHandler)
    __arm_cp.12_6                            0x08001ea4   Number         4  lto-llvm-7bf76f.o(.text.USART1_IRQHandler)
    __arm_cp.12_0                            0x08001f78   Number         4  lto-llvm-7bf76f.o(.text.USART1_IRQHandler)
    __arm_cp.12_2                            0x08001f7c   Number         4  lto-llvm-7bf76f.o(.text.USART1_IRQHandler)
    __arm_cp.12_3                            0x08001f80   Number         4  lto-llvm-7bf76f.o(.text.USART1_IRQHandler)
    [Anonymous Symbol]                       0x08001f84   Section        0  lto-llvm-7bf76f.o(.text.main)
    __arm_cp.0_50                            0x080022a0   Number         4  lto-llvm-7bf76f.o(.text.main)
    __arm_cp.0_55                            0x080022b4   Number         4  lto-llvm-7bf76f.o(.text.main)
    __arm_cp.0_56                            0x080022b8   Number         4  lto-llvm-7bf76f.o(.text.main)
    __arm_cp.0_57                            0x080022bc   Number         4  lto-llvm-7bf76f.o(.text.main)
    __arm_cp.0_59                            0x080022c4   Number         4  lto-llvm-7bf76f.o(.text.main)
    __arm_cp.0_60                            0x080022c8   Number         4  lto-llvm-7bf76f.o(.text.main)
    __arm_cp.0_61                            0x08002684   Number         4  lto-llvm-7bf76f.o(.text.main)
    __arm_cp.0_62                            0x08002688   Number         4  lto-llvm-7bf76f.o(.text.main)
    AHBPrescTable                            0x0800268c   Number         0  lto-llvm-7bf76f.o(.text.main)
    __arm_cp.0_64                            0x0800269c   Number         4  lto-llvm-7bf76f.o(.text.main)
    __arm_cp.0_65                            0x080026a0   Number         4  lto-llvm-7bf76f.o(.text.main)
    __arm_cp.0_66                            0x080026a4   Number         4  lto-llvm-7bf76f.o(.text.main)
    __arm_cp.0_67                            0x080026a8   Number         4  lto-llvm-7bf76f.o(.text.main)
    __arm_cp.0_72                            0x080026bc   Number         4  lto-llvm-7bf76f.o(.text.main)
    __arm_cp.0_73                            0x080026c0   Number         4  lto-llvm-7bf76f.o(.text.main)
    __arm_cp.0_74                            0x080026c4   Number         4  lto-llvm-7bf76f.o(.text.main)
    __arm_cp.0_75                            0x080026c8   Number         4  lto-llvm-7bf76f.o(.text.main)
    __arm_cp.0_76                            0x080026cc   Number         4  lto-llvm-7bf76f.o(.text.main)
    __arm_cp.0_77                            0x080026d0   Number         4  lto-llvm-7bf76f.o(.text.main)
    __arm_cp.0_78                            0x080026d4   Number         4  lto-llvm-7bf76f.o(.text.main)
    __arm_cp.0_79                            0x080026d8   Number         4  lto-llvm-7bf76f.o(.text.main)
    __arm_cp.0_80                            0x080026dc   Number         4  lto-llvm-7bf76f.o(.text.main)
    __arm_cp.0_81                            0x08002a34   Number         4  lto-llvm-7bf76f.o(.text.main)
    __arm_cp.0_82                            0x08002a38   Number         4  lto-llvm-7bf76f.o(.text.main)
    __arm_cp.0_83                            0x08002a3c   Number         4  lto-llvm-7bf76f.o(.text.main)
    __arm_cp.0_84                            0x08002a40   Number         4  lto-llvm-7bf76f.o(.text.main)
    __arm_cp.0_85                            0x08002a44   Number         4  lto-llvm-7bf76f.o(.text.main)
    __arm_cp.0_86                            0x08002a48   Number         4  lto-llvm-7bf76f.o(.text.main)
    __arm_cp.0_87                            0x08002a4c   Number         4  lto-llvm-7bf76f.o(.text.main)
    __arm_cp.0_88                            0x08002a50   Number         4  lto-llvm-7bf76f.o(.text.main)
    __arm_cp.0_89                            0x08002a54   Number         4  lto-llvm-7bf76f.o(.text.main)
    __arm_cp.0_92                            0x08002a60   Number         4  lto-llvm-7bf76f.o(.text.main)
    __arm_cp.0_93                            0x08002a64   Number         4  lto-llvm-7bf76f.o(.text.main)
    __arm_cp.0_94                            0x08002a68   Number         4  lto-llvm-7bf76f.o(.text.main)
    __arm_cp.0_95                            0x08002a6c   Number         4  lto-llvm-7bf76f.o(.text.main)
    __arm_cp.0_96                            0x08002a70   Number         4  lto-llvm-7bf76f.o(.text.main)
    __arm_cp.0_14                            0x08002be8   Number         4  lto-llvm-7bf76f.o(.text.main)
    __arm_cp.0_15                            0x08002bec   Number         4  lto-llvm-7bf76f.o(.text.main)
    __arm_cp.0_16                            0x08002bf0   Number         4  lto-llvm-7bf76f.o(.text.main)
    __arm_cp.0_35                            0x08002bf4   Number         4  lto-llvm-7bf76f.o(.text.main)
    __arm_cp.0_39                            0x08002bf8   Number         4  lto-llvm-7bf76f.o(.text.main)
    __arm_cp.0_41                            0x08002bfc   Number         4  lto-llvm-7bf76f.o(.text.main)
    __arm_cp.0_42                            0x08002c00   Number         4  lto-llvm-7bf76f.o(.text.main)
    __arm_cp.0_43                            0x08002c04   Number         4  lto-llvm-7bf76f.o(.text.main)
    __arm_cp.0_44                            0x08002c08   Number         4  lto-llvm-7bf76f.o(.text.main)
    __arm_cp.0_45                            0x08002c0c   Number         4  lto-llvm-7bf76f.o(.text.main)
    __arm_cp.0_46                            0x08002c10   Number         4  lto-llvm-7bf76f.o(.text.main)
    __arm_cp.0_47                            0x08002c14   Number         4  lto-llvm-7bf76f.o(.text.main)
    __arm_cp.0_48                            0x08002c18   Number         4  lto-llvm-7bf76f.o(.text.main)
    __arm_cp.0_49                            0x08002c1c   Number         4  lto-llvm-7bf76f.o(.text.main)
    i.__scatterload_copy                     0x08002c20   Section       14  handlers.o(i.__scatterload_copy)
    i.__scatterload_null                     0x08002c2e   Section        2  handlers.o(i.__scatterload_null)
    i.__scatterload_zeroinit                 0x08002c30   Section       14  handlers.o(i.__scatterload_zeroinit)
    crc16_table                              0x08002c3e   Data         512  lto-llvm-7bf76f.o(.rodata.crc16_table)
    [Anonymous Symbol]                       0x08002c3e   Section        0  lto-llvm-7bf76f.o(.rodata.crc16_table)
    HAL_RCC_GetSysClockFreq.aPLLMULFactorTable 0x08002e3e   Data          16  lto-llvm-7bf76f.o(.rodata.cst16)
    [Anonymous Symbol]                       0x08002e3e   Section        0  lto-llvm-7bf76f.o(.rodata.cst16)
    HAL_RCC_GetSysClockFreq.aPredivFactorTable 0x08002e4e   Data          16  lto-llvm-7bf76f.o(.rodata.cst16)
    APBPrescTable                            0x08002e5e   Data           8  lto-llvm-7bf76f.o(.rodata.cst8)
    [Anonymous Symbol]                       0x08002e5e   Section        0  lto-llvm-7bf76f.o(.rodata.cst8)
    SystemCoreClock                          0x20000000   Data           4  lto-llvm-7bf76f.o(.data.SystemCoreClock)
    [Anonymous Symbol]                       0x20000000   Section        0  lto-llvm-7bf76f.o(.data.SystemCoreClock)
    selected_channel                         0x20000004   Data           1  lto-llvm-7bf76f.o(.data.selected_channel)
    [Anonymous Symbol]                       0x20000004   Section        0  lto-llvm-7bf76f.o(.data.selected_channel)
    active_row                               0x20000008   Data           1  lto-llvm-7bf76f.o(.bss.active_row)
    [Anonymous Symbol]                       0x20000008   Section        0  lto-llvm-7bf76f.o(.bss.active_row)
    button_onoff_prev                        0x20000009   Data           1  lto-llvm-7bf76f.o(.bss.button_onoff_prev)
    [Anonymous Symbol]                       0x20000009   Section        0  lto-llvm-7bf76f.o(.bss.button_onoff_prev)
    button_select_prev                       0x2000000a   Data           1  lto-llvm-7bf76f.o(.bss.button_select_prev)
    [Anonymous Symbol]                       0x2000000a   Section        0  lto-llvm-7bf76f.o(.bss.button_select_prev)
    first_toggle                             0x2000000b   Data           1  lto-llvm-7bf76f.o(.bss.first_toggle)
    [Anonymous Symbol]                       0x2000000b   Section        0  lto-llvm-7bf76f.o(.bss.first_toggle)
    hadc                                     0x2000000c   Data          64  lto-llvm-7bf76f.o(.bss.hadc)
    [Anonymous Symbol]                       0x2000000c   Section        0  lto-llvm-7bf76f.o(.bss.hadc)
    hcrc                                     0x2000004c   Data          28  lto-llvm-7bf76f.o(.bss.hcrc)
    [Anonymous Symbol]                       0x2000004c   Section        0  lto-llvm-7bf76f.o(.bss.hcrc)
    hi2c1                                    0x20000068   Data          84  lto-llvm-7bf76f.o(.bss.hi2c1)
    [Anonymous Symbol]                       0x20000068   Section        0  lto-llvm-7bf76f.o(.bss.hi2c1)
    htim14                                   0x200000bc   Data          72  lto-llvm-7bf76f.o(.bss.htim14)
    [Anonymous Symbol]                       0x200000bc   Section        0  lto-llvm-7bf76f.o(.bss.htim14)
    huart1                                   0x20000104   Data         136  lto-llvm-7bf76f.o(.bss.huart1)
    [Anonymous Symbol]                       0x20000104   Section        0  lto-llvm-7bf76f.o(.bss.huart1)
    init_tf                                  0x2000018c   Data           1  lto-llvm-7bf76f.o(.bss.init_tf)
    [Anonymous Symbol]                       0x2000018c   Section        0  lto-llvm-7bf76f.o(.bss.init_tf)
    last_press_time                          0x20000190   Data           4  lto-llvm-7bf76f.o(.bss.last_press_time)
    [Anonymous Symbol]                       0x20000190   Section        0  lto-llvm-7bf76f.o(.bss.last_press_time)
    last_toggle_time                         0x20000194   Data           4  lto-llvm-7bf76f.o(.bss.last_toggle_time)
    [Anonymous Symbol]                       0x20000194   Section        0  lto-llvm-7bf76f.o(.bss.last_toggle_time)
    led_states                               0x20000198   Data          16  lto-llvm-7bf76f.o(.bss.led_states)
    [Anonymous Symbol]                       0x20000198   Section        0  lto-llvm-7bf76f.o(.bss.led_states)
    menu_activ                               0x200001a8   Data           1  lto-llvm-7bf76f.o(.bss.menu_activ)
    [Anonymous Symbol]                       0x200001a8   Section        0  lto-llvm-7bf76f.o(.bss.menu_activ)
    menu_timer                               0x200001ac   Data           4  lto-llvm-7bf76f.o(.bss.menu_timer)
    [Anonymous Symbol]                       0x200001ac   Section        0  lto-llvm-7bf76f.o(.bss.menu_timer)
    my_address                               0x200001b0   Data           1  lto-llvm-7bf76f.o(.bss.my_address)
    [Anonymous Symbol]                       0x200001b0   Section        0  lto-llvm-7bf76f.o(.bss.my_address)
    rec                                      0x200001b1   Data           1  lto-llvm-7bf76f.o(.bss.rec)
    [Anonymous Symbol]                       0x200001b1   Section        0  lto-llvm-7bf76f.o(.bss.rec)
    tfapp                                    0x200001b4   Data        1776  lto-llvm-7bf76f.o(.bss.tfapp)
    [Anonymous Symbol]                       0x200001b4   Section        0  lto-llvm-7bf76f.o(.bss.tfapp)
    toggle_state                             0x200008a4   Data           1  lto-llvm-7bf76f.o(.bss.toggle_state)
    [Anonymous Symbol]                       0x200008a4   Section        0  lto-llvm-7bf76f.o(.bss.toggle_state)
    triac_end                                0x200008a6   Data           2  lto-llvm-7bf76f.o(.bss.triac_end)
    [Anonymous Symbol]                       0x200008a6   Section        0  lto-llvm-7bf76f.o(.bss.triac_end)
    triac_start                              0x200008a8   Data           2  lto-llvm-7bf76f.o(.bss.triac_start)
    [Anonymous Symbol]                       0x200008a8   Section        0  lto-llvm-7bf76f.o(.bss.triac_start)
    triac_states                             0x200008aa   Data          16  lto-llvm-7bf76f.o(.bss.triac_states)
    [Anonymous Symbol]                       0x200008aa   Section        0  lto-llvm-7bf76f.o(.bss.triac_states)
    uwTick                                   0x200008bc   Data           4  lto-llvm-7bf76f.o(.bss.uwTick)
    [Anonymous Symbol]                       0x200008bc   Section        0  lto-llvm-7bf76f.o(.bss.uwTick)
    STACK                                    0x200008c0   Section     1024  startup_stm32f030x6.o(STACK)

    Global Symbols

    Symbol Name                              Value     Ov Type        Size  Object(Section)

    BuildAttributes$$THM_ISAv3M$S$PE$A:L22$X:L11$S22$IEEE1$IW$~IW$USESV6$~STKCKD$USESV7$~SHL$OTIME$ROPI$IEEEF$EBA8$MICROLIB$REQ8$PRES8$EABIv2 0x00000000   Number         0  anon$$obj.o ABSOLUTE
    _printf_a                                0x00000000   Number         0  printfstubs.o ABSOLUTE
    _printf_c                                0x00000000   Number         0  printfstubs.o ABSOLUTE
    _printf_charcount                        0x00000000   Number         0  printfstubs.o ABSOLUTE
    _printf_d                                0x00000000   Number         0  printfstubs.o ABSOLUTE
    _printf_e                                0x00000000   Number         0  printfstubs.o ABSOLUTE
    _printf_f                                0x00000000   Number         0  printfstubs.o ABSOLUTE
    _printf_flags                            0x00000000   Number         0  printfstubs.o ABSOLUTE
    _printf_fp_dec                           0x00000000   Number         0  printfstubs.o ABSOLUTE
    _printf_fp_hex                           0x00000000   Number         0  printfstubs.o ABSOLUTE
    _printf_g                                0x00000000   Number         0  printfstubs.o ABSOLUTE
    _printf_i                                0x00000000   Number         0  printfstubs.o ABSOLUTE
    _printf_int_dec                          0x00000000   Number         0  printfstubs.o ABSOLUTE
    _printf_l                                0x00000000   Number         0  printfstubs.o ABSOLUTE
    _printf_lc                               0x00000000   Number         0  printfstubs.o ABSOLUTE
    _printf_ll                               0x00000000   Number         0  printfstubs.o ABSOLUTE
    _printf_lld                              0x00000000   Number         0  printfstubs.o ABSOLUTE
    _printf_lli                              0x00000000   Number         0  printfstubs.o ABSOLUTE
    _printf_llo                              0x00000000   Number         0  printfstubs.o ABSOLUTE
    _printf_llu                              0x00000000   Number         0  printfstubs.o ABSOLUTE
    _printf_llx                              0x00000000   Number         0  printfstubs.o ABSOLUTE
    _printf_longlong_dec                     0x00000000   Number         0  printfstubs.o ABSOLUTE
    _printf_longlong_hex                     0x00000000   Number         0  printfstubs.o ABSOLUTE
    _printf_longlong_oct                     0x00000000   Number         0  printfstubs.o ABSOLUTE
    _printf_ls                               0x00000000   Number         0  printfstubs.o ABSOLUTE
    _printf_mbtowc                           0x00000000   Number         0  printfstubs.o ABSOLUTE
    _printf_n                                0x00000000   Number         0  printfstubs.o ABSOLUTE
    _printf_o                                0x00000000   Number         0  printfstubs.o ABSOLUTE
    _printf_p                                0x00000000   Number         0  printfstubs.o ABSOLUTE
    _printf_percent                          0x00000000   Number         0  printfstubs.o ABSOLUTE
    _printf_pre_padding                      0x00000000   Number         0  printfstubs.o ABSOLUTE
    _printf_return_value                     0x00000000   Number         0  printfstubs.o ABSOLUTE
    _printf_s                                0x00000000   Number         0  printfstubs.o ABSOLUTE
    _printf_sizespec                         0x00000000   Number         0  printfstubs.o ABSOLUTE
    _printf_str                              0x00000000   Number         0  printfstubs.o ABSOLUTE
    _printf_truncate_signed                  0x00000000   Number         0  printfstubs.o ABSOLUTE
    _printf_truncate_unsigned                0x00000000   Number         0  printfstubs.o ABSOLUTE
    _printf_u                                0x00000000   Number         0  printfstubs.o ABSOLUTE
    _printf_wc                               0x00000000   Number         0  printfstubs.o ABSOLUTE
    _printf_wctomb                           0x00000000   Number         0  printfstubs.o ABSOLUTE
    _printf_widthprec                        0x00000000   Number         0  printfstubs.o ABSOLUTE
    _printf_x                                0x00000000   Number         0  printfstubs.o ABSOLUTE
    __cpp_initialize__aeabi_                  - Undefined Weak Reference
    __cxa_finalize                            - Undefined Weak Reference
    __decompress                              - Undefined Weak Reference
    _clock_init                               - Undefined Weak Reference
    _microlib_exit                            - Undefined Weak Reference
    __Vectors_Size                           0x000000b0   Number         0  startup_stm32f030x6.o ABSOLUTE
    __Vectors                                0x08000000   Data           4  startup_stm32f030x6.o(RESET)
    __Vectors_End                            0x080000b0   Data           0  startup_stm32f030x6.o(RESET)
    __main                                   0x080000b1   Thumb Code     0  entry.o(.ARM.Collect$$$$00000000)
    _main_stk                                0x080000b1   Thumb Code     0  entry2.o(.ARM.Collect$$$$00000001)
    _main_scatterload                        0x080000b5   Thumb Code     0  entry5.o(.ARM.Collect$$$$00000004)
    __main_after_scatterload                 0x080000b9   Thumb Code     0  entry5.o(.ARM.Collect$$$$00000004)
    _main_clock                              0x080000b9   Thumb Code     0  entry7b.o(.ARM.Collect$$$$00000008)
    _main_cpp_init                           0x080000b9   Thumb Code     0  entry8b.o(.ARM.Collect$$$$0000000A)
    _main_init                               0x080000b9   Thumb Code     0  entry9a.o(.ARM.Collect$$$$0000000B)
    __rt_final_cpp                           0x080000c1   Thumb Code     0  entry10a.o(.ARM.Collect$$$$0000000D)
    __rt_final_exit                          0x080000c1   Thumb Code     0  entry11a.o(.ARM.Collect$$$$0000000F)
    Reset_Handler                            0x080000c5   Thumb Code     8  startup_stm32f030x6.o(.text)
    ADC1_IRQHandler                          0x080000d7   Thumb Code     0  startup_stm32f030x6.o(.text)
    DMA1_Channel1_IRQHandler                 0x080000d7   Thumb Code     0  startup_stm32f030x6.o(.text)
    DMA1_Channel2_3_IRQHandler               0x080000d7   Thumb Code     0  startup_stm32f030x6.o(.text)
    DMA1_Channel4_5_IRQHandler               0x080000d7   Thumb Code     0  startup_stm32f030x6.o(.text)
    EXTI0_1_IRQHandler                       0x080000d7   Thumb Code     0  startup_stm32f030x6.o(.text)
    EXTI2_3_IRQHandler                       0x080000d7   Thumb Code     0  startup_stm32f030x6.o(.text)
    EXTI4_15_IRQHandler                      0x080000d7   Thumb Code     0  startup_stm32f030x6.o(.text)
    FLASH_IRQHandler                         0x080000d7   Thumb Code     0  startup_stm32f030x6.o(.text)
    I2C1_IRQHandler                          0x080000d7   Thumb Code     0  startup_stm32f030x6.o(.text)
    RCC_IRQHandler                           0x080000d7   Thumb Code     0  startup_stm32f030x6.o(.text)
    RTC_IRQHandler                           0x080000d7   Thumb Code     0  startup_stm32f030x6.o(.text)
    SPI1_IRQHandler                          0x080000d7   Thumb Code     0  startup_stm32f030x6.o(.text)
    TIM16_IRQHandler                         0x080000d7   Thumb Code     0  startup_stm32f030x6.o(.text)
    TIM17_IRQHandler                         0x080000d7   Thumb Code     0  startup_stm32f030x6.o(.text)
    TIM1_BRK_UP_TRG_COM_IRQHandler           0x080000d7   Thumb Code     0  startup_stm32f030x6.o(.text)
    TIM1_CC_IRQHandler                       0x080000d7   Thumb Code     0  startup_stm32f030x6.o(.text)
    TIM3_IRQHandler                          0x080000d7   Thumb Code     0  startup_stm32f030x6.o(.text)
    WWDG_IRQHandler                          0x080000d7   Thumb Code     0  startup_stm32f030x6.o(.text)
    __scatterload                            0x080000e1   Thumb Code    28  init.o(.text)
    __scatterload_rt2                        0x080000e1   Thumb Code     0  init.o(.text)
    __aeabi_uidiv                            0x08000105   Thumb Code     0  uidiv_div0.o(.text)
    __aeabi_uidivmod                         0x08000105   Thumb Code    62  uidiv_div0.o(.text)
    __aeabi_memset                           0x08000143   Thumb Code    14  memseta.o(.text)
    __aeabi_memset4                          0x08000143   Thumb Code     0  memseta.o(.text)
    __aeabi_memset8                          0x08000143   Thumb Code     0  memseta.o(.text)
    __aeabi_memclr                           0x08000151   Thumb Code     4  memseta.o(.text)
    __aeabi_memclr4                          0x08000151   Thumb Code     0  memseta.o(.text)
    __aeabi_memclr8                          0x08000151   Thumb Code     0  memseta.o(.text)
    _memset$wrapper                          0x08000155   Thumb Code    18  memseta.o(.text)
    HardFault_Handler                        0x08000fbd   Thumb Code     2  lto-llvm-7bf76f.o(.text.HardFault_Handler)
    NMI_Handler                              0x08000fbf   Thumb Code     2  lto-llvm-7bf76f.o(.text.NMI_Handler)
    PendSV_Handler                           0x08000fc1   Thumb Code     2  lto-llvm-7bf76f.o(.text.PendSV_Handler)
    SVC_Handler                              0x08001011   Thumb Code     2  lto-llvm-7bf76f.o(.text.SVC_Handler)
    SysTick_Handler                          0x08001015   Thumb Code   132  lto-llvm-7bf76f.o(.text.SysTick_Handler)
    SystemInit                               0x080010a9   Thumb Code     2  lto-llvm-7bf76f.o(.text.SystemInit)
    TIM14_IRQHandler                         0x08001709   Thumb Code   448  lto-llvm-7bf76f.o(.text.TIM14_IRQHandler)
    USART1_IRQHandler                        0x08001b85   Thumb Code  1012  lto-llvm-7bf76f.o(.text.USART1_IRQHandler)
    main                                     0x08001f85   Thumb Code  3172  lto-llvm-7bf76f.o(.text.main)
    __scatterload_copy                       0x08002c21   Thumb Code    14  handlers.o(i.__scatterload_copy)
    __scatterload_null                       0x08002c2f   Thumb Code     2  handlers.o(i.__scatterload_null)
    __scatterload_zeroinit                   0x08002c31   Thumb Code    14  handlers.o(i.__scatterload_zeroinit)
    Region$$Table$$Base                      0x08002e68   Number         0  anon$$obj.o(Region$$Table)
    Region$$Table$$Limit                     0x08002e88   Number         0  anon$$obj.o(Region$$Table)
    __initial_sp                             0x20000cc0   Data           0  startup_stm32f030x6.o(STACK)



==============================================================================

Memory Map of the image

  Image Entry point : 0x080000b1

  Load Region LR_IROM1 (Base: 0x08000000, Size: 0x00002e90, Max: 0x00008000, ABSOLUTE)

    Execution Region ER_IROM1 (Exec base: 0x08000000, Load base: 0x08000000, Size: 0x00002e88, Max: 0x00008000, ABSOLUTE)

    Exec Addr    Load Addr    Size         Type   Attr      Idx    E Section Name        Object

    0x08000000   0x08000000   0x000000b0   Data   RO            3    RESET               startup_stm32f030x6.o
    0x080000b0   0x080000b0   0x00000000   Code   RO           37  * .ARM.Collect$$$$00000000  mc_p.l(entry.o)
    0x080000b0   0x080000b0   0x00000004   Code   RO          335    .ARM.Collect$$$$00000001  mc_p.l(entry2.o)
    0x080000b4   0x080000b4   0x00000004   Code   RO          338    .ARM.Collect$$$$00000004  mc_p.l(entry5.o)
    0x080000b8   0x080000b8   0x00000000   Code   RO          340    .ARM.Collect$$$$00000008  mc_p.l(entry7b.o)
    0x080000b8   0x080000b8   0x00000000   Code   RO          342    .ARM.Collect$$$$0000000A  mc_p.l(entry8b.o)
    0x080000b8   0x080000b8   0x00000008   Code   RO          343    .ARM.Collect$$$$0000000B  mc_p.l(entry9a.o)
    0x080000c0   0x080000c0   0x00000000   Code   RO          345    .ARM.Collect$$$$0000000D  mc_p.l(entry10a.o)
    0x080000c0   0x080000c0   0x00000000   Code   RO          347    .ARM.Collect$$$$0000000F  mc_p.l(entry11a.o)
    0x080000c0   0x080000c0   0x00000004   Code   RO          336    .ARM.Collect$$$$00002712  mc_p.l(entry2.o)
    0x080000c4   0x080000c4   0x0000001c   Code   RO            4    .text               startup_stm32f030x6.o
    0x080000e0   0x080000e0   0x00000024   Code   RO          377    .text               mc_p.l(init.o)
    0x08000104   0x08000104   0x0000003e   Code   RO          382    .text               mc_p.l(uidiv_div0.o)
    0x08000142   0x08000142   0x00000024   Code   RO          498    .text               mc_p.l(memseta.o)
    0x08000166   0x08000166   0x00000002   PAD
    0x08000168   0x08000168   0x000000b0   Code   RO          404    .text.BINARY_Listener  lto-llvm-7bf76f.o
    0x08000218   0x08000218   0x00000138   Code   RO          432    .text.HAL_ADC_ConfigChannel  lto-llvm-7bf76f.o
    0x08000350   0x08000350   0x00000068   Code   RO          442    .text.HAL_CRC_Init  lto-llvm-7bf76f.o
    0x080003b8   0x080003b8   0x000001b0   Code   RO          440    .text.HAL_GPIO_Init  lto-llvm-7bf76f.o
    0x08000568   0x08000568   0x00000040   Code   RO          436    .text.HAL_I2CEx_ConfigAnalogFilter  lto-llvm-7bf76f.o
    0x080005a8   0x080005a8   0x00000040   Code   RO          438    .text.HAL_I2CEx_ConfigDigitalFilter  lto-llvm-7bf76f.o
    0x080005e8   0x080005e8   0x000000fc   Code   RO          434    .text.HAL_I2C_Init  lto-llvm-7bf76f.o
    0x080006e4   0x080006e4   0x000003b0   Code   RO          458    .text.HAL_RS485Ex_Init  lto-llvm-7bf76f.o
    0x08000a94   0x08000a94   0x00000118   Code   RO          444    .text.HAL_TIM_Base_Init  lto-llvm-7bf76f.o
    0x08000bac   0x08000bac   0x00000044   Code   RO          446    .text.HAL_TIM_Base_Start_IT  lto-llvm-7bf76f.o
    0x08000bf0   0x08000bf0   0x000000f0   Code   RO          410    .text.HAL_UART_ErrorCallback  lto-llvm-7bf76f.o
    0x08000ce0   0x08000ce0   0x00000104   Code   RO          450    .text.HAL_UART_Receive_IT  lto-llvm-7bf76f.o
    0x08000de4   0x08000de4   0x000001d8   Code   RO          408    .text.HAL_UART_RxCpltCallback  lto-llvm-7bf76f.o
    0x08000fbc   0x08000fbc   0x00000002   Code   RO          414    .text.HardFault_Handler  lto-llvm-7bf76f.o
    0x08000fbe   0x08000fbe   0x00000002   Code   RO          412    .text.NMI_Handler   lto-llvm-7bf76f.o
    0x08000fc0   0x08000fc0   0x00000002   Code   RO          418    .text.PendSV_Handler  lto-llvm-7bf76f.o
    0x08000fc2   0x08000fc2   0x00000002   PAD
    0x08000fc4   0x08000fc4   0x0000004c   Code   RO          402    .text.STATUS_Listener  lto-llvm-7bf76f.o
    0x08001010   0x08001010   0x00000002   Code   RO          416    .text.SVC_Handler   lto-llvm-7bf76f.o
    0x08001012   0x08001012   0x00000002   PAD
    0x08001014   0x08001014   0x00000094   Code   RO          420    .text.SysTick_Handler  lto-llvm-7bf76f.o
    0x080010a8   0x080010a8   0x00000002   Code   RO          460    .text.SystemInit    lto-llvm-7bf76f.o
    0x080010aa   0x080010aa   0x00000002   PAD
    0x080010ac   0x080010ac   0x00000184   Code   RO          426    .text.TF_AddTypeListener  lto-llvm-7bf76f.o
    0x08001230   0x08001230   0x0000019c   Code   RO          428    .text.TF_HandleReceivedMessage  lto-llvm-7bf76f.o
    0x080013cc   0x080013cc   0x00000204   Code   RO          430    .text.TF_Respond    lto-llvm-7bf76f.o
    0x080015d0   0x080015d0   0x00000138   Code   RO          406    .text.TF_WriteImpl  lto-llvm-7bf76f.o
    0x08001708   0x08001708   0x000001dc   Code   RO          422    .text.TIM14_IRQHandler  lto-llvm-7bf76f.o
    0x080018e4   0x080018e4   0x00000016   Code   RO          456    .text.UART_DMAAbortOnError  lto-llvm-7bf76f.o
    0x080018fa   0x080018fa   0x000000c0   Code   RO          454    .text.UART_RxISR_16BIT  lto-llvm-7bf76f.o
    0x080019ba   0x080019ba   0x000000c2   Code   RO          452    .text.UART_RxISR_8BIT  lto-llvm-7bf76f.o
    0x08001a7c   0x08001a7c   0x00000108   Code   RO          448    .text.UART_WaitOnFlagUntilTimeout  lto-llvm-7bf76f.o
    0x08001b84   0x08001b84   0x00000400   Code   RO          424    .text.USART1_IRQHandler  lto-llvm-7bf76f.o
    0x08001f84   0x08001f84   0x00000c9c   Code   RO          400    .text.main          lto-llvm-7bf76f.o
    0x08002c20   0x08002c20   0x0000000e   Code   RO          502    i.__scatterload_copy  mc_p.l(handlers.o)
    0x08002c2e   0x08002c2e   0x00000002   Code   RO          503    i.__scatterload_null  mc_p.l(handlers.o)
    0x08002c30   0x08002c30   0x0000000e   Code   RO          504    i.__scatterload_zeroinit  mc_p.l(handlers.o)
    0x08002c3e   0x08002c3e   0x00000200   Data   RO          486    .rodata.crc16_table  lto-llvm-7bf76f.o
    0x08002e3e   0x08002e3e   0x00000020   Data   RO          487    .rodata.cst16       lto-llvm-7bf76f.o
    0x08002e5e   0x08002e5e   0x00000008   Data   RO          490    .rodata.cst8        lto-llvm-7bf76f.o
    0x08002e66   0x08002e66   0x00000002   PAD
    0x08002e68   0x08002e68   0x00000020   Data   RO          501    Region$$Table       anon$$obj.o


    Execution Region RW_IRAM1 (Exec base: 0x20000000, Load base: 0x08002e88, Size: 0x00000cc0, Max: 0x00001000, ABSOLUTE)

    Exec Addr    Load Addr    Size         Type   Attr      Idx    E Section Name        Object

    0x20000000   0x08002e88   0x00000004   Data   RW          489    .data.SystemCoreClock  lto-llvm-7bf76f.o
    0x20000004   0x08002e8c   0x00000001   Data   RW          469    .data.selected_channel  lto-llvm-7bf76f.o
    0x20000005   0x08002e8d   0x00000003   PAD
    0x20000008        -       0x00000001   Zero   RW          476    .bss.active_row     lto-llvm-7bf76f.o
    0x20000009        -       0x00000001   Zero   RW          471    .bss.button_onoff_prev  lto-llvm-7bf76f.o
    0x2000000a        -       0x00000001   Zero   RW          470    .bss.button_select_prev  lto-llvm-7bf76f.o
    0x2000000b        -       0x00000001   Zero   RW          477    .bss.first_toggle   lto-llvm-7bf76f.o
    0x2000000c        -       0x00000040   Zero   RW          480    .bss.hadc           lto-llvm-7bf76f.o
    0x2000004c        -       0x0000001c   Zero   RW          481    .bss.hcrc           lto-llvm-7bf76f.o
    0x20000068        -       0x00000054   Zero   RW          482    .bss.hi2c1          lto-llvm-7bf76f.o
    0x200000bc        -       0x00000048   Zero   RW          484    .bss.htim14         lto-llvm-7bf76f.o
    0x20000104        -       0x00000088   Zero   RW          485    .bss.huart1         lto-llvm-7bf76f.o
    0x2000018c        -       0x00000001   Zero   RW          472    .bss.init_tf        lto-llvm-7bf76f.o
    0x2000018d   0x08002e8d   0x00000003   PAD
    0x20000190        -       0x00000004   Zero   RW          464    .bss.last_press_time  lto-llvm-7bf76f.o
    0x20000194        -       0x00000004   Zero   RW          466    .bss.last_toggle_time  lto-llvm-7bf76f.o
    0x20000198        -       0x00000010   Zero   RW          462    .bss.led_states     lto-llvm-7bf76f.o
    0x200001a8        -       0x00000001   Zero   RW          468    .bss.menu_activ     lto-llvm-7bf76f.o
    0x200001a9   0x08002e8d   0x00000003   PAD
    0x200001ac        -       0x00000004   Zero   RW          465    .bss.menu_timer     lto-llvm-7bf76f.o
    0x200001b0        -       0x00000001   Zero   RW          473    .bss.my_address     lto-llvm-7bf76f.o
    0x200001b1        -       0x00000001   Zero   RW          479    .bss.rec            lto-llvm-7bf76f.o
    0x200001b2   0x08002e8d   0x00000002   PAD
    0x200001b4        -       0x000006f0   Zero   RW          478    .bss.tfapp          lto-llvm-7bf76f.o
    0x200008a4        -       0x00000001   Zero   RW          467    .bss.toggle_state   lto-llvm-7bf76f.o
    0x200008a5   0x08002e8d   0x00000001   PAD
    0x200008a6        -       0x00000002   Zero   RW          475    .bss.triac_end      lto-llvm-7bf76f.o
    0x200008a8        -       0x00000002   Zero   RW          474    .bss.triac_start    lto-llvm-7bf76f.o
    0x200008aa        -       0x00000010   Zero   RW          463    .bss.triac_states   lto-llvm-7bf76f.o
    0x200008ba   0x08002e8d   0x00000002   PAD
    0x200008bc        -       0x00000004   Zero   RW          488    .bss.uwTick         lto-llvm-7bf76f.o
    0x200008c0        -       0x00000400   Zero   RW            1    STACK               startup_stm32f030x6.o


==============================================================================

Image component sizes


      Code (inc. data)   RO Data    RW Data    ZI Data      Debug   Object Name

     10930        776        552          5       2221      85080   lto-llvm-7bf76f.o
        28          8        176          0       1024        620   startup_stm32f030x6.o

    ----------------------------------------------------------------------
     10964        784        762          8       3256      85700   Object Totals
         0          0         32          0          0          0   (incl. Generated)
         6          0          2          3         11          0   (incl. Padding)

    ----------------------------------------------------------------------

      Code (inc. data)   RO Data    RW Data    ZI Data      Debug   Library Member Name

         0          0          0          0          0          0   entry.o
         0          0          0          0          0          0   entry10a.o
         0          0          0          0          0          0   entry11a.o
         8          4          0          0          0          0   entry2.o
         4          0          0          0          0          0   entry5.o
         0          0          0          0          0          0   entry7b.o
         0          0          0          0          0          0   entry8b.o
         8          4          0          0          0          0   entry9a.o
        30          0          0          0          0          0   handlers.o
        36          8          0          0          0         68   init.o
        36          0          0          0          0        100   memseta.o
        62          0          0          0          0         72   uidiv_div0.o

    ----------------------------------------------------------------------
       186         16          0          0          0        240   Library Totals
         2          0          0          0          0          0   (incl. Padding)

    ----------------------------------------------------------------------

      Code (inc. data)   RO Data    RW Data    ZI Data      Debug   Library Name

       184         16          0          0          0        240   mc_p.l

    ----------------------------------------------------------------------
       186         16          0          0          0        240   Library Totals

    ----------------------------------------------------------------------

==============================================================================


      Code (inc. data)   RO Data    RW Data    ZI Data      Debug   

     11150        800        762          8       3256      86092   Grand Totals
     11150        800        762          8       3256      86092   ELF Image Totals
     11150        800        762          8          0          0   ROM Totals

==============================================================================

    Total RO  Size (Code + RO Data)                11912 (  11.63kB)
    Total RW  Size (RW Data + ZI Data)              3264 (   3.19kB)
    Total ROM Size (Code + RO Data + RW Data)      11920 (  11.64kB)

==============================================================================

