Component: Arm Compiler for Embedded 6.19 Tool: armlink [5e73cb00]

==============================================================================

Section Cross References

    startup_stm32f030x6.o(RESET) refers to startup_stm32f030x6.o(STACK) for __initial_sp
    startup_stm32f030x6.o(RESET) refers to startup_stm32f030x6.o(.text) for Reset_Handler
    startup_stm32f030x6.o(RESET) refers to lto-llvm-2057d0.o(.text.NMI_Handler) for NMI_Handler
    startup_stm32f030x6.o(RESET) refers to lto-llvm-2057d0.o(.text.HardFault_Handler) for HardFault_Handler
    startup_stm32f030x6.o(RESET) refers to lto-llvm-2057d0.o(.text.SVC_Handler) for SVC_Handler
    startup_stm32f030x6.o(RESET) refers to lto-llvm-2057d0.o(.text.PendSV_Handler) for PendSV_Handler
    startup_stm32f030x6.o(RESET) refers to lto-llvm-2057d0.o(.text.SysTick_Handler) for SysTick_Handler
    startup_stm32f030x6.o(RESET) refers to lto-llvm-2057d0.o(.text.TIM14_IRQHandler) for TIM14_IRQHandler
    startup_stm32f030x6.o(RESET) refers to lto-llvm-2057d0.o(.text.USART1_IRQHandler) for USART1_IRQHandler
    startup_stm32f030x6.o(.text) refers to lto-llvm-2057d0.o(.text.SystemInit) for SystemInit
    startup_stm32f030x6.o(.text) refers to entry.o(.ARM.Collect$$$$00000000) for __main
    entry.o(.ARM.Collect$$$$00000000) refers (Special) to entry10a.o(.ARM.Collect$$$$0000000D) for __rt_final_cpp
    entry.o(.ARM.Collect$$$$00000000) refers (Special) to entry11a.o(.ARM.Collect$$$$0000000F) for __rt_final_exit
    entry.o(.ARM.Collect$$$$00000000) refers (Special) to entry7b.o(.ARM.Collect$$$$00000008) for _main_clock
    entry.o(.ARM.Collect$$$$00000000) refers (Special) to entry8b.o(.ARM.Collect$$$$0000000A) for _main_cpp_init
    entry.o(.ARM.Collect$$$$00000000) refers (Special) to entry9a.o(.ARM.Collect$$$$0000000B) for _main_init
    entry.o(.ARM.Collect$$$$00000000) refers (Special) to entry5.o(.ARM.Collect$$$$00000004) for _main_scatterload
    entry.o(.ARM.Collect$$$$00000000) refers (Special) to entry2.o(.ARM.Collect$$$$00000001) for _main_stk
    puts.o(i.puts) refers to fputc.o(i.fputc) for fputc
    puts.o(i.puts) refers to stdout.o(.data) for __stdout
    putchar.o(i.putchar) refers to fputc.o(i.fputc) for fputc
    putchar.o(i.putchar) refers to stdout.o(.data) for __stdout
    puts_e.o(.text) refers to fputc.o(i.fputc) for fputc
    puts_e.o(.text) refers to stdout.o(.data) for __stdout
    printfb.o(i.__0fprintf$bare) refers to printfb.o(i._printf_core) for _printf_core
    printfb.o(i.__0fprintf$bare) refers to fputc.o(i.fputc) for fputc
    printfb.o(i.__0printf$bare) refers to printfb.o(i._printf_core) for _printf_core
    printfb.o(i.__0printf$bare) refers to fputc.o(i.fputc) for fputc
    printfb.o(i.__0printf$bare) refers to stdout.o(.data) for __stdout
    printfb.o(i.__0snprintf$bare) refers to printfb.o(i._printf_core) for _printf_core
    printfb.o(i.__0snprintf$bare) refers to printfb.o(i._snputc) for _snputc
    printfb.o(i.__0sprintf$bare) refers to printfb.o(i._printf_core) for _printf_core
    printfb.o(i.__0sprintf$bare) refers to printfb.o(i._sputc) for _sputc
    printfb.o(i.__0vfprintf$bare) refers to printfb.o(i._printf_core) for _printf_core
    printfb.o(i.__0vfprintf$bare) refers to fputc.o(i.fputc) for fputc
    printfb.o(i.__0vprintf$bare) refers to printfb.o(i._printf_core) for _printf_core
    printfb.o(i.__0vprintf$bare) refers to fputc.o(i.fputc) for fputc
    printfb.o(i.__0vprintf$bare) refers to stdout.o(.data) for __stdout
    printfb.o(i.__0vsnprintf$bare) refers to printfb.o(i._printf_core) for _printf_core
    printfb.o(i.__0vsnprintf$bare) refers to printfb.o(i._snputc) for _snputc
    printfb.o(i.__0vsprintf$bare) refers to printfb.o(i._printf_core) for _printf_core
    printfb.o(i.__0vsprintf$bare) refers to printfb.o(i._sputc) for _sputc
    printf0.o(i.__0fprintf$0) refers to printf0.o(i._printf_core) for _printf_core
    printf0.o(i.__0fprintf$0) refers to fputc.o(i.fputc) for fputc
    printf0.o(i.__0printf$0) refers to printf0.o(i._printf_core) for _printf_core
    printf0.o(i.__0printf$0) refers to fputc.o(i.fputc) for fputc
    printf0.o(i.__0printf$0) refers to stdout.o(.data) for __stdout
    printf0.o(i.__0snprintf$0) refers to printf0.o(i._printf_core) for _printf_core
    printf0.o(i.__0snprintf$0) refers to printf0.o(i._snputc) for _snputc
    printf0.o(i.__0sprintf$0) refers to printf0.o(i._printf_core) for _printf_core
    printf0.o(i.__0sprintf$0) refers to printf0.o(i._sputc) for _sputc
    printf0.o(i.__0vfprintf$0) refers to printf0.o(i._printf_core) for _printf_core
    printf0.o(i.__0vfprintf$0) refers to fputc.o(i.fputc) for fputc
    printf0.o(i.__0vprintf$0) refers to printf0.o(i._printf_core) for _printf_core
    printf0.o(i.__0vprintf$0) refers to fputc.o(i.fputc) for fputc
    printf0.o(i.__0vprintf$0) refers to stdout.o(.data) for __stdout
    printf0.o(i.__0vsnprintf$0) refers to printf0.o(i._printf_core) for _printf_core
    printf0.o(i.__0vsnprintf$0) refers to printf0.o(i._snputc) for _snputc
    printf0.o(i.__0vsprintf$0) refers to printf0.o(i._printf_core) for _printf_core
    printf0.o(i.__0vsprintf$0) refers to printf0.o(i._sputc) for _sputc
    printf1.o(i.__0fprintf$1) refers to printf1.o(i._printf_core) for _printf_core
    printf1.o(i.__0fprintf$1) refers to fputc.o(i.fputc) for fputc
    printf1.o(i.__0printf$1) refers to printf1.o(i._printf_core) for _printf_core
    printf1.o(i.__0printf$1) refers to fputc.o(i.fputc) for fputc
    printf1.o(i.__0printf$1) refers to stdout.o(.data) for __stdout
    printf1.o(i.__0snprintf$1) refers to printf1.o(i._printf_core) for _printf_core
    printf1.o(i.__0snprintf$1) refers to printf1.o(i._snputc) for _snputc
    printf1.o(i.__0sprintf$1) refers to printf1.o(i._printf_core) for _printf_core
    printf1.o(i.__0sprintf$1) refers to printf1.o(i._sputc) for _sputc
    printf1.o(i.__0vfprintf$1) refers to printf1.o(i._printf_core) for _printf_core
    printf1.o(i.__0vfprintf$1) refers to fputc.o(i.fputc) for fputc
    printf1.o(i.__0vprintf$1) refers to printf1.o(i._printf_core) for _printf_core
    printf1.o(i.__0vprintf$1) refers to fputc.o(i.fputc) for fputc
    printf1.o(i.__0vprintf$1) refers to stdout.o(.data) for __stdout
    printf1.o(i.__0vsnprintf$1) refers to printf1.o(i._printf_core) for _printf_core
    printf1.o(i.__0vsnprintf$1) refers to printf1.o(i._snputc) for _snputc
    printf1.o(i.__0vsprintf$1) refers to printf1.o(i._printf_core) for _printf_core
    printf1.o(i.__0vsprintf$1) refers to printf1.o(i._sputc) for _sputc
    printf1.o(i._printf_core) refers to uidiv_div0.o(.text) for __aeabi_uidivmod
    printf2.o(i.__0fprintf$2) refers to printf2.o(i._printf_core) for _printf_core
    printf2.o(i.__0fprintf$2) refers to fputc.o(i.fputc) for fputc
    printf2.o(i.__0printf$2) refers to printf2.o(i._printf_core) for _printf_core
    printf2.o(i.__0printf$2) refers to fputc.o(i.fputc) for fputc
    printf2.o(i.__0printf$2) refers to stdout.o(.data) for __stdout
    printf2.o(i.__0snprintf$2) refers to printf2.o(i._printf_core) for _printf_core
    printf2.o(i.__0snprintf$2) refers to printf2.o(i._snputc) for _snputc
    printf2.o(i.__0sprintf$2) refers to printf2.o(i._printf_core) for _printf_core
    printf2.o(i.__0sprintf$2) refers to printf2.o(i._sputc) for _sputc
    printf2.o(i.__0vfprintf$2) refers to printf2.o(i._printf_core) for _printf_core
    printf2.o(i.__0vfprintf$2) refers to fputc.o(i.fputc) for fputc
    printf2.o(i.__0vprintf$2) refers to printf2.o(i._printf_core) for _printf_core
    printf2.o(i.__0vprintf$2) refers to fputc.o(i.fputc) for fputc
    printf2.o(i.__0vprintf$2) refers to stdout.o(.data) for __stdout
    printf2.o(i.__0vsnprintf$2) refers to printf2.o(i._printf_core) for _printf_core
    printf2.o(i.__0vsnprintf$2) refers to printf2.o(i._snputc) for _snputc
    printf2.o(i.__0vsprintf$2) refers to printf2.o(i._printf_core) for _printf_core
    printf2.o(i.__0vsprintf$2) refers to printf2.o(i._sputc) for _sputc
    printf3.o(i.__0fprintf$3) refers to printf3.o(i._printf_core) for _printf_core
    printf3.o(i.__0fprintf$3) refers to fputc.o(i.fputc) for fputc
    printf3.o(i.__0printf$3) refers to printf3.o(i._printf_core) for _printf_core
    printf3.o(i.__0printf$3) refers to fputc.o(i.fputc) for fputc
    printf3.o(i.__0printf$3) refers to stdout.o(.data) for __stdout
    printf3.o(i.__0snprintf$3) refers to printf3.o(i._printf_core) for _printf_core
    printf3.o(i.__0snprintf$3) refers to printf3.o(i._snputc) for _snputc
    printf3.o(i.__0sprintf$3) refers to printf3.o(i._printf_core) for _printf_core
    printf3.o(i.__0sprintf$3) refers to printf3.o(i._sputc) for _sputc
    printf3.o(i.__0vfprintf$3) refers to printf3.o(i._printf_core) for _printf_core
    printf3.o(i.__0vfprintf$3) refers to fputc.o(i.fputc) for fputc
    printf3.o(i.__0vprintf$3) refers to printf3.o(i._printf_core) for _printf_core
    printf3.o(i.__0vprintf$3) refers to fputc.o(i.fputc) for fputc
    printf3.o(i.__0vprintf$3) refers to stdout.o(.data) for __stdout
    printf3.o(i.__0vsnprintf$3) refers to printf3.o(i._printf_core) for _printf_core
    printf3.o(i.__0vsnprintf$3) refers to printf3.o(i._snputc) for _snputc
    printf3.o(i.__0vsprintf$3) refers to printf3.o(i._printf_core) for _printf_core
    printf3.o(i.__0vsprintf$3) refers to printf3.o(i._sputc) for _sputc
    printf3.o(i._printf_core) refers to uidiv_div0.o(.text) for __aeabi_uidivmod
    printf4.o(i.__0fprintf$4) refers to printf4.o(i._printf_core) for _printf_core
    printf4.o(i.__0fprintf$4) refers to fputc.o(i.fputc) for fputc
    printf4.o(i.__0printf$4) refers to printf4.o(i._printf_core) for _printf_core
    printf4.o(i.__0printf$4) refers to fputc.o(i.fputc) for fputc
    printf4.o(i.__0printf$4) refers to stdout.o(.data) for __stdout
    printf4.o(i.__0snprintf$4) refers to printf4.o(i._printf_core) for _printf_core
    printf4.o(i.__0snprintf$4) refers to printf4.o(i._snputc) for _snputc
    printf4.o(i.__0sprintf$4) refers to printf4.o(i._printf_core) for _printf_core
    printf4.o(i.__0sprintf$4) refers to printf4.o(i._sputc) for _sputc
    printf4.o(i.__0vfprintf$4) refers to printf4.o(i._printf_core) for _printf_core
    printf4.o(i.__0vfprintf$4) refers to fputc.o(i.fputc) for fputc
    printf4.o(i.__0vprintf$4) refers to printf4.o(i._printf_core) for _printf_core
    printf4.o(i.__0vprintf$4) refers to fputc.o(i.fputc) for fputc
    printf4.o(i.__0vprintf$4) refers to stdout.o(.data) for __stdout
    printf4.o(i.__0vsnprintf$4) refers to printf4.o(i._printf_core) for _printf_core
    printf4.o(i.__0vsnprintf$4) refers to printf4.o(i._snputc) for _snputc
    printf4.o(i.__0vsprintf$4) refers to printf4.o(i._printf_core) for _printf_core
    printf4.o(i.__0vsprintf$4) refers to printf4.o(i._sputc) for _sputc
    printf4.o(i._printf_core) refers to uldiv.o(.text) for __aeabi_uldivmod
    printf5.o(i.__0fprintf$5) refers to printf5.o(i._printf_core) for _printf_core
    printf5.o(i.__0fprintf$5) refers to fputc.o(i.fputc) for fputc
    printf5.o(i.__0printf$5) refers to printf5.o(i._printf_core) for _printf_core
    printf5.o(i.__0printf$5) refers to fputc.o(i.fputc) for fputc
    printf5.o(i.__0printf$5) refers to stdout.o(.data) for __stdout
    printf5.o(i.__0snprintf$5) refers to printf5.o(i._printf_core) for _printf_core
    printf5.o(i.__0snprintf$5) refers to printf5.o(i._snputc) for _snputc
    printf5.o(i.__0sprintf$5) refers to printf5.o(i._printf_core) for _printf_core
    printf5.o(i.__0sprintf$5) refers to printf5.o(i._sputc) for _sputc
    printf5.o(i.__0vfprintf$5) refers to printf5.o(i._printf_core) for _printf_core
    printf5.o(i.__0vfprintf$5) refers to fputc.o(i.fputc) for fputc
    printf5.o(i.__0vprintf$5) refers to printf5.o(i._printf_core) for _printf_core
    printf5.o(i.__0vprintf$5) refers to fputc.o(i.fputc) for fputc
    printf5.o(i.__0vprintf$5) refers to stdout.o(.data) for __stdout
    printf5.o(i.__0vsnprintf$5) refers to printf5.o(i._printf_core) for _printf_core
    printf5.o(i.__0vsnprintf$5) refers to printf5.o(i._snputc) for _snputc
    printf5.o(i.__0vsprintf$5) refers to printf5.o(i._printf_core) for _printf_core
    printf5.o(i.__0vsprintf$5) refers to printf5.o(i._sputc) for _sputc
    printf5.o(i._printf_core) refers to uldiv.o(.text) for __aeabi_uldivmod
    printf6.o(i.__0fprintf$6) refers to printf6.o(i._printf_core) for _printf_core
    printf6.o(i.__0fprintf$6) refers to fputc.o(i.fputc) for fputc
    printf6.o(i.__0printf$6) refers to printf6.o(i._printf_core) for _printf_core
    printf6.o(i.__0printf$6) refers to fputc.o(i.fputc) for fputc
    printf6.o(i.__0printf$6) refers to stdout.o(.data) for __stdout
    printf6.o(i.__0snprintf$6) refers to printf6.o(i._printf_core) for _printf_core
    printf6.o(i.__0snprintf$6) refers to printf6.o(i._snputc) for _snputc
    printf6.o(i.__0sprintf$6) refers to printf6.o(i._printf_core) for _printf_core
    printf6.o(i.__0sprintf$6) refers to printf6.o(i._sputc) for _sputc
    printf6.o(i.__0vfprintf$6) refers to printf6.o(i._printf_core) for _printf_core
    printf6.o(i.__0vfprintf$6) refers to fputc.o(i.fputc) for fputc
    printf6.o(i.__0vprintf$6) refers to printf6.o(i._printf_core) for _printf_core
    printf6.o(i.__0vprintf$6) refers to fputc.o(i.fputc) for fputc
    printf6.o(i.__0vprintf$6) refers to stdout.o(.data) for __stdout
    printf6.o(i.__0vsnprintf$6) refers to printf6.o(i._printf_core) for _printf_core
    printf6.o(i.__0vsnprintf$6) refers to printf6.o(i._snputc) for _snputc
    printf6.o(i.__0vsprintf$6) refers to printf6.o(i._printf_core) for _printf_core
    printf6.o(i.__0vsprintf$6) refers to printf6.o(i._sputc) for _sputc
    printf6.o(i._printf_core) refers to printf6.o(i._printf_pre_padding) for _printf_pre_padding
    printf6.o(i._printf_core) refers to printf6.o(i._printf_post_padding) for _printf_post_padding
    printf6.o(i._printf_core) refers to uidiv_div0.o(.text) for __aeabi_uidivmod
    printf7.o(i.__0fprintf$7) refers to printf7.o(i._printf_core) for _printf_core
    printf7.o(i.__0fprintf$7) refers to fputc.o(i.fputc) for fputc
    printf7.o(i.__0printf$7) refers to printf7.o(i._printf_core) for _printf_core
    printf7.o(i.__0printf$7) refers to fputc.o(i.fputc) for fputc
    printf7.o(i.__0printf$7) refers to stdout.o(.data) for __stdout
    printf7.o(i.__0snprintf$7) refers to printf7.o(i._printf_core) for _printf_core
    printf7.o(i.__0snprintf$7) refers to printf7.o(i._snputc) for _snputc
    printf7.o(i.__0sprintf$7) refers to printf7.o(i._printf_core) for _printf_core
    printf7.o(i.__0sprintf$7) refers to printf7.o(i._sputc) for _sputc
    printf7.o(i.__0vfprintf$7) refers to printf7.o(i._printf_core) for _printf_core
    printf7.o(i.__0vfprintf$7) refers to fputc.o(i.fputc) for fputc
    printf7.o(i.__0vprintf$7) refers to printf7.o(i._printf_core) for _printf_core
    printf7.o(i.__0vprintf$7) refers to fputc.o(i.fputc) for fputc
    printf7.o(i.__0vprintf$7) refers to stdout.o(.data) for __stdout
    printf7.o(i.__0vsnprintf$7) refers to printf7.o(i._printf_core) for _printf_core
    printf7.o(i.__0vsnprintf$7) refers to printf7.o(i._snputc) for _snputc
    printf7.o(i.__0vsprintf$7) refers to printf7.o(i._printf_core) for _printf_core
    printf7.o(i.__0vsprintf$7) refers to printf7.o(i._sputc) for _sputc
    printf7.o(i._printf_core) refers to printf7.o(i._printf_pre_padding) for _printf_pre_padding
    printf7.o(i._printf_core) refers to printf7.o(i._printf_post_padding) for _printf_post_padding
    printf7.o(i._printf_core) refers to uldiv.o(.text) for __aeabi_uldivmod
    printf8.o(i.__0fprintf$8) refers to printf8.o(i._printf_core) for _printf_core
    printf8.o(i.__0fprintf$8) refers to fputc.o(i.fputc) for fputc
    printf8.o(i.__0printf$8) refers to printf8.o(i._printf_core) for _printf_core
    printf8.o(i.__0printf$8) refers to fputc.o(i.fputc) for fputc
    printf8.o(i.__0printf$8) refers to stdout.o(.data) for __stdout
    printf8.o(i.__0snprintf$8) refers to printf8.o(i._printf_core) for _printf_core
    printf8.o(i.__0snprintf$8) refers to printf8.o(i._snputc) for _snputc
    printf8.o(i.__0sprintf$8) refers to printf8.o(i._printf_core) for _printf_core
    printf8.o(i.__0sprintf$8) refers to printf8.o(i._sputc) for _sputc
    printf8.o(i.__0vfprintf$8) refers to printf8.o(i._printf_core) for _printf_core
    printf8.o(i.__0vfprintf$8) refers to fputc.o(i.fputc) for fputc
    printf8.o(i.__0vprintf$8) refers to printf8.o(i._printf_core) for _printf_core
    printf8.o(i.__0vprintf$8) refers to fputc.o(i.fputc) for fputc
    printf8.o(i.__0vprintf$8) refers to stdout.o(.data) for __stdout
    printf8.o(i.__0vsnprintf$8) refers to printf8.o(i._printf_core) for _printf_core
    printf8.o(i.__0vsnprintf$8) refers to printf8.o(i._snputc) for _snputc
    printf8.o(i.__0vsprintf$8) refers to printf8.o(i._printf_core) for _printf_core
    printf8.o(i.__0vsprintf$8) refers to printf8.o(i._sputc) for _sputc
    printf8.o(i._printf_core) refers to printf8.o(i._printf_pre_padding) for _printf_pre_padding
    printf8.o(i._printf_core) refers to printf8.o(i._printf_post_padding) for _printf_post_padding
    printf8.o(i._printf_core) refers to uldiv.o(.text) for __aeabi_uldivmod
    printfa.o(i.__0fprintf) refers (Special) to iusefp.o(.text) for __I$use$fp
    printfa.o(i.__0fprintf) refers to printfa.o(i._printf_core) for _printf_core
    printfa.o(i.__0fprintf) refers to fputc.o(i.fputc) for fputc
    printfa.o(i.__0printf) refers (Special) to iusefp.o(.text) for __I$use$fp
    printfa.o(i.__0printf) refers to printfa.o(i._printf_core) for _printf_core
    printfa.o(i.__0printf) refers to fputc.o(i.fputc) for fputc
    printfa.o(i.__0printf) refers to stdout.o(.data) for __stdout
    printfa.o(i.__0snprintf) refers (Special) to iusefp.o(.text) for __I$use$fp
    printfa.o(i.__0snprintf) refers to printfa.o(i._printf_core) for _printf_core
    printfa.o(i.__0snprintf) refers to printfa.o(i._snputc) for _snputc
    printfa.o(i.__0sprintf) refers (Special) to iusefp.o(.text) for __I$use$fp
    printfa.o(i.__0sprintf) refers to printfa.o(i._printf_core) for _printf_core
    printfa.o(i.__0sprintf) refers to printfa.o(i._sputc) for _sputc
    printfa.o(i.__0vfprintf) refers (Special) to iusefp.o(.text) for __I$use$fp
    printfa.o(i.__0vfprintf) refers to printfa.o(i._printf_core) for _printf_core
    printfa.o(i.__0vfprintf) refers to fputc.o(i.fputc) for fputc
    printfa.o(i.__0vprintf) refers (Special) to iusefp.o(.text) for __I$use$fp
    printfa.o(i.__0vprintf) refers to printfa.o(i._printf_core) for _printf_core
    printfa.o(i.__0vprintf) refers to fputc.o(i.fputc) for fputc
    printfa.o(i.__0vprintf) refers to stdout.o(.data) for __stdout
    printfa.o(i.__0vsnprintf) refers (Special) to iusefp.o(.text) for __I$use$fp
    printfa.o(i.__0vsnprintf) refers to printfa.o(i._printf_core) for _printf_core
    printfa.o(i.__0vsnprintf) refers to printfa.o(i._snputc) for _snputc
    printfa.o(i.__0vsprintf) refers (Special) to iusefp.o(.text) for __I$use$fp
    printfa.o(i.__0vsprintf) refers to printfa.o(i._printf_core) for _printf_core
    printfa.o(i.__0vsprintf) refers to printfa.o(i._sputc) for _sputc
    printfa.o(i._fp_digits) refers (Special) to iusefp.o(.text) for __I$use$fp
    printfa.o(i._fp_digits) refers to dmul.o(.text) for __aeabi_dmul
    printfa.o(i._fp_digits) refers to ddiv.o(.text) for __aeabi_ddiv
    printfa.o(i._fp_digits) refers to cdrcmple.o(.text) for __aeabi_cdrcmple
    printfa.o(i._fp_digits) refers to dadd.o(.text) for __aeabi_dadd
    printfa.o(i._fp_digits) refers to dfixul.o(.text) for __aeabi_d2ulz
    printfa.o(i._fp_digits) refers to uldiv.o(.text) for __aeabi_uldivmod
    printfa.o(i._printf_core) refers (Special) to iusefp.o(.text) for __I$use$fp
    printfa.o(i._printf_core) refers to printfa.o(i._printf_pre_padding) for _printf_pre_padding
    printfa.o(i._printf_core) refers to uldiv.o(.text) for __aeabi_uldivmod
    printfa.o(i._printf_core) refers to printfa.o(i._printf_post_padding) for _printf_post_padding
    printfa.o(i._printf_core) refers to printfa.o(i._fp_digits) for _fp_digits
    printfa.o(i._printf_core) refers to uidiv_div0.o(.text) for __aeabi_uidivmod
    printfa.o(i._printf_post_padding) refers (Special) to iusefp.o(.text) for __I$use$fp
    printfa.o(i._printf_pre_padding) refers (Special) to iusefp.o(.text) for __I$use$fp
    printfa.o(i._snputc) refers (Special) to iusefp.o(.text) for __I$use$fp
    printfa.o(i._sputc) refers (Special) to iusefp.o(.text) for __I$use$fp
    malloc.o(i.free) refers to mvars.o(.data) for __microlib_freelist
    malloc.o(i.malloc) refers to mvars.o(.data) for __microlib_freelist_initialised
    malloc.o(i.malloc) refers to mvars.o(.data) for __microlib_freelist
    malloc.o(i.malloc) refers to startup_stm32f030x6.o(HEAP) for __heap_base
    mallocr.o(i.__free$realloc) refers to mvars.o(.data) for __microlib_freelist
    mallocr.o(i.__malloc$realloc) refers to mallocr.o(i.internal_alloc) for internal_alloc
    mallocr.o(i.__malloc$realloc) refers to mvars.o(.data) for __microlib_freelist_initialised
    mallocr.o(i.__malloc$realloc) refers to startup_stm32f030x6.o(HEAP) for __heap_base
    mallocr.o(i.__malloc$realloc) refers to mvars.o(.data) for __microlib_freelist
    mallocr.o(i.internal_alloc) refers to memcpya.o(.text) for __aeabi_memcpy
    mallocr.o(i.internal_alloc) refers to mvars.o(.data) for __microlib_freelist
    mallocr.o(i.realloc) refers to mallocr.o(i.__free$realloc) for __free$realloc
    mallocr.o(i.realloc) refers to mallocr.o(i.internal_alloc) for internal_alloc
    mallocr.o(i.realloc) refers to mallocr.o(i.__malloc$realloc) for __malloc$realloc
    mallocr.o(i.realloc) refers to mvars.o(.data) for __microlib_freelist
    malloca.o(i.__aligned_malloc) refers to mvars.o(.data) for __microlib_freelist
    malloca.o(i.__aligned_malloc) refers to mvars.o(.data) for __microlib_freelist_initialised
    malloca.o(i.__aligned_malloc) refers to startup_stm32f030x6.o(HEAP) for __heap_base
    malloca.o(i.__free$memalign) refers to mvars.o(.data) for __microlib_freelist
    malloca.o(i.__malloc$memalign) refers to malloca.o(i.__aligned_malloc) for __aligned_malloc
    mallocra.o(i.__aligned_malloc$realloc) refers to mallocra.o(i.internal_alloc) for internal_alloc
    mallocra.o(i.__aligned_malloc$realloc) refers to startup_stm32f030x6.o(HEAP) for __heap_base
    mallocra.o(i.__aligned_malloc$realloc) refers to mvars.o(.data) for __microlib_freelist
    mallocra.o(i.__aligned_malloc$realloc) refers to mvars.o(.data) for __microlib_freelist_initialised
    mallocra.o(i.__free$realloc$memalign) refers to mvars.o(.data) for __microlib_freelist
    mallocra.o(i.__malloc$realloc$memalign) refers to mallocra.o(i.__aligned_malloc$realloc) for __aligned_malloc$realloc
    mallocra.o(i.__realloc$memalign) refers to mallocra.o(i.__free$realloc$memalign) for __free$realloc$memalign
    mallocra.o(i.__realloc$memalign) refers to mallocra.o(i.internal_alloc) for internal_alloc
    mallocra.o(i.__realloc$memalign) refers to mallocra.o(i.__malloc$realloc$memalign) for __malloc$realloc$memalign
    mallocra.o(i.__realloc$memalign) refers to mvars.o(.data) for __microlib_freelist
    mallocra.o(i.internal_alloc) refers to memcpya.o(.text) for __aeabi_memcpy
    mallocra.o(i.internal_alloc) refers to mvars.o(.data) for __microlib_freelist
    entry2.o(.ARM.Collect$$$$00000001) refers to entry2.o(.ARM.Collect$$$$00002712) for __lit__00000000
    entry2.o(.ARM.Collect$$$$00002712) refers to startup_stm32f030x6.o(STACK) for __initial_sp
    entry2.o(__vectab_stack_and_reset_area) refers to startup_stm32f030x6.o(STACK) for __initial_sp
    entry2.o(__vectab_stack_and_reset_area) refers to entry.o(.ARM.Collect$$$$00000000) for __main
    entry5.o(.ARM.Collect$$$$00000004) refers to init.o(.text) for __scatterload
    entry9a.o(.ARM.Collect$$$$0000000B) refers to lto-llvm-2057d0.o(.text.main) for main
    entry9b.o(.ARM.Collect$$$$0000000C) refers to lto-llvm-2057d0.o(.text.main) for main
    fputc.o(i.fputc) refers (Special) to iusesemip.o(.text) for __I$use$semihosting$fputc
    fputc.o(i.fputc) refers (Special) to semi.o(.text) for __semihosting_library_function
    fputc_h.o(i._fputc$hlt) refers (Special) to iusesemip.o(.text) for __I$use$semihosting$fputc
    fputc_h.o(i._fputc$hlt) refers (Special) to semi.o(.text) for __semihosting_library_function
    uldiv.o(.text) refers to llushr.o(.text) for __aeabi_llsr
    uldiv.o(.text) refers to llshl.o(.text) for __aeabi_llsl
    dadd.o(.text) refers (Special) to iusefp.o(.text) for __I$use$fp
    dadd.o(.text) refers to llshl.o(.text) for __aeabi_llsl
    dadd.o(.text) refers to llsshr.o(.text) for __aeabi_lasr
    dadd.o(.text) refers to depilogue.o(.text) for _double_epilogue
    dmul.o(.text) refers (Special) to iusefp.o(.text) for __I$use$fp
    dmul.o(.text) refers to depilogue.o(.text) for _double_epilogue
    ddiv.o(.text) refers (Special) to iusefp.o(.text) for __I$use$fp
    ddiv.o(.text) refers to depilogue.o(.text) for _double_round
    dfixul.o(.text) refers (Special) to iusefp.o(.text) for __I$use$fp
    dfixul.o(.text) refers to llushr.o(.text) for __aeabi_llsr
    dfixul.o(.text) refers to llshl.o(.text) for __aeabi_llsl
    cdrcmple.o(.text) refers (Special) to iusefp.o(.text) for __I$use$fp
    init.o(.text) refers to entry5.o(.ARM.Collect$$$$00000004) for __main_after_scatterload
    idiv_div0.o(.text) refers to uidiv_div0.o(.text) for __aeabi_uidivmod
    depilogue.o(.text) refers (Special) to iusefp.o(.text) for __I$use$fp
    depilogue.o(.text) refers to depilogue.o(i.__ARM_clz) for __ARM_clz
    depilogue.o(.text) refers to llshl.o(.text) for __aeabi_llsl
    depilogue.o(.text) refers to llushr.o(.text) for __aeabi_llsr
    lto-llvm-2057d0.o(.text.get_address) refers to lto-llvm-2057d0.o(.bss..L_MergedGlobals.106) for [Anonymous Symbol]
    lto-llvm-2057d0.o(.ARM.exidx.text.get_address) refers to lto-llvm-2057d0.o(.text.get_address) for [Anonymous Symbol]
    lto-llvm-2057d0.o(.text.refresh_led) refers to lto-llvm-2057d0.o(.bss..L_MergedGlobals.106) for [Anonymous Symbol]
    lto-llvm-2057d0.o(.ARM.exidx.text.refresh_led) refers to lto-llvm-2057d0.o(.text.refresh_led) for [Anonymous Symbol]
    lto-llvm-2057d0.o(.text.main) refers to lto-llvm-2057d0.o(.text.HAL_InitTick) for HAL_InitTick
    lto-llvm-2057d0.o(.text.main) refers to lto-llvm-2057d0.o(.text.Error_Handler) for Error_Handler
    lto-llvm-2057d0.o(.text.main) refers to lto-llvm-2057d0.o(.bss..L_MergedGlobals.106) for [Anonymous Symbol]
    lto-llvm-2057d0.o(.text.main) refers to lto-llvm-2057d0.o(.text.HAL_RCC_GetSysClockFreq) for HAL_RCC_GetSysClockFreq
    lto-llvm-2057d0.o(.text.main) refers to lto-llvm-2057d0.o(.text.HAL_GPIO_Init) for HAL_GPIO_Init
    lto-llvm-2057d0.o(.text.main) refers to lto-llvm-2057d0.o(.text.HAL_ADC_ConfigChannel) for HAL_ADC_ConfigChannel
    lto-llvm-2057d0.o(.text.main) refers to memseta.o(.text) for __aeabi_memclr4
    lto-llvm-2057d0.o(.text.main) refers to lto-llvm-2057d0.o(.data..L_MergedGlobals) for [Anonymous Symbol]
    lto-llvm-2057d0.o(.text.main) refers to lto-llvm-2057d0.o(.bss.hadc) for [Anonymous Symbol]
    lto-llvm-2057d0.o(.text.main) refers to lto-llvm-2057d0.o(.bss.hi2c1) for [Anonymous Symbol]
    lto-llvm-2057d0.o(.text.main) refers to lto-llvm-2057d0.o(.text.HAL_RCC_GetPCLK1Freq) for HAL_RCC_GetPCLK1Freq
    lto-llvm-2057d0.o(.text.main) refers to lto-llvm-2057d0.o(.bss.huart1) for [Anonymous Symbol]
    lto-llvm-2057d0.o(.text.main) refers to uidiv_div0.o(.text) for __aeabi_uidiv
    lto-llvm-2057d0.o(.text.main) refers to lto-llvm-2057d0.o(.text.UART_WaitOnFlagUntilTimeout) for UART_WaitOnFlagUntilTimeout
    lto-llvm-2057d0.o(.text.main) refers to lto-llvm-2057d0.o(.text.HAL_UART_Receive_IT) for HAL_UART_Receive_IT
    lto-llvm-2057d0.o(.text.main) refers to lto-llvm-2057d0.o(.text.get_address) for get_address
    lto-llvm-2057d0.o(.text.main) refers to lto-llvm-2057d0.o(.text.HAL_Delay) for HAL_Delay
    lto-llvm-2057d0.o(.text.main) refers to lto-llvm-2057d0.o(.text.refresh_led) for refresh_led
    lto-llvm-2057d0.o(.text.main) refers to lto-llvm-2057d0.o(.bss.htim14) for [Anonymous Symbol]
    lto-llvm-2057d0.o(.text.main) refers to lto-llvm-2057d0.o(.bss.tfapp) for [Anonymous Symbol]
    lto-llvm-2057d0.o(.text.main) refers to lto-llvm-2057d0.o(.text.BINARY_GET_Listener) for BINARY_GET_Listener
    lto-llvm-2057d0.o(.text.main) refers to lto-llvm-2057d0.o(.text.TF_AddTypeListener) for TF_AddTypeListener
    lto-llvm-2057d0.o(.text.main) refers to lto-llvm-2057d0.o(.text.BINARY_SET_Listener) for BINARY_SET_Listener
    lto-llvm-2057d0.o(.text.main) refers to lto-llvm-2057d0.o(.text.BINARY_RESET_Listener) for BINARY_RESET_Listener
    lto-llvm-2057d0.o(.ARM.exidx.text.main) refers to lto-llvm-2057d0.o(.text.main) for [Anonymous Symbol]
    lto-llvm-2057d0.o(.text.Error_Handler) refers to lto-llvm-2057d0.o(.text.HAL_NVIC_SystemReset) for HAL_NVIC_SystemReset
    lto-llvm-2057d0.o(.ARM.exidx.text.Error_Handler) refers to lto-llvm-2057d0.o(.text.Error_Handler) for [Anonymous Symbol]
    lto-llvm-2057d0.o(.text.BINARY_GET_Listener) refers to lto-llvm-2057d0.o(.text.TF_Respond) for TF_Respond
    lto-llvm-2057d0.o(.text.BINARY_GET_Listener) refers to lto-llvm-2057d0.o(.bss..L_MergedGlobals.106) for [Anonymous Symbol]
    lto-llvm-2057d0.o(.ARM.exidx.text.BINARY_GET_Listener) refers to lto-llvm-2057d0.o(.text.BINARY_GET_Listener) for [Anonymous Symbol]
    lto-llvm-2057d0.o(.text.BINARY_SET_Listener) refers to lto-llvm-2057d0.o(.text.refresh_led) for refresh_led
    lto-llvm-2057d0.o(.text.BINARY_SET_Listener) refers to lto-llvm-2057d0.o(.text.TF_Respond) for TF_Respond
    lto-llvm-2057d0.o(.text.BINARY_SET_Listener) refers to lto-llvm-2057d0.o(.bss..L_MergedGlobals.106) for [Anonymous Symbol]
    lto-llvm-2057d0.o(.ARM.exidx.text.BINARY_SET_Listener) refers to lto-llvm-2057d0.o(.text.BINARY_SET_Listener) for [Anonymous Symbol]
    lto-llvm-2057d0.o(.text.BINARY_RESET_Listener) refers to lto-llvm-2057d0.o(.text.TF_Respond) for TF_Respond
    lto-llvm-2057d0.o(.text.BINARY_RESET_Listener) refers to lto-llvm-2057d0.o(.bss..L_MergedGlobals.106) for [Anonymous Symbol]
    lto-llvm-2057d0.o(.ARM.exidx.text.BINARY_RESET_Listener) refers to lto-llvm-2057d0.o(.text.BINARY_RESET_Listener) for [Anonymous Symbol]
    lto-llvm-2057d0.o(.text.TF_WriteImpl) refers to uidiv_div0.o(.text) for __aeabi_uidiv
    lto-llvm-2057d0.o(.text.TF_WriteImpl) refers to lto-llvm-2057d0.o(.text.UART_WaitOnFlagUntilTimeout) for UART_WaitOnFlagUntilTimeout
    lto-llvm-2057d0.o(.text.TF_WriteImpl) refers to lto-llvm-2057d0.o(.text.HAL_UART_Receive_IT) for HAL_UART_Receive_IT
    lto-llvm-2057d0.o(.text.TF_WriteImpl) refers to lto-llvm-2057d0.o(.data..L_MergedGlobals) for [Anonymous Symbol]
    lto-llvm-2057d0.o(.text.TF_WriteImpl) refers to lto-llvm-2057d0.o(.bss.huart1) for [Anonymous Symbol]
    lto-llvm-2057d0.o(.text.TF_WriteImpl) refers to lto-llvm-2057d0.o(.bss..L_MergedGlobals.106) for [Anonymous Symbol]
    lto-llvm-2057d0.o(.ARM.exidx.text.TF_WriteImpl) refers to lto-llvm-2057d0.o(.text.TF_WriteImpl) for [Anonymous Symbol]
    lto-llvm-2057d0.o(.text.HAL_UART_RxCpltCallback) refers to lto-llvm-2057d0.o(.text.HAL_UART_Receive_IT) for HAL_UART_Receive_IT
    lto-llvm-2057d0.o(.text.HAL_UART_RxCpltCallback) refers to lto-llvm-2057d0.o(.text.TF_HandleReceivedMessage) for TF_HandleReceivedMessage
    lto-llvm-2057d0.o(.text.HAL_UART_RxCpltCallback) refers to lto-llvm-2057d0.o(.bss.tfapp) for [Anonymous Symbol]
    lto-llvm-2057d0.o(.text.HAL_UART_RxCpltCallback) refers to lto-llvm-2057d0.o(.bss.rec) for [Anonymous Symbol]
    lto-llvm-2057d0.o(.text.HAL_UART_RxCpltCallback) refers to lto-llvm-2057d0.o(.rodata.crc16_table) for [Anonymous Symbol]
    lto-llvm-2057d0.o(.ARM.exidx.text.HAL_UART_RxCpltCallback) refers to lto-llvm-2057d0.o(.text.HAL_UART_RxCpltCallback) for [Anonymous Symbol]
    lto-llvm-2057d0.o(.text.HAL_UART_ErrorCallback) refers to lto-llvm-2057d0.o(.text.HAL_DMA_Abort) for HAL_DMA_Abort
    lto-llvm-2057d0.o(.text.HAL_UART_ErrorCallback) refers to lto-llvm-2057d0.o(.text.HAL_UART_Receive_IT) for HAL_UART_Receive_IT
    lto-llvm-2057d0.o(.text.HAL_UART_ErrorCallback) refers to lto-llvm-2057d0.o(.bss.huart1) for [Anonymous Symbol]
    lto-llvm-2057d0.o(.ARM.exidx.text.HAL_UART_ErrorCallback) refers to lto-llvm-2057d0.o(.text.HAL_UART_ErrorCallback) for [Anonymous Symbol]
    lto-llvm-2057d0.o(.ARM.exidx.text.NMI_Handler) refers to lto-llvm-2057d0.o(.text.NMI_Handler) for [Anonymous Symbol]
    lto-llvm-2057d0.o(.ARM.exidx.text.HardFault_Handler) refers to lto-llvm-2057d0.o(.text.HardFault_Handler) for [Anonymous Symbol]
    lto-llvm-2057d0.o(.ARM.exidx.text.SVC_Handler) refers to lto-llvm-2057d0.o(.text.SVC_Handler) for [Anonymous Symbol]
    lto-llvm-2057d0.o(.ARM.exidx.text.PendSV_Handler) refers to lto-llvm-2057d0.o(.text.PendSV_Handler) for [Anonymous Symbol]
    lto-llvm-2057d0.o(.text.SysTick_Handler) refers to lto-llvm-2057d0.o(.text.cleanup_id_listener) for cleanup_id_listener
    lto-llvm-2057d0.o(.text.SysTick_Handler) refers to lto-llvm-2057d0.o(.bss..L_MergedGlobals.106) for [Anonymous Symbol]
    lto-llvm-2057d0.o(.text.SysTick_Handler) refers to lto-llvm-2057d0.o(.bss.tfapp) for [Anonymous Symbol]
    lto-llvm-2057d0.o(.ARM.exidx.text.SysTick_Handler) refers to lto-llvm-2057d0.o(.text.SysTick_Handler) for [Anonymous Symbol]
    lto-llvm-2057d0.o(.text.TIM14_IRQHandler) refers to lto-llvm-2057d0.o(.bss.htim14) for [Anonymous Symbol]
    lto-llvm-2057d0.o(.text.TIM14_IRQHandler) refers to lto-llvm-2057d0.o(.bss..L_MergedGlobals.106) for [Anonymous Symbol]
    lto-llvm-2057d0.o(.ARM.exidx.text.TIM14_IRQHandler) refers to lto-llvm-2057d0.o(.text.TIM14_IRQHandler) for [Anonymous Symbol]
    lto-llvm-2057d0.o(.text.USART1_IRQHandler) refers to lto-llvm-2057d0.o(.text.HAL_UART_ErrorCallback) for HAL_UART_ErrorCallback
    lto-llvm-2057d0.o(.text.USART1_IRQHandler) refers to lto-llvm-2057d0.o(.text.UART_EndRxTransfer) for UART_EndRxTransfer
    lto-llvm-2057d0.o(.text.USART1_IRQHandler) refers to lto-llvm-2057d0.o(.text.HAL_DMA_Abort) for HAL_DMA_Abort
    lto-llvm-2057d0.o(.text.USART1_IRQHandler) refers to lto-llvm-2057d0.o(.text.UART_DMAAbortOnError) for UART_DMAAbortOnError
    lto-llvm-2057d0.o(.text.USART1_IRQHandler) refers to lto-llvm-2057d0.o(.bss.huart1) for [Anonymous Symbol]
    lto-llvm-2057d0.o(.ARM.exidx.text.USART1_IRQHandler) refers to lto-llvm-2057d0.o(.text.USART1_IRQHandler) for [Anonymous Symbol]
    lto-llvm-2057d0.o(.text.TF_AddTypeListener) refers to lto-llvm-2057d0.o(.bss.tfapp) for [Anonymous Symbol]
    lto-llvm-2057d0.o(.ARM.exidx.text.TF_AddTypeListener) refers to lto-llvm-2057d0.o(.text.TF_AddTypeListener) for [Anonymous Symbol]
    lto-llvm-2057d0.o(.text.cleanup_id_listener) refers to lto-llvm-2057d0.o(.bss.tfapp) for [Anonymous Symbol]
    lto-llvm-2057d0.o(.ARM.exidx.text.cleanup_id_listener) refers to lto-llvm-2057d0.o(.text.cleanup_id_listener) for [Anonymous Symbol]
    lto-llvm-2057d0.o(.text.TF_HandleReceivedMessage) refers to memseta.o(.text) for __aeabi_memclr4
    lto-llvm-2057d0.o(.text.TF_HandleReceivedMessage) refers to lto-llvm-2057d0.o(.text.cleanup_id_listener) for cleanup_id_listener
    lto-llvm-2057d0.o(.text.TF_HandleReceivedMessage) refers to lto-llvm-2057d0.o(.bss.tfapp) for [Anonymous Symbol]
    lto-llvm-2057d0.o(.ARM.exidx.text.TF_HandleReceivedMessage) refers to lto-llvm-2057d0.o(.text.TF_HandleReceivedMessage) for [Anonymous Symbol]
    lto-llvm-2057d0.o(.text.TF_Respond) refers to lto-llvm-2057d0.o(.text.TF_WriteImpl) for TF_WriteImpl
    lto-llvm-2057d0.o(.text.TF_Respond) refers to lto-llvm-2057d0.o(.rodata.crc16_table) for [Anonymous Symbol]
    lto-llvm-2057d0.o(.ARM.exidx.text.TF_Respond) refers to lto-llvm-2057d0.o(.text.TF_Respond) for [Anonymous Symbol]
    lto-llvm-2057d0.o(.text.HAL_ADC_ConfigChannel) refers to uidiv_div0.o(.text) for __aeabi_uidiv
    lto-llvm-2057d0.o(.text.HAL_ADC_ConfigChannel) refers to lto-llvm-2057d0.o(.bss.hadc) for [Anonymous Symbol]
    lto-llvm-2057d0.o(.text.HAL_ADC_ConfigChannel) refers to lto-llvm-2057d0.o(.data..L_MergedGlobals) for [Anonymous Symbol]
    lto-llvm-2057d0.o(.ARM.exidx.text.HAL_ADC_ConfigChannel) refers to lto-llvm-2057d0.o(.text.HAL_ADC_ConfigChannel) for [Anonymous Symbol]
    lto-llvm-2057d0.o(.text.HAL_RCC_GetSysClockFreq) refers to uidiv_div0.o(.text) for __aeabi_uidiv
    lto-llvm-2057d0.o(.ARM.exidx.text.HAL_RCC_GetSysClockFreq) refers to lto-llvm-2057d0.o(.text.HAL_RCC_GetSysClockFreq) for [Anonymous Symbol]
    lto-llvm-2057d0.o(.text.HAL_RCC_GetPCLK1Freq) refers to lto-llvm-2057d0.o(.data..L_MergedGlobals) for [Anonymous Symbol]
    lto-llvm-2057d0.o(.ARM.exidx.text.HAL_RCC_GetPCLK1Freq) refers to lto-llvm-2057d0.o(.text.HAL_RCC_GetPCLK1Freq) for [Anonymous Symbol]
    lto-llvm-2057d0.o(.text.HAL_InitTick) refers to uidiv_div0.o(.text) for __aeabi_uidiv
    lto-llvm-2057d0.o(.text.HAL_InitTick) refers to lto-llvm-2057d0.o(.data..L_MergedGlobals) for [Anonymous Symbol]
    lto-llvm-2057d0.o(.ARM.exidx.text.HAL_InitTick) refers to lto-llvm-2057d0.o(.text.HAL_InitTick) for [Anonymous Symbol]
    lto-llvm-2057d0.o(.text.HAL_Delay) refers to lto-llvm-2057d0.o(.bss..L_MergedGlobals.106) for [Anonymous Symbol]
    lto-llvm-2057d0.o(.ARM.exidx.text.HAL_Delay) refers to lto-llvm-2057d0.o(.text.HAL_Delay) for [Anonymous Symbol]
    lto-llvm-2057d0.o(.ARM.exidx.text.HAL_GPIO_Init) refers to lto-llvm-2057d0.o(.text.HAL_GPIO_Init) for [Anonymous Symbol]
    lto-llvm-2057d0.o(.ARM.exidx.text.HAL_DMA_Abort) refers to lto-llvm-2057d0.o(.text.HAL_DMA_Abort) for [Anonymous Symbol]
    lto-llvm-2057d0.o(.text.HAL_NVIC_SystemReset) refers to lto-llvm-2057d0.o(.text.__NVIC_SystemReset) for __NVIC_SystemReset
    lto-llvm-2057d0.o(.ARM.exidx.text.HAL_NVIC_SystemReset) refers to lto-llvm-2057d0.o(.text.HAL_NVIC_SystemReset) for [Anonymous Symbol]
    lto-llvm-2057d0.o(.ARM.exidx.text.__NVIC_SystemReset) refers to lto-llvm-2057d0.o(.text.__NVIC_SystemReset) for [Anonymous Symbol]
    lto-llvm-2057d0.o(.text.UART_WaitOnFlagUntilTimeout) refers to lto-llvm-2057d0.o(.text.UART_EndRxTransfer) for UART_EndRxTransfer
    lto-llvm-2057d0.o(.text.UART_WaitOnFlagUntilTimeout) refers to lto-llvm-2057d0.o(.bss..L_MergedGlobals.106) for [Anonymous Symbol]
    lto-llvm-2057d0.o(.ARM.exidx.text.UART_WaitOnFlagUntilTimeout) refers to lto-llvm-2057d0.o(.text.UART_WaitOnFlagUntilTimeout) for [Anonymous Symbol]
    lto-llvm-2057d0.o(.ARM.exidx.text.UART_EndRxTransfer) refers to lto-llvm-2057d0.o(.text.UART_EndRxTransfer) for [Anonymous Symbol]
    lto-llvm-2057d0.o(.text.HAL_UART_Receive_IT) refers to lto-llvm-2057d0.o(.bss.huart1) for [Anonymous Symbol]
    lto-llvm-2057d0.o(.text.HAL_UART_Receive_IT) refers to lto-llvm-2057d0.o(.bss.rec) for [Anonymous Symbol]
    lto-llvm-2057d0.o(.text.HAL_UART_Receive_IT) refers to lto-llvm-2057d0.o(.text.UART_RxISR_8BIT) for UART_RxISR_8BIT
    lto-llvm-2057d0.o(.text.HAL_UART_Receive_IT) refers to lto-llvm-2057d0.o(.text.UART_RxISR_16BIT) for UART_RxISR_16BIT
    lto-llvm-2057d0.o(.ARM.exidx.text.HAL_UART_Receive_IT) refers to lto-llvm-2057d0.o(.text.HAL_UART_Receive_IT) for [Anonymous Symbol]
    lto-llvm-2057d0.o(.text.UART_RxISR_8BIT) refers to lto-llvm-2057d0.o(.text.HAL_UART_RxCpltCallback) for HAL_UART_RxCpltCallback
    lto-llvm-2057d0.o(.ARM.exidx.text.UART_RxISR_8BIT) refers to lto-llvm-2057d0.o(.text.UART_RxISR_8BIT) for [Anonymous Symbol]
    lto-llvm-2057d0.o(.text.UART_RxISR_16BIT) refers to lto-llvm-2057d0.o(.text.HAL_UART_RxCpltCallback) for HAL_UART_RxCpltCallback
    lto-llvm-2057d0.o(.ARM.exidx.text.UART_RxISR_16BIT) refers to lto-llvm-2057d0.o(.text.UART_RxISR_16BIT) for [Anonymous Symbol]
    lto-llvm-2057d0.o(.text.UART_DMAAbortOnError) refers to lto-llvm-2057d0.o(.text.HAL_UART_ErrorCallback) for HAL_UART_ErrorCallback
    lto-llvm-2057d0.o(.ARM.exidx.text.UART_DMAAbortOnError) refers to lto-llvm-2057d0.o(.text.UART_DMAAbortOnError) for [Anonymous Symbol]
    lto-llvm-2057d0.o(.ARM.exidx.text.SystemInit) refers to lto-llvm-2057d0.o(.text.SystemInit) for [Anonymous Symbol]
    depilogue.o(i.__ARM_clz) refers (Special) to iusefp.o(.text) for __I$use$fp


==============================================================================

Removing Unused input sections from the image.

    Removing startup_stm32f030x6.o(HEAP), (512 bytes).
    Removing dadd.o(.text), (356 bytes).
    Removing dmul.o(.text), (208 bytes).
    Removing ddiv.o(.text), (240 bytes).
    Removing dfixul.o(.text), (64 bytes).
    Removing cdrcmple.o(.text), (40 bytes).
    Removing depilogue.o(.text), (190 bytes).
    Removing lto-llvm-2057d0.o(.text), (0 bytes).
    Removing lto-llvm-2057d0.o(.ARM.exidx.text.get_address), (8 bytes).
    Removing lto-llvm-2057d0.o(.ARM.exidx.text.refresh_led), (8 bytes).
    Removing lto-llvm-2057d0.o(.ARM.exidx.text.main), (8 bytes).
    Removing lto-llvm-2057d0.o(.ARM.exidx.text.Error_Handler), (8 bytes).
    Removing lto-llvm-2057d0.o(.ARM.exidx.text.BINARY_GET_Listener), (8 bytes).
    Removing lto-llvm-2057d0.o(.ARM.exidx.text.BINARY_SET_Listener), (8 bytes).
    Removing lto-llvm-2057d0.o(.ARM.exidx.text.BINARY_RESET_Listener), (8 bytes).
    Removing lto-llvm-2057d0.o(.ARM.exidx.text.TF_WriteImpl), (8 bytes).
    Removing lto-llvm-2057d0.o(.ARM.exidx.text.HAL_UART_RxCpltCallback), (8 bytes).
    Removing lto-llvm-2057d0.o(.ARM.exidx.text.HAL_UART_ErrorCallback), (8 bytes).
    Removing lto-llvm-2057d0.o(.ARM.exidx.text.NMI_Handler), (8 bytes).
    Removing lto-llvm-2057d0.o(.ARM.exidx.text.HardFault_Handler), (8 bytes).
    Removing lto-llvm-2057d0.o(.ARM.exidx.text.SVC_Handler), (8 bytes).
    Removing lto-llvm-2057d0.o(.ARM.exidx.text.PendSV_Handler), (8 bytes).
    Removing lto-llvm-2057d0.o(.ARM.exidx.text.SysTick_Handler), (8 bytes).
    Removing lto-llvm-2057d0.o(.ARM.exidx.text.TIM14_IRQHandler), (8 bytes).
    Removing lto-llvm-2057d0.o(.ARM.exidx.text.USART1_IRQHandler), (8 bytes).
    Removing lto-llvm-2057d0.o(.ARM.exidx.text.TF_AddTypeListener), (8 bytes).
    Removing lto-llvm-2057d0.o(.ARM.exidx.text.cleanup_id_listener), (8 bytes).
    Removing lto-llvm-2057d0.o(.ARM.exidx.text.TF_HandleReceivedMessage), (8 bytes).
    Removing lto-llvm-2057d0.o(.ARM.exidx.text.TF_Respond), (8 bytes).
    Removing lto-llvm-2057d0.o(.ARM.exidx.text.HAL_ADC_ConfigChannel), (8 bytes).
    Removing lto-llvm-2057d0.o(.ARM.exidx.text.HAL_RCC_GetSysClockFreq), (8 bytes).
    Removing lto-llvm-2057d0.o(.ARM.exidx.text.HAL_RCC_GetPCLK1Freq), (8 bytes).
    Removing lto-llvm-2057d0.o(.ARM.exidx.text.HAL_InitTick), (8 bytes).
    Removing lto-llvm-2057d0.o(.ARM.exidx.text.HAL_Delay), (8 bytes).
    Removing lto-llvm-2057d0.o(.ARM.exidx.text.HAL_GPIO_Init), (8 bytes).
    Removing lto-llvm-2057d0.o(.ARM.exidx.text.HAL_DMA_Abort), (8 bytes).
    Removing lto-llvm-2057d0.o(.ARM.exidx.text.HAL_NVIC_SystemReset), (8 bytes).
    Removing lto-llvm-2057d0.o(.ARM.exidx.text.__NVIC_SystemReset), (8 bytes).
    Removing lto-llvm-2057d0.o(.ARM.exidx.text.UART_WaitOnFlagUntilTimeout), (8 bytes).
    Removing lto-llvm-2057d0.o(.ARM.exidx.text.UART_EndRxTransfer), (8 bytes).
    Removing lto-llvm-2057d0.o(.ARM.exidx.text.HAL_UART_Receive_IT), (8 bytes).
    Removing lto-llvm-2057d0.o(.ARM.exidx.text.UART_RxISR_8BIT), (8 bytes).
    Removing lto-llvm-2057d0.o(.ARM.exidx.text.UART_RxISR_16BIT), (8 bytes).
    Removing lto-llvm-2057d0.o(.ARM.exidx.text.UART_DMAAbortOnError), (8 bytes).
    Removing lto-llvm-2057d0.o(.ARM.exidx.text.SystemInit), (8 bytes).
    Removing lto-llvm-2057d0.o(.ARM.use_no_argv), (4 bytes).
    Removing depilogue.o(i.__ARM_clz), (46 bytes).

47 unused section(s) (total 1956 bytes) removed from the image.

==============================================================================

Image Symbol Table

    Local Symbols

    Symbol Name                              Value     Ov Type        Size  Object(Section)

    ../clib/division.s                       0x00000000   Number         0  aeabi_sdiv.o ABSOLUTE
    ../clib/division.s                       0x00000000   Number         0  aeabi_sdiv_div0.o ABSOLUTE
    ../clib/microlib/division.c              0x00000000   Number         0  uidiv.o ABSOLUTE
    ../clib/microlib/division.c              0x00000000   Number         0  uldiv.o ABSOLUTE
    ../clib/microlib/division.c              0x00000000   Number         0  uidiv_div0.o ABSOLUTE
    ../clib/microlib/division.c              0x00000000   Number         0  idiv_div0.o ABSOLUTE
    ../clib/microlib/division.c              0x00000000   Number         0  idiv0.o ABSOLUTE
    ../clib/microlib/init/entry.s            0x00000000   Number         0  entry.o ABSOLUTE
    ../clib/microlib/init/entry.s            0x00000000   Number         0  entry2.o ABSOLUTE
    ../clib/microlib/init/entry.s            0x00000000   Number         0  entry5.o ABSOLUTE
    ../clib/microlib/init/entry.s            0x00000000   Number         0  entry7a.o ABSOLUTE
    ../clib/microlib/init/entry.s            0x00000000   Number         0  entry7b.o ABSOLUTE
    ../clib/microlib/init/entry.s            0x00000000   Number         0  entry8a.o ABSOLUTE
    ../clib/microlib/init/entry.s            0x00000000   Number         0  entry8b.o ABSOLUTE
    ../clib/microlib/init/entry.s            0x00000000   Number         0  entry9a.o ABSOLUTE
    ../clib/microlib/init/entry.s            0x00000000   Number         0  entry9b.o ABSOLUTE
    ../clib/microlib/init/entry.s            0x00000000   Number         0  entry10a.o ABSOLUTE
    ../clib/microlib/init/entry.s            0x00000000   Number         0  entry10b.o ABSOLUTE
    ../clib/microlib/init/entry.s            0x00000000   Number         0  entry11a.o ABSOLUTE
    ../clib/microlib/init/entry.s            0x00000000   Number         0  entry11b.o ABSOLUTE
    ../clib/microlib/longlong.c              0x00000000   Number         0  llshl.o ABSOLUTE
    ../clib/microlib/longlong.c              0x00000000   Number         0  llushr.o ABSOLUTE
    ../clib/microlib/longlong.c              0x00000000   Number         0  llsshr.o ABSOLUTE
    ../clib/microlib/malloc/malloc.c         0x00000000   Number         0  malloc.o ABSOLUTE
    ../clib/microlib/malloc/malloc.c         0x00000000   Number         0  mallocr.o ABSOLUTE
    ../clib/microlib/malloc/malloc.c         0x00000000   Number         0  malloca.o ABSOLUTE
    ../clib/microlib/malloc/malloc.c         0x00000000   Number         0  mallocra.o ABSOLUTE
    ../clib/microlib/malloc/mvars.c          0x00000000   Number         0  mvars.o ABSOLUTE
    ../clib/microlib/printf/printf.c         0x00000000   Number         0  printfb.o ABSOLUTE
    ../clib/microlib/printf/printf.c         0x00000000   Number         0  printf0.o ABSOLUTE
    ../clib/microlib/printf/printf.c         0x00000000   Number         0  printf1.o ABSOLUTE
    ../clib/microlib/printf/printf.c         0x00000000   Number         0  printf2.o ABSOLUTE
    ../clib/microlib/printf/printf.c         0x00000000   Number         0  printf3.o ABSOLUTE
    ../clib/microlib/printf/printf.c         0x00000000   Number         0  printf4.o ABSOLUTE
    ../clib/microlib/printf/printf.c         0x00000000   Number         0  printf5.o ABSOLUTE
    ../clib/microlib/printf/printf.c         0x00000000   Number         0  printf6.o ABSOLUTE
    ../clib/microlib/printf/printf.c         0x00000000   Number         0  printf7.o ABSOLUTE
    ../clib/microlib/printf/printf.c         0x00000000   Number         0  printf8.o ABSOLUTE
    ../clib/microlib/printf/printf.c         0x00000000   Number         0  printfa.o ABSOLUTE
    ../clib/microlib/printf/stubs.s          0x00000000   Number         0  printfstubs.o ABSOLUTE
    ../clib/microlib/stdio/fputc.c           0x00000000   Number         0  fputc.o ABSOLUTE
    ../clib/microlib/stdio/fputc.c           0x00000000   Number         0  fputc_h.o ABSOLUTE
    ../clib/microlib/stdio/putchar.c         0x00000000   Number         0  putchar.o ABSOLUTE
    ../clib/microlib/stdio/puts.c            0x00000000   Number         0  puts.o ABSOLUTE
    ../clib/microlib/stdio/puts.c            0x00000000   Number         0  puts_e.o ABSOLUTE
    ../clib/microlib/stdio/semi.s            0x00000000   Number         0  semi.o ABSOLUTE
    ../clib/microlib/stdio/streams.c         0x00000000   Number         0  stdout.o ABSOLUTE
    ../clib/microlib/string/memcpy.c         0x00000000   Number         0  memcpya.o ABSOLUTE
    ../clib/microlib/string/memcpy.c         0x00000000   Number         0  memcpyb.o ABSOLUTE
    ../clib/microlib/string/memset.c         0x00000000   Number         0  memseta.o ABSOLUTE
    ../clib/microlib/stubs.s                 0x00000000   Number         0  iusefp.o ABSOLUTE
    ../clib/microlib/stubs.s                 0x00000000   Number         0  iusesemip.o ABSOLUTE
    ../fplib/microlib/fpadd.c                0x00000000   Number         0  dadd.o ABSOLUTE
    ../fplib/microlib/fpdiv.c                0x00000000   Number         0  ddiv.o ABSOLUTE
    ../fplib/microlib/fpepilogue.c           0x00000000   Number         0  depilogue.o ABSOLUTE
    ../fplib/microlib/fpfix.c                0x00000000   Number         0  dfixul.o ABSOLUTE
    ../fplib/microlib/fpmul.c                0x00000000   Number         0  dmul.o ABSOLUTE
    cdrcmple.s                               0x00000000   Number         0  cdrcmple.o ABSOLUTE
    dc.s                                     0x00000000   Number         0  dc.o ABSOLUTE
    handlers.s                               0x00000000   Number         0  handlers.o ABSOLUTE
    init.s                                   0x00000000   Number         0  init.o ABSOLUTE
    ld-temp.o                                0x00000000   Number         0  lto-llvm-2057d0.o ABSOLUTE
    startup_stm32f030x6.s                    0x00000000   Number         0  startup_stm32f030x6.o ABSOLUTE
    RESET                                    0x08000000   Section      176  startup_stm32f030x6.o(RESET)
    .ARM.Collect$$$$00000000                 0x080000b0   Section        0  entry.o(.ARM.Collect$$$$00000000)
    .ARM.Collect$$$$00000001                 0x080000b0   Section        4  entry2.o(.ARM.Collect$$$$00000001)
    .ARM.Collect$$$$00000004                 0x080000b4   Section        4  entry5.o(.ARM.Collect$$$$00000004)
    .ARM.Collect$$$$00000008                 0x080000b8   Section        0  entry7b.o(.ARM.Collect$$$$00000008)
    .ARM.Collect$$$$0000000A                 0x080000b8   Section        0  entry8b.o(.ARM.Collect$$$$0000000A)
    .ARM.Collect$$$$0000000B                 0x080000b8   Section        8  entry9a.o(.ARM.Collect$$$$0000000B)
    __lit__00000000                          0x080000c0   Data           4  entry2.o(.ARM.Collect$$$$00002712)
    .ARM.Collect$$$$0000000D                 0x080000c0   Section        0  entry10a.o(.ARM.Collect$$$$0000000D)
    .ARM.Collect$$$$0000000F                 0x080000c0   Section        0  entry11a.o(.ARM.Collect$$$$0000000F)
    .ARM.Collect$$$$00002712                 0x080000c0   Section        4  entry2.o(.ARM.Collect$$$$00002712)
    .text                                    0x080000c4   Section       28  startup_stm32f030x6.o(.text)
    .text                                    0x080000e0   Section       36  init.o(.text)
    .text                                    0x08000104   Section        0  uidiv_div0.o(.text)
    .text                                    0x08000142   Section        0  memseta.o(.text)
    BINARY_GET_Listener                      0x08000169   Thumb Code    76  lto-llvm-2057d0.o(.text.BINARY_GET_Listener)
    [Anonymous Symbol]                       0x08000168   Section        0  lto-llvm-2057d0.o(.text.BINARY_GET_Listener)
    BINARY_RESET_Listener                    0x080001b5   Thumb Code    64  lto-llvm-2057d0.o(.text.BINARY_RESET_Listener)
    [Anonymous Symbol]                       0x080001b4   Section        0  lto-llvm-2057d0.o(.text.BINARY_RESET_Listener)
    BINARY_SET_Listener                      0x080001f5   Thumb Code   124  lto-llvm-2057d0.o(.text.BINARY_SET_Listener)
    [Anonymous Symbol]                       0x080001f4   Section        0  lto-llvm-2057d0.o(.text.BINARY_SET_Listener)
    Error_Handler                            0x08000271   Thumb Code    10  lto-llvm-2057d0.o(.text.Error_Handler)
    [Anonymous Symbol]                       0x08000270   Section        0  lto-llvm-2057d0.o(.text.Error_Handler)
    HAL_ADC_ConfigChannel                    0x0800027d   Thumb Code   228  lto-llvm-2057d0.o(.text.HAL_ADC_ConfigChannel)
    [Anonymous Symbol]                       0x0800027c   Section        0  lto-llvm-2057d0.o(.text.HAL_ADC_ConfigChannel)
    __arm_cp.21_0                            0x08000360   Number         4  lto-llvm-2057d0.o(.text.HAL_ADC_ConfigChannel)
    __arm_cp.21_1                            0x08000364   Number         4  lto-llvm-2057d0.o(.text.HAL_ADC_ConfigChannel)
    __arm_cp.21_2                            0x08000368   Number         4  lto-llvm-2057d0.o(.text.HAL_ADC_ConfigChannel)
    __arm_cp.21_4                            0x0800036c   Number         4  lto-llvm-2057d0.o(.text.HAL_ADC_ConfigChannel)
    __arm_cp.21_5                            0x08000370   Number         4  lto-llvm-2057d0.o(.text.HAL_ADC_ConfigChannel)
    __arm_cp.21_6                            0x08000374   Number         4  lto-llvm-2057d0.o(.text.HAL_ADC_ConfigChannel)
    HAL_DMA_Abort                            0x08000379   Thumb Code    58  lto-llvm-2057d0.o(.text.HAL_DMA_Abort)
    [Anonymous Symbol]                       0x08000378   Section        0  lto-llvm-2057d0.o(.text.HAL_DMA_Abort)
    HAL_Delay                                0x080003b5   Thumb Code    16  lto-llvm-2057d0.o(.text.HAL_Delay)
    [Anonymous Symbol]                       0x080003b4   Section        0  lto-llvm-2057d0.o(.text.HAL_Delay)
    __arm_cp.25_0                            0x080003c4   Number         4  lto-llvm-2057d0.o(.text.HAL_Delay)
    HAL_GPIO_Init                            0x080003c9   Thumb Code   388  lto-llvm-2057d0.o(.text.HAL_GPIO_Init)
    [Anonymous Symbol]                       0x080003c8   Section        0  lto-llvm-2057d0.o(.text.HAL_GPIO_Init)
    __arm_cp.26_0                            0x0800054c   Number         4  lto-llvm-2057d0.o(.text.HAL_GPIO_Init)
    __arm_cp.26_1                            0x08000550   Number         4  lto-llvm-2057d0.o(.text.HAL_GPIO_Init)
    __arm_cp.26_2                            0x08000554   Number         4  lto-llvm-2057d0.o(.text.HAL_GPIO_Init)
    __arm_cp.26_3                            0x08000558   Number         4  lto-llvm-2057d0.o(.text.HAL_GPIO_Init)
    __arm_cp.26_4                            0x0800055c   Number         4  lto-llvm-2057d0.o(.text.HAL_GPIO_Init)
    __arm_cp.26_5                            0x08000560   Number         4  lto-llvm-2057d0.o(.text.HAL_GPIO_Init)
    HAL_InitTick                             0x08000565   Thumb Code    60  lto-llvm-2057d0.o(.text.HAL_InitTick)
    [Anonymous Symbol]                       0x08000564   Section        0  lto-llvm-2057d0.o(.text.HAL_InitTick)
    __arm_cp.24_1                            0x080005a0   Number         4  lto-llvm-2057d0.o(.text.HAL_InitTick)
    __arm_cp.24_2                            0x080005a4   Number         4  lto-llvm-2057d0.o(.text.HAL_InitTick)
    __arm_cp.24_3                            0x080005a8   Number         4  lto-llvm-2057d0.o(.text.HAL_InitTick)
    HAL_NVIC_SystemReset                     0x080005ad   Thumb Code     4  lto-llvm-2057d0.o(.text.HAL_NVIC_SystemReset)
    [Anonymous Symbol]                       0x080005ac   Section        0  lto-llvm-2057d0.o(.text.HAL_NVIC_SystemReset)
    HAL_RCC_GetPCLK1Freq                     0x080005b1   Thumb Code    20  lto-llvm-2057d0.o(.text.HAL_RCC_GetPCLK1Freq)
    [Anonymous Symbol]                       0x080005b0   Section        0  lto-llvm-2057d0.o(.text.HAL_RCC_GetPCLK1Freq)
    __arm_cp.23_0                            0x080005c4   Number         4  lto-llvm-2057d0.o(.text.HAL_RCC_GetPCLK1Freq)
    __arm_cp.23_1                            0x080005c8   Number         4  lto-llvm-2057d0.o(.text.HAL_RCC_GetPCLK1Freq)
    APBPrescTable                            0x080005cc   Number         0  lto-llvm-2057d0.o(.text.HAL_RCC_GetPCLK1Freq)
    HAL_RCC_GetSysClockFreq                  0x080005d5   Thumb Code    56  lto-llvm-2057d0.o(.text.HAL_RCC_GetSysClockFreq)
    [Anonymous Symbol]                       0x080005d4   Section        0  lto-llvm-2057d0.o(.text.HAL_RCC_GetSysClockFreq)
    __arm_cp.22_0                            0x0800060c   Number         4  lto-llvm-2057d0.o(.text.HAL_RCC_GetSysClockFreq)
    __arm_cp.22_1                            0x08000610   Number         4  lto-llvm-2057d0.o(.text.HAL_RCC_GetSysClockFreq)
    HAL_RCC_GetSysClockFreq.aPLLMULFactorTable 0x08000614   Number         0  lto-llvm-2057d0.o(.text.HAL_RCC_GetSysClockFreq)
    HAL_RCC_GetSysClockFreq.aPredivFactorTable 0x08000624   Number         0  lto-llvm-2057d0.o(.text.HAL_RCC_GetSysClockFreq)
    __arm_cp.22_4                            0x08000634   Number         4  lto-llvm-2057d0.o(.text.HAL_RCC_GetSysClockFreq)
    HAL_UART_ErrorCallback                   0x08000639   Thumb Code   192  lto-llvm-2057d0.o(.text.HAL_UART_ErrorCallback)
    [Anonymous Symbol]                       0x08000638   Section        0  lto-llvm-2057d0.o(.text.HAL_UART_ErrorCallback)
    HAL_UART_Receive_IT                      0x080006f9   Thumb Code   236  lto-llvm-2057d0.o(.text.HAL_UART_Receive_IT)
    [Anonymous Symbol]                       0x080006f8   Section        0  lto-llvm-2057d0.o(.text.HAL_UART_Receive_IT)
    __arm_cp.32_0                            0x080007e4   Number         4  lto-llvm-2057d0.o(.text.HAL_UART_Receive_IT)
    __arm_cp.32_2                            0x080007e8   Number         4  lto-llvm-2057d0.o(.text.HAL_UART_Receive_IT)
    __arm_cp.32_3                            0x080007ec   Number         4  lto-llvm-2057d0.o(.text.HAL_UART_Receive_IT)
    __arm_cp.32_4                            0x080007f0   Number         4  lto-llvm-2057d0.o(.text.HAL_UART_Receive_IT)
    HAL_UART_RxCpltCallback                  0x080007f5   Thumb Code   416  lto-llvm-2057d0.o(.text.HAL_UART_RxCpltCallback)
    [Anonymous Symbol]                       0x080007f4   Section        0  lto-llvm-2057d0.o(.text.HAL_UART_RxCpltCallback)
    __arm_cp.8_1                             0x08000994   Number         4  lto-llvm-2057d0.o(.text.HAL_UART_RxCpltCallback)
    __arm_cp.8_2                             0x08000998   Number         4  lto-llvm-2057d0.o(.text.HAL_UART_RxCpltCallback)
    __arm_cp.8_3                             0x0800099c   Number         4  lto-llvm-2057d0.o(.text.HAL_UART_RxCpltCallback)
    __arm_cp.8_4                             0x080009a0   Number         4  lto-llvm-2057d0.o(.text.HAL_UART_RxCpltCallback)
    __arm_cp.8_5                             0x080009a4   Number         4  lto-llvm-2057d0.o(.text.HAL_UART_RxCpltCallback)
    __arm_cp.8_6                             0x080009a8   Number         4  lto-llvm-2057d0.o(.text.HAL_UART_RxCpltCallback)
    __arm_cp.8_7                             0x080009ac   Number         4  lto-llvm-2057d0.o(.text.HAL_UART_RxCpltCallback)
    __arm_cp.8_8                             0x080009b0   Number         4  lto-llvm-2057d0.o(.text.HAL_UART_RxCpltCallback)
    [Anonymous Symbol]                       0x080009b4   Section        0  lto-llvm-2057d0.o(.text.HardFault_Handler)
    [Anonymous Symbol]                       0x080009b6   Section        0  lto-llvm-2057d0.o(.text.NMI_Handler)
    [Anonymous Symbol]                       0x080009b8   Section        0  lto-llvm-2057d0.o(.text.PendSV_Handler)
    [Anonymous Symbol]                       0x080009ba   Section        0  lto-llvm-2057d0.o(.text.SVC_Handler)
    [Anonymous Symbol]                       0x080009bc   Section        0  lto-llvm-2057d0.o(.text.SysTick_Handler)
    __arm_cp.14_0                            0x08000a10   Number         4  lto-llvm-2057d0.o(.text.SysTick_Handler)
    [Anonymous Symbol]                       0x08000a14   Section        0  lto-llvm-2057d0.o(.text.SystemInit)
    TF_AddTypeListener                       0x08000a19   Thumb Code    48  lto-llvm-2057d0.o(.text.TF_AddTypeListener)
    [Anonymous Symbol]                       0x08000a18   Section        0  lto-llvm-2057d0.o(.text.TF_AddTypeListener)
    TF_HandleReceivedMessage                 0x08000a49   Thumb Code   308  lto-llvm-2057d0.o(.text.TF_HandleReceivedMessage)
    [Anonymous Symbol]                       0x08000a48   Section        0  lto-llvm-2057d0.o(.text.TF_HandleReceivedMessage)
    __arm_cp.19_0                            0x08000b7c   Number         4  lto-llvm-2057d0.o(.text.TF_HandleReceivedMessage)
    __arm_cp.19_1                            0x08000b80   Number         4  lto-llvm-2057d0.o(.text.TF_HandleReceivedMessage)
    __arm_cp.19_2                            0x08000b84   Number         4  lto-llvm-2057d0.o(.text.TF_HandleReceivedMessage)
    __arm_cp.19_3                            0x08000b88   Number         4  lto-llvm-2057d0.o(.text.TF_HandleReceivedMessage)
    __arm_cp.19_4                            0x08000b8c   Number         4  lto-llvm-2057d0.o(.text.TF_HandleReceivedMessage)
    TF_Respond                               0x08000b91   Thumb Code   332  lto-llvm-2057d0.o(.text.TF_Respond)
    [Anonymous Symbol]                       0x08000b90   Section        0  lto-llvm-2057d0.o(.text.TF_Respond)
    __arm_cp.20_0                            0x08000cdc   Number         4  lto-llvm-2057d0.o(.text.TF_Respond)
    __arm_cp.20_1                            0x08000ce0   Number         4  lto-llvm-2057d0.o(.text.TF_Respond)
    __arm_cp.20_2                            0x08000ce4   Number         4  lto-llvm-2057d0.o(.text.TF_Respond)
    __arm_cp.20_3                            0x08000ce8   Number         4  lto-llvm-2057d0.o(.text.TF_Respond)
    TF_WriteImpl                             0x08000ced   Thumb Code   200  lto-llvm-2057d0.o(.text.TF_WriteImpl)
    [Anonymous Symbol]                       0x08000cec   Section        0  lto-llvm-2057d0.o(.text.TF_WriteImpl)
    __arm_cp.7_0                             0x08000db4   Number         4  lto-llvm-2057d0.o(.text.TF_WriteImpl)
    __arm_cp.7_1                             0x08000db8   Number         4  lto-llvm-2057d0.o(.text.TF_WriteImpl)
    __arm_cp.7_2                             0x08000dbc   Number         4  lto-llvm-2057d0.o(.text.TF_WriteImpl)
    __arm_cp.7_4                             0x08000dc0   Number         4  lto-llvm-2057d0.o(.text.TF_WriteImpl)
    [Anonymous Symbol]                       0x08000dc4   Section        0  lto-llvm-2057d0.o(.text.TIM14_IRQHandler)
    __arm_cp.15_0                            0x08000f34   Number         4  lto-llvm-2057d0.o(.text.TIM14_IRQHandler)
    __arm_cp.15_1                            0x08000f38   Number         4  lto-llvm-2057d0.o(.text.TIM14_IRQHandler)
    __arm_cp.15_2                            0x08000f3c   Number         4  lto-llvm-2057d0.o(.text.TIM14_IRQHandler)
    __arm_cp.15_3                            0x08000f40   Number         4  lto-llvm-2057d0.o(.text.TIM14_IRQHandler)
    __arm_cp.15_4                            0x08000f44   Number         4  lto-llvm-2057d0.o(.text.TIM14_IRQHandler)
    __arm_cp.15_5                            0x08000f48   Number         4  lto-llvm-2057d0.o(.text.TIM14_IRQHandler)
    UART_DMAAbortOnError                     0x08000f55   Thumb Code    22  lto-llvm-2057d0.o(.text.UART_DMAAbortOnError)
    [Anonymous Symbol]                       0x08000f54   Section        0  lto-llvm-2057d0.o(.text.UART_DMAAbortOnError)
    UART_EndRxTransfer                       0x08000f6b   Thumb Code    90  lto-llvm-2057d0.o(.text.UART_EndRxTransfer)
    [Anonymous Symbol]                       0x08000f6a   Section        0  lto-llvm-2057d0.o(.text.UART_EndRxTransfer)
    UART_RxISR_16BIT                         0x08000fc5   Thumb Code   192  lto-llvm-2057d0.o(.text.UART_RxISR_16BIT)
    [Anonymous Symbol]                       0x08000fc4   Section        0  lto-llvm-2057d0.o(.text.UART_RxISR_16BIT)
    UART_RxISR_8BIT                          0x08001085   Thumb Code   194  lto-llvm-2057d0.o(.text.UART_RxISR_8BIT)
    [Anonymous Symbol]                       0x08001084   Section        0  lto-llvm-2057d0.o(.text.UART_RxISR_8BIT)
    UART_WaitOnFlagUntilTimeout              0x08001149   Thumb Code   100  lto-llvm-2057d0.o(.text.UART_WaitOnFlagUntilTimeout)
    [Anonymous Symbol]                       0x08001148   Section        0  lto-llvm-2057d0.o(.text.UART_WaitOnFlagUntilTimeout)
    __arm_cp.30_0                            0x080011ac   Number         4  lto-llvm-2057d0.o(.text.UART_WaitOnFlagUntilTimeout)
    [Anonymous Symbol]                       0x080011b0   Section        0  lto-llvm-2057d0.o(.text.USART1_IRQHandler)
    __arm_cp.16_0                            0x08001474   Number         4  lto-llvm-2057d0.o(.text.USART1_IRQHandler)
    __arm_cp.16_1                            0x08001478   Number         4  lto-llvm-2057d0.o(.text.USART1_IRQHandler)
    __arm_cp.16_2                            0x0800147c   Number         4  lto-llvm-2057d0.o(.text.USART1_IRQHandler)
    __arm_cp.16_3                            0x08001480   Number         4  lto-llvm-2057d0.o(.text.USART1_IRQHandler)
    __NVIC_SystemReset                       0x08001485   Thumb Code    20  lto-llvm-2057d0.o(.text.__NVIC_SystemReset)
    [Anonymous Symbol]                       0x08001484   Section        0  lto-llvm-2057d0.o(.text.__NVIC_SystemReset)
    __arm_cp.29_0                            0x08001498   Number         4  lto-llvm-2057d0.o(.text.__NVIC_SystemReset)
    __arm_cp.29_1                            0x0800149c   Number         4  lto-llvm-2057d0.o(.text.__NVIC_SystemReset)
    cleanup_id_listener                      0x080014a1   Thumb Code    60  lto-llvm-2057d0.o(.text.cleanup_id_listener)
    [Anonymous Symbol]                       0x080014a0   Section        0  lto-llvm-2057d0.o(.text.cleanup_id_listener)
    __arm_cp.18_0                            0x080014dc   Number         4  lto-llvm-2057d0.o(.text.cleanup_id_listener)
    __arm_cp.18_1                            0x080014e0   Number         4  lto-llvm-2057d0.o(.text.cleanup_id_listener)
    get_address                              0x080014e5   Thumb Code   120  lto-llvm-2057d0.o(.text.get_address)
    [Anonymous Symbol]                       0x080014e4   Section        0  lto-llvm-2057d0.o(.text.get_address)
    __arm_cp.0_1                             0x0800155c   Number         4  lto-llvm-2057d0.o(.text.get_address)
    __arm_cp.0_2                             0x08001560   Number         4  lto-llvm-2057d0.o(.text.get_address)
    __arm_cp.0_3                             0x08001564   Number         4  lto-llvm-2057d0.o(.text.get_address)
    [Anonymous Symbol]                       0x08001568   Section        0  lto-llvm-2057d0.o(.text.main)
    __arm_cp.2_53                            0x08001708   Number         4  lto-llvm-2057d0.o(.text.main)
    __arm_cp.2_55                            0x08001710   Number         4  lto-llvm-2057d0.o(.text.main)
    __arm_cp.2_57                            0x08001718   Number         4  lto-llvm-2057d0.o(.text.main)
    __arm_cp.2_58                            0x0800171c   Number         4  lto-llvm-2057d0.o(.text.main)
    __arm_cp.2_59                            0x08001b10   Number         4  lto-llvm-2057d0.o(.text.main)
    AHBPrescTable                            0x08001b14   Number         0  lto-llvm-2057d0.o(.text.main)
    __arm_cp.2_62                            0x08001b28   Number         4  lto-llvm-2057d0.o(.text.main)
    __arm_cp.2_63                            0x08001b2c   Number         4  lto-llvm-2057d0.o(.text.main)
    __arm_cp.2_65                            0x08001b34   Number         4  lto-llvm-2057d0.o(.text.main)
    __arm_cp.2_66                            0x08001b38   Number         4  lto-llvm-2057d0.o(.text.main)
    __arm_cp.2_67                            0x08001b3c   Number         4  lto-llvm-2057d0.o(.text.main)
    __arm_cp.2_68                            0x08001b40   Number         4  lto-llvm-2057d0.o(.text.main)
    __arm_cp.2_70                            0x08001b48   Number         4  lto-llvm-2057d0.o(.text.main)
    __arm_cp.2_72                            0x08001b50   Number         4  lto-llvm-2057d0.o(.text.main)
    __arm_cp.2_97                            0x08001b54   Number         4  lto-llvm-2057d0.o(.text.main)
    __arm_cp.2_98                            0x08001b58   Number         4  lto-llvm-2057d0.o(.text.main)
    __arm_cp.2_73                            0x08001e34   Number         4  lto-llvm-2057d0.o(.text.main)
    __arm_cp.2_77                            0x08001e7c   Number         4  lto-llvm-2057d0.o(.text.main)
    __arm_cp.2_78                            0x08001e80   Number         4  lto-llvm-2057d0.o(.text.main)
    __arm_cp.2_80                            0x08001e88   Number         4  lto-llvm-2057d0.o(.text.main)
    __arm_cp.2_81                            0x08001e8c   Number         4  lto-llvm-2057d0.o(.text.main)
    __arm_cp.2_82                            0x08001e90   Number         4  lto-llvm-2057d0.o(.text.main)
    __arm_cp.2_85                            0x08001e9c   Number         4  lto-llvm-2057d0.o(.text.main)
    __arm_cp.2_88                            0x08001ea8   Number         4  lto-llvm-2057d0.o(.text.main)
    __arm_cp.2_90                            0x08001ebc   Number         4  lto-llvm-2057d0.o(.text.main)
    __arm_cp.2_92                            0x08002288   Number         4  lto-llvm-2057d0.o(.text.main)
    __arm_cp.2_93                            0x0800228c   Number         4  lto-llvm-2057d0.o(.text.main)
    __arm_cp.2_94                            0x08002290   Number         4  lto-llvm-2057d0.o(.text.main)
    __arm_cp.2_95                            0x08002294   Number         4  lto-llvm-2057d0.o(.text.main)
    __arm_cp.2_96                            0x08002298   Number         4  lto-llvm-2057d0.o(.text.main)
    __arm_cp.2_8                             0x080023b0   Number         4  lto-llvm-2057d0.o(.text.main)
    __arm_cp.2_15                            0x080023b4   Number         4  lto-llvm-2057d0.o(.text.main)
    __arm_cp.2_25                            0x080023b8   Number         4  lto-llvm-2057d0.o(.text.main)
    __arm_cp.2_28                            0x080023bc   Number         4  lto-llvm-2057d0.o(.text.main)
    __arm_cp.2_29                            0x080023c0   Number         4  lto-llvm-2057d0.o(.text.main)
    __arm_cp.2_31                            0x080023c4   Number         4  lto-llvm-2057d0.o(.text.main)
    __arm_cp.2_32                            0x080023c8   Number         4  lto-llvm-2057d0.o(.text.main)
    __arm_cp.2_38                            0x080023cc   Number         4  lto-llvm-2057d0.o(.text.main)
    __arm_cp.2_39                            0x080023d0   Number         4  lto-llvm-2057d0.o(.text.main)
    __arm_cp.2_40                            0x080023d4   Number         4  lto-llvm-2057d0.o(.text.main)
    __arm_cp.2_41                            0x080023d8   Number         4  lto-llvm-2057d0.o(.text.main)
    __arm_cp.2_42                            0x080023dc   Number         4  lto-llvm-2057d0.o(.text.main)
    __arm_cp.2_43                            0x080023e0   Number         4  lto-llvm-2057d0.o(.text.main)
    __arm_cp.2_44                            0x080023e4   Number         4  lto-llvm-2057d0.o(.text.main)
    __arm_cp.2_45                            0x080023e8   Number         4  lto-llvm-2057d0.o(.text.main)
    __arm_cp.2_46                            0x080023ec   Number         4  lto-llvm-2057d0.o(.text.main)
    __arm_cp.2_47                            0x080023f0   Number         4  lto-llvm-2057d0.o(.text.main)
    TRIAC_PORT                               0x080023f4   Number         0  lto-llvm-2057d0.o(.text.main)
    GATE_PIN                                 0x08002434   Number         0  lto-llvm-2057d0.o(.text.main)
    refresh_led                              0x08002455   Thumb Code    28  lto-llvm-2057d0.o(.text.refresh_led)
    [Anonymous Symbol]                       0x08002454   Section        0  lto-llvm-2057d0.o(.text.refresh_led)
    __arm_cp.1_0                             0x08002470   Number         4  lto-llvm-2057d0.o(.text.refresh_led)
    i.__scatterload_copy                     0x08002474   Section       14  handlers.o(i.__scatterload_copy)
    i.__scatterload_null                     0x08002482   Section        2  handlers.o(i.__scatterload_null)
    i.__scatterload_zeroinit                 0x08002484   Section       14  handlers.o(i.__scatterload_zeroinit)
    crc16_table                              0x08002492   Data         512  lto-llvm-2057d0.o(.rodata.crc16_table)
    [Anonymous Symbol]                       0x08002492   Section        0  lto-llvm-2057d0.o(.rodata.crc16_table)
    selected_channel                         0x20000000   Data           1  lto-llvm-2057d0.o(.data..L_MergedGlobals)
    [Anonymous Symbol]                       0x20000000   Section        0  lto-llvm-2057d0.o(.data..L_MergedGlobals)
    first_toggle                             0x20000001   Data           1  lto-llvm-2057d0.o(.data..L_MergedGlobals)
    SystemCoreClock                          0x20000004   Data           4  lto-llvm-2057d0.o(.data..L_MergedGlobals)
    snake_head                               0x20000008   Data           1  lto-llvm-2057d0.o(.bss..L_MergedGlobals.106)
    [Anonymous Symbol]                       0x20000008   Section        0  lto-llvm-2057d0.o(.bss..L_MergedGlobals.106)
    snake_counter                            0x20000009   Data           1  lto-llvm-2057d0.o(.bss..L_MergedGlobals.106)
    active_row                               0x2000000a   Data           1  lto-llvm-2057d0.o(.bss..L_MergedGlobals.106)
    toggle_state                             0x2000000b   Data           1  lto-llvm-2057d0.o(.bss..L_MergedGlobals.106)
    menu_activ                               0x2000000c   Data           1  lto-llvm-2057d0.o(.bss..L_MergedGlobals.106)
    button_select_prev                       0x2000000d   Data           1  lto-llvm-2057d0.o(.bss..L_MergedGlobals.106)
    button_onoff_prev                        0x2000000e   Data           1  lto-llvm-2057d0.o(.bss..L_MergedGlobals.106)
    my_address                               0x2000000f   Data           1  lto-llvm-2057d0.o(.bss..L_MergedGlobals.106)
    init_tf                                  0x20000010   Data           1  lto-llvm-2057d0.o(.bss..L_MergedGlobals.106)
    restart                                  0x20000011   Data           1  lto-llvm-2057d0.o(.bss..L_MergedGlobals.106)
    setup_mod                                0x20000012   Data           1  lto-llvm-2057d0.o(.bss..L_MergedGlobals.106)
    triac_start                              0x20000014   Data           2  lto-llvm-2057d0.o(.bss..L_MergedGlobals.106)
    triac_end                                0x20000016   Data           2  lto-llvm-2057d0.o(.bss..L_MergedGlobals.106)
    last_press_time                          0x20000018   Data           4  lto-llvm-2057d0.o(.bss..L_MergedGlobals.106)
    menu_timer                               0x2000001c   Data           4  lto-llvm-2057d0.o(.bss..L_MergedGlobals.106)
    last_toggle_time                         0x20000020   Data           4  lto-llvm-2057d0.o(.bss..L_MergedGlobals.106)
    uwTick                                   0x20000024   Data           4  lto-llvm-2057d0.o(.bss..L_MergedGlobals.106)
    led_states                               0x20000028   Data          16  lto-llvm-2057d0.o(.bss..L_MergedGlobals.106)
    triac_states                             0x20000038   Data          16  lto-llvm-2057d0.o(.bss..L_MergedGlobals.106)
    hcrc                                     0x20000048   Data          28  lto-llvm-2057d0.o(.bss..L_MergedGlobals.106)
    hadc                                     0x20000064   Data          64  lto-llvm-2057d0.o(.bss.hadc)
    [Anonymous Symbol]                       0x20000064   Section        0  lto-llvm-2057d0.o(.bss.hadc)
    hi2c1                                    0x200000a4   Data          84  lto-llvm-2057d0.o(.bss.hi2c1)
    [Anonymous Symbol]                       0x200000a4   Section        0  lto-llvm-2057d0.o(.bss.hi2c1)
    htim14                                   0x200000f8   Data          72  lto-llvm-2057d0.o(.bss.htim14)
    [Anonymous Symbol]                       0x200000f8   Section        0  lto-llvm-2057d0.o(.bss.htim14)
    huart1                                   0x20000140   Data         136  lto-llvm-2057d0.o(.bss.huart1)
    [Anonymous Symbol]                       0x20000140   Section        0  lto-llvm-2057d0.o(.bss.huart1)
    rec                                      0x200001c8   Data           1  lto-llvm-2057d0.o(.bss.rec)
    [Anonymous Symbol]                       0x200001c8   Section        0  lto-llvm-2057d0.o(.bss.rec)
    tfapp                                    0x200001cc   Data        1776  lto-llvm-2057d0.o(.bss.tfapp)
    [Anonymous Symbol]                       0x200001cc   Section        0  lto-llvm-2057d0.o(.bss.tfapp)
    STACK                                    0x200008c0   Section     1024  startup_stm32f030x6.o(STACK)

    Global Symbols

    Symbol Name                              Value     Ov Type        Size  Object(Section)

    BuildAttributes$$THM_ISAv3M$S$PE$A:L22$X:L11$S22$IEEE1$IW$~IW$USESV6$~STKCKD$USESV7$~SHL$OSPACE$ROPI$IEEEF$EBA8$MICROLIB$REQ8$PRES8$EABIv2 0x00000000   Number         0  anon$$obj.o ABSOLUTE
    _printf_a                                0x00000000   Number         0  printfstubs.o ABSOLUTE
    _printf_c                                0x00000000   Number         0  printfstubs.o ABSOLUTE
    _printf_charcount                        0x00000000   Number         0  printfstubs.o ABSOLUTE
    _printf_d                                0x00000000   Number         0  printfstubs.o ABSOLUTE
    _printf_e                                0x00000000   Number         0  printfstubs.o ABSOLUTE
    _printf_f                                0x00000000   Number         0  printfstubs.o ABSOLUTE
    _printf_flags                            0x00000000   Number         0  printfstubs.o ABSOLUTE
    _printf_fp_dec                           0x00000000   Number         0  printfstubs.o ABSOLUTE
    _printf_fp_hex                           0x00000000   Number         0  printfstubs.o ABSOLUTE
    _printf_g                                0x00000000   Number         0  printfstubs.o ABSOLUTE
    _printf_i                                0x00000000   Number         0  printfstubs.o ABSOLUTE
    _printf_int_dec                          0x00000000   Number         0  printfstubs.o ABSOLUTE
    _printf_l                                0x00000000   Number         0  printfstubs.o ABSOLUTE
    _printf_lc                               0x00000000   Number         0  printfstubs.o ABSOLUTE
    _printf_ll                               0x00000000   Number         0  printfstubs.o ABSOLUTE
    _printf_lld                              0x00000000   Number         0  printfstubs.o ABSOLUTE
    _printf_lli                              0x00000000   Number         0  printfstubs.o ABSOLUTE
    _printf_llo                              0x00000000   Number         0  printfstubs.o ABSOLUTE
    _printf_llu                              0x00000000   Number         0  printfstubs.o ABSOLUTE
    _printf_llx                              0x00000000   Number         0  printfstubs.o ABSOLUTE
    _printf_longlong_dec                     0x00000000   Number         0  printfstubs.o ABSOLUTE
    _printf_longlong_hex                     0x00000000   Number         0  printfstubs.o ABSOLUTE
    _printf_longlong_oct                     0x00000000   Number         0  printfstubs.o ABSOLUTE
    _printf_ls                               0x00000000   Number         0  printfstubs.o ABSOLUTE
    _printf_mbtowc                           0x00000000   Number         0  printfstubs.o ABSOLUTE
    _printf_n                                0x00000000   Number         0  printfstubs.o ABSOLUTE
    _printf_o                                0x00000000   Number         0  printfstubs.o ABSOLUTE
    _printf_p                                0x00000000   Number         0  printfstubs.o ABSOLUTE
    _printf_percent                          0x00000000   Number         0  printfstubs.o ABSOLUTE
    _printf_pre_padding                      0x00000000   Number         0  printfstubs.o ABSOLUTE
    _printf_return_value                     0x00000000   Number         0  printfstubs.o ABSOLUTE
    _printf_s                                0x00000000   Number         0  printfstubs.o ABSOLUTE
    _printf_sizespec                         0x00000000   Number         0  printfstubs.o ABSOLUTE
    _printf_str                              0x00000000   Number         0  printfstubs.o ABSOLUTE
    _printf_truncate_signed                  0x00000000   Number         0  printfstubs.o ABSOLUTE
    _printf_truncate_unsigned                0x00000000   Number         0  printfstubs.o ABSOLUTE
    _printf_u                                0x00000000   Number         0  printfstubs.o ABSOLUTE
    _printf_wc                               0x00000000   Number         0  printfstubs.o ABSOLUTE
    _printf_wctomb                           0x00000000   Number         0  printfstubs.o ABSOLUTE
    _printf_widthprec                        0x00000000   Number         0  printfstubs.o ABSOLUTE
    _printf_x                                0x00000000   Number         0  printfstubs.o ABSOLUTE
    __cpp_initialize__aeabi_                  - Undefined Weak Reference
    __cxa_finalize                            - Undefined Weak Reference
    __decompress                              - Undefined Weak Reference
    _clock_init                               - Undefined Weak Reference
    _microlib_exit                            - Undefined Weak Reference
    __Vectors_Size                           0x000000b0   Number         0  startup_stm32f030x6.o ABSOLUTE
    __Vectors                                0x08000000   Data           4  startup_stm32f030x6.o(RESET)
    __Vectors_End                            0x080000b0   Data           0  startup_stm32f030x6.o(RESET)
    __main                                   0x080000b1   Thumb Code     0  entry.o(.ARM.Collect$$$$00000000)
    _main_stk                                0x080000b1   Thumb Code     0  entry2.o(.ARM.Collect$$$$00000001)
    _main_scatterload                        0x080000b5   Thumb Code     0  entry5.o(.ARM.Collect$$$$00000004)
    __main_after_scatterload                 0x080000b9   Thumb Code     0  entry5.o(.ARM.Collect$$$$00000004)
    _main_clock                              0x080000b9   Thumb Code     0  entry7b.o(.ARM.Collect$$$$00000008)
    _main_cpp_init                           0x080000b9   Thumb Code     0  entry8b.o(.ARM.Collect$$$$0000000A)
    _main_init                               0x080000b9   Thumb Code     0  entry9a.o(.ARM.Collect$$$$0000000B)
    __rt_final_cpp                           0x080000c1   Thumb Code     0  entry10a.o(.ARM.Collect$$$$0000000D)
    __rt_final_exit                          0x080000c1   Thumb Code     0  entry11a.o(.ARM.Collect$$$$0000000F)
    Reset_Handler                            0x080000c5   Thumb Code     8  startup_stm32f030x6.o(.text)
    ADC1_IRQHandler                          0x080000d7   Thumb Code     0  startup_stm32f030x6.o(.text)
    DMA1_Channel1_IRQHandler                 0x080000d7   Thumb Code     0  startup_stm32f030x6.o(.text)
    DMA1_Channel2_3_IRQHandler               0x080000d7   Thumb Code     0  startup_stm32f030x6.o(.text)
    DMA1_Channel4_5_IRQHandler               0x080000d7   Thumb Code     0  startup_stm32f030x6.o(.text)
    EXTI0_1_IRQHandler                       0x080000d7   Thumb Code     0  startup_stm32f030x6.o(.text)
    EXTI2_3_IRQHandler                       0x080000d7   Thumb Code     0  startup_stm32f030x6.o(.text)
    EXTI4_15_IRQHandler                      0x080000d7   Thumb Code     0  startup_stm32f030x6.o(.text)
    FLASH_IRQHandler                         0x080000d7   Thumb Code     0  startup_stm32f030x6.o(.text)
    I2C1_IRQHandler                          0x080000d7   Thumb Code     0  startup_stm32f030x6.o(.text)
    RCC_IRQHandler                           0x080000d7   Thumb Code     0  startup_stm32f030x6.o(.text)
    RTC_IRQHandler                           0x080000d7   Thumb Code     0  startup_stm32f030x6.o(.text)
    SPI1_IRQHandler                          0x080000d7   Thumb Code     0  startup_stm32f030x6.o(.text)
    TIM16_IRQHandler                         0x080000d7   Thumb Code     0  startup_stm32f030x6.o(.text)
    TIM17_IRQHandler                         0x080000d7   Thumb Code     0  startup_stm32f030x6.o(.text)
    TIM1_BRK_UP_TRG_COM_IRQHandler           0x080000d7   Thumb Code     0  startup_stm32f030x6.o(.text)
    TIM1_CC_IRQHandler                       0x080000d7   Thumb Code     0  startup_stm32f030x6.o(.text)
    TIM3_IRQHandler                          0x080000d7   Thumb Code     0  startup_stm32f030x6.o(.text)
    WWDG_IRQHandler                          0x080000d7   Thumb Code     0  startup_stm32f030x6.o(.text)
    __scatterload                            0x080000e1   Thumb Code    28  init.o(.text)
    __scatterload_rt2                        0x080000e1   Thumb Code     0  init.o(.text)
    __aeabi_uidiv                            0x08000105   Thumb Code     0  uidiv_div0.o(.text)
    __aeabi_uidivmod                         0x08000105   Thumb Code    62  uidiv_div0.o(.text)
    __aeabi_memset                           0x08000143   Thumb Code    14  memseta.o(.text)
    __aeabi_memset4                          0x08000143   Thumb Code     0  memseta.o(.text)
    __aeabi_memset8                          0x08000143   Thumb Code     0  memseta.o(.text)
    __aeabi_memclr                           0x08000151   Thumb Code     4  memseta.o(.text)
    __aeabi_memclr4                          0x08000151   Thumb Code     0  memseta.o(.text)
    __aeabi_memclr8                          0x08000151   Thumb Code     0  memseta.o(.text)
    _memset$wrapper                          0x08000155   Thumb Code    18  memseta.o(.text)
    HardFault_Handler                        0x080009b5   Thumb Code     2  lto-llvm-2057d0.o(.text.HardFault_Handler)
    NMI_Handler                              0x080009b7   Thumb Code     2  lto-llvm-2057d0.o(.text.NMI_Handler)
    PendSV_Handler                           0x080009b9   Thumb Code     2  lto-llvm-2057d0.o(.text.PendSV_Handler)
    SVC_Handler                              0x080009bb   Thumb Code     2  lto-llvm-2057d0.o(.text.SVC_Handler)
    SysTick_Handler                          0x080009bd   Thumb Code    84  lto-llvm-2057d0.o(.text.SysTick_Handler)
    SystemInit                               0x08000a15   Thumb Code     2  lto-llvm-2057d0.o(.text.SystemInit)
    TIM14_IRQHandler                         0x08000dc5   Thumb Code   368  lto-llvm-2057d0.o(.text.TIM14_IRQHandler)
    USART1_IRQHandler                        0x080011b1   Thumb Code   708  lto-llvm-2057d0.o(.text.USART1_IRQHandler)
    main                                     0x08001569   Thumb Code  3656  lto-llvm-2057d0.o(.text.main)
    __scatterload_copy                       0x08002475   Thumb Code    14  handlers.o(i.__scatterload_copy)
    __scatterload_null                       0x08002483   Thumb Code     2  handlers.o(i.__scatterload_null)
    __scatterload_zeroinit                   0x08002485   Thumb Code    14  handlers.o(i.__scatterload_zeroinit)
    Region$$Table$$Base                      0x08002694   Number         0  anon$$obj.o(Region$$Table)
    Region$$Table$$Limit                     0x080026b4   Number         0  anon$$obj.o(Region$$Table)
    __initial_sp                             0x20000cc0   Data           0  startup_stm32f030x6.o(STACK)



==============================================================================

Memory Map of the image

  Image Entry point : 0x080000b1

  Load Region LR_IROM1 (Base: 0x08000000, Size: 0x000026c0, Max: 0x00008000, ABSOLUTE)

    Execution Region ER_IROM1 (Exec base: 0x08000000, Load base: 0x08000000, Size: 0x000026b4, Max: 0x00008000, ABSOLUTE)

    Exec Addr    Load Addr    Size         Type   Attr      Idx    E Section Name        Object

    0x08000000   0x08000000   0x000000b0   Data   RO            3    RESET               startup_stm32f030x6.o
    0x080000b0   0x080000b0   0x00000000   Code   RO           37  * .ARM.Collect$$$$00000000  mc_p.l(entry.o)
    0x080000b0   0x080000b0   0x00000004   Code   RO          335    .ARM.Collect$$$$00000001  mc_p.l(entry2.o)
    0x080000b4   0x080000b4   0x00000004   Code   RO          338    .ARM.Collect$$$$00000004  mc_p.l(entry5.o)
    0x080000b8   0x080000b8   0x00000000   Code   RO          340    .ARM.Collect$$$$00000008  mc_p.l(entry7b.o)
    0x080000b8   0x080000b8   0x00000000   Code   RO          342    .ARM.Collect$$$$0000000A  mc_p.l(entry8b.o)
    0x080000b8   0x080000b8   0x00000008   Code   RO          343    .ARM.Collect$$$$0000000B  mc_p.l(entry9a.o)
    0x080000c0   0x080000c0   0x00000000   Code   RO          345    .ARM.Collect$$$$0000000D  mc_p.l(entry10a.o)
    0x080000c0   0x080000c0   0x00000000   Code   RO          347    .ARM.Collect$$$$0000000F  mc_p.l(entry11a.o)
    0x080000c0   0x080000c0   0x00000004   Code   RO          336    .ARM.Collect$$$$00002712  mc_p.l(entry2.o)
    0x080000c4   0x080000c4   0x0000001c   Code   RO            4    .text               startup_stm32f030x6.o
    0x080000e0   0x080000e0   0x00000024   Code   RO          377    .text               mc_p.l(init.o)
    0x08000104   0x08000104   0x0000003e   Code   RO          382    .text               mc_p.l(uidiv_div0.o)
    0x08000142   0x08000142   0x00000024   Code   RO          491    .text               mc_p.l(memseta.o)
    0x08000166   0x08000166   0x00000002   PAD
    0x08000168   0x08000168   0x0000004c   Code   RO          408    .text.BINARY_GET_Listener  lto-llvm-2057d0.o
    0x080001b4   0x080001b4   0x00000040   Code   RO          412    .text.BINARY_RESET_Listener  lto-llvm-2057d0.o
    0x080001f4   0x080001f4   0x0000007c   Code   RO          410    .text.BINARY_SET_Listener  lto-llvm-2057d0.o
    0x08000270   0x08000270   0x0000000a   Code   RO          406    .text.Error_Handler  lto-llvm-2057d0.o
    0x0800027a   0x0800027a   0x00000002   PAD
    0x0800027c   0x0800027c   0x000000fc   Code   RO          442    .text.HAL_ADC_ConfigChannel  lto-llvm-2057d0.o
    0x08000378   0x08000378   0x0000003a   Code   RO          454    .text.HAL_DMA_Abort  lto-llvm-2057d0.o
    0x080003b2   0x080003b2   0x00000002   PAD
    0x080003b4   0x080003b4   0x00000014   Code   RO          450    .text.HAL_Delay     lto-llvm-2057d0.o
    0x080003c8   0x080003c8   0x0000019c   Code   RO          452    .text.HAL_GPIO_Init  lto-llvm-2057d0.o
    0x08000564   0x08000564   0x00000048   Code   RO          448    .text.HAL_InitTick  lto-llvm-2057d0.o
    0x080005ac   0x080005ac   0x00000004   Code   RO          456    .text.HAL_NVIC_SystemReset  lto-llvm-2057d0.o
    0x080005b0   0x080005b0   0x00000024   Code   RO          446    .text.HAL_RCC_GetPCLK1Freq  lto-llvm-2057d0.o
    0x080005d4   0x080005d4   0x00000064   Code   RO          444    .text.HAL_RCC_GetSysClockFreq  lto-llvm-2057d0.o
    0x08000638   0x08000638   0x000000c0   Code   RO          418    .text.HAL_UART_ErrorCallback  lto-llvm-2057d0.o
    0x080006f8   0x080006f8   0x000000fc   Code   RO          464    .text.HAL_UART_Receive_IT  lto-llvm-2057d0.o
    0x080007f4   0x080007f4   0x000001c0   Code   RO          416    .text.HAL_UART_RxCpltCallback  lto-llvm-2057d0.o
    0x080009b4   0x080009b4   0x00000002   Code   RO          422    .text.HardFault_Handler  lto-llvm-2057d0.o
    0x080009b6   0x080009b6   0x00000002   Code   RO          420    .text.NMI_Handler   lto-llvm-2057d0.o
    0x080009b8   0x080009b8   0x00000002   Code   RO          426    .text.PendSV_Handler  lto-llvm-2057d0.o
    0x080009ba   0x080009ba   0x00000002   Code   RO          424    .text.SVC_Handler   lto-llvm-2057d0.o
    0x080009bc   0x080009bc   0x00000058   Code   RO          428    .text.SysTick_Handler  lto-llvm-2057d0.o
    0x08000a14   0x08000a14   0x00000002   Code   RO          472    .text.SystemInit    lto-llvm-2057d0.o
    0x08000a16   0x08000a16   0x00000002   PAD
    0x08000a18   0x08000a18   0x00000030   Code   RO          434    .text.TF_AddTypeListener  lto-llvm-2057d0.o
    0x08000a48   0x08000a48   0x00000148   Code   RO          438    .text.TF_HandleReceivedMessage  lto-llvm-2057d0.o
    0x08000b90   0x08000b90   0x0000015c   Code   RO          440    .text.TF_Respond    lto-llvm-2057d0.o
    0x08000cec   0x08000cec   0x000000d8   Code   RO          414    .text.TF_WriteImpl  lto-llvm-2057d0.o
    0x08000dc4   0x08000dc4   0x00000190   Code   RO          430    .text.TIM14_IRQHandler  lto-llvm-2057d0.o
    0x08000f54   0x08000f54   0x00000016   Code   RO          470    .text.UART_DMAAbortOnError  lto-llvm-2057d0.o
    0x08000f6a   0x08000f6a   0x0000005a   Code   RO          462    .text.UART_EndRxTransfer  lto-llvm-2057d0.o
    0x08000fc4   0x08000fc4   0x000000c0   Code   RO          468    .text.UART_RxISR_16BIT  lto-llvm-2057d0.o
    0x08001084   0x08001084   0x000000c2   Code   RO          466    .text.UART_RxISR_8BIT  lto-llvm-2057d0.o
    0x08001146   0x08001146   0x00000002   PAD
    0x08001148   0x08001148   0x00000068   Code   RO          460    .text.UART_WaitOnFlagUntilTimeout  lto-llvm-2057d0.o
    0x080011b0   0x080011b0   0x000002d4   Code   RO          432    .text.USART1_IRQHandler  lto-llvm-2057d0.o
    0x08001484   0x08001484   0x0000001c   Code   RO          458    .text.__NVIC_SystemReset  lto-llvm-2057d0.o
    0x080014a0   0x080014a0   0x00000044   Code   RO          436    .text.cleanup_id_listener  lto-llvm-2057d0.o
    0x080014e4   0x080014e4   0x00000084   Code   RO          400    .text.get_address   lto-llvm-2057d0.o
    0x08001568   0x08001568   0x00000eec   Code   RO          404    .text.main          lto-llvm-2057d0.o
    0x08002454   0x08002454   0x00000020   Code   RO          402    .text.refresh_led   lto-llvm-2057d0.o
    0x08002474   0x08002474   0x0000000e   Code   RO          495    i.__scatterload_copy  mc_p.l(handlers.o)
    0x08002482   0x08002482   0x00000002   Code   RO          496    i.__scatterload_null  mc_p.l(handlers.o)
    0x08002484   0x08002484   0x0000000e   Code   RO          497    i.__scatterload_zeroinit  mc_p.l(handlers.o)
    0x08002492   0x08002492   0x00000200   Data   RO          481    .rodata.crc16_table  lto-llvm-2057d0.o
    0x08002692   0x08002692   0x00000002   PAD
    0x08002694   0x08002694   0x00000020   Data   RO          494    Region$$Table       anon$$obj.o


    Execution Region RW_IRAM1 (Exec base: 0x20000000, Load base: 0x080026b8, Size: 0x00000cc0, Max: 0x00001000, ABSOLUTE)

    Exec Addr    Load Addr    Size         Type   Attr      Idx    E Section Name        Object

    0x20000000   0x080026b8   0x00000008   Data   RW          482    .data..L_MergedGlobals  lto-llvm-2057d0.o
    0x20000008        -       0x0000005c   Zero   RW          483    .bss..L_MergedGlobals.106  lto-llvm-2057d0.o
    0x20000064        -       0x00000040   Zero   RW          476    .bss.hadc           lto-llvm-2057d0.o
    0x200000a4        -       0x00000054   Zero   RW          477    .bss.hi2c1          lto-llvm-2057d0.o
    0x200000f8        -       0x00000048   Zero   RW          479    .bss.htim14         lto-llvm-2057d0.o
    0x20000140        -       0x00000088   Zero   RW          480    .bss.huart1         lto-llvm-2057d0.o
    0x200001c8        -       0x00000001   Zero   RW          475    .bss.rec            lto-llvm-2057d0.o
    0x200001c9   0x080026c0   0x00000003   PAD
    0x200001cc        -       0x000006f0   Zero   RW          474    .bss.tfapp          lto-llvm-2057d0.o
    0x200008bc   0x080026c0   0x00000004   PAD
    0x200008c0        -       0x00000400   Zero   RW            1    STACK               startup_stm32f030x6.o


==============================================================================

Image component sizes


      Code (inc. data)   RO Data    RW Data    ZI Data      Debug   Object Name

      8964        734        512          8       2225      76996   lto-llvm-2057d0.o
        28          8        176          0       1024        620   startup_stm32f030x6.o

    ----------------------------------------------------------------------
      9000        742        722          8       3256      77616   Object Totals
         0          0         32          0          0          0   (incl. Generated)
         8          0          2          0          7          0   (incl. Padding)

    ----------------------------------------------------------------------

      Code (inc. data)   RO Data    RW Data    ZI Data      Debug   Library Member Name

         0          0          0          0          0          0   entry.o
         0          0          0          0          0          0   entry10a.o
         0          0          0          0          0          0   entry11a.o
         8          4          0          0          0          0   entry2.o
         4          0          0          0          0          0   entry5.o
         0          0          0          0          0          0   entry7b.o
         0          0          0          0          0          0   entry8b.o
         8          4          0          0          0          0   entry9a.o
        30          0          0          0          0          0   handlers.o
        36          8          0          0          0         68   init.o
        36          0          0          0          0        100   memseta.o
        62          0          0          0          0         72   uidiv_div0.o

    ----------------------------------------------------------------------
       186         16          0          0          0        240   Library Totals
         2          0          0          0          0          0   (incl. Padding)

    ----------------------------------------------------------------------

      Code (inc. data)   RO Data    RW Data    ZI Data      Debug   Library Name

       184         16          0          0          0        240   mc_p.l

    ----------------------------------------------------------------------
       186         16          0          0          0        240   Library Totals

    ----------------------------------------------------------------------

==============================================================================


      Code (inc. data)   RO Data    RW Data    ZI Data      Debug   

      9186        758        722          8       3256      78008   Grand Totals
      9186        758        722          8       3256      78008   ELF Image Totals
      9186        758        722          8          0          0   ROM Totals

==============================================================================

    Total RO  Size (Code + RO Data)                 9908 (   9.68kB)
    Total RW  Size (RW Data + ZI Data)              3264 (   3.19kB)
    Total ROM Size (Code + RO Data + RW Data)       9916 (   9.68kB)

==============================================================================

